03-19 16:59:19.012 16026 16026 I Input   : injectKeyEvent: KeyEvent { action=ACTION_UP, keyCode=KEYCODE_O, scanCode=0, metaState=0, flags=0x0, repeatCount=0, eventTime=1102358, downTime=1102358, deviceId=-1, source=0x101 }
03-19 16:59:19.027 16026 16026 I Input   : injectKeyEvent: KeyEvent { action=ACTION_DOWN, keyCode=KEYCODE_SPACE, scanCode=0, metaState=0, flags=0x0, repeatCount=0, eventTime=1102358, downTime=1102358, deviceId=-1, source=0x101 }
03-19 16:59:19.034 16026 16026 I Input   : injectKeyEvent: KeyEvent { action=ACTION_UP, keyCode=KEYCODE_SPACE, scanCode=0, metaState=0, flags=0x0, repeatCount=0, eventTime=1102358, downTime=1102358, deviceId=-1, source=0x101 }
03-19 16:59:19.043 16026 16026 I Input   : injectKeyEvent: KeyEvent { action=ACTION_DOWN, keyCode=KEYCODE_SHIFT_LEFT, scanCode=0, metaState=META_SHIFT_ON|META_SHIFT_LEFT_ON, flags=0x0, repeatCount=0, eventTime=1102358, downTime=1102358, deviceId=-1, source=0x101 }
03-19 16:59:19.047 16026 16026 I Input   : injectKeyEvent: KeyEvent { action=ACTION_DOWN, keyCode=KEYCODE_W, scanCode=0, metaState=META_SHIFT_ON|META_SHIFT_LEFT_ON, flags=0x0, repeatCount=0, eventTime=1102358, downTime=1102358, deviceId=-1, source=0x101 }
03-19 16:59:19.082  1750  1750 E HWComposer: getLayerReleaseFence failed for display -1: Invalid display
03-19 16:59:19.083  1750  1750 I chatty  : uid=1000(system) /system/bin/surfaceflinger identical 1 line
03-19 16:59:19.083  1750  1750 E HWComposer: getLayerReleaseFence failed for display -1: Invalid display
03-19 16:59:19.119  1750  1750 E HWComposer: getLayerReleaseFence failed for display -1: Invalid display
03-19 16:59:19.119  1750  1750 I chatty  : uid=1000(system) /system/bin/surfaceflinger identical 1 line
03-19 16:59:19.119  1750  1750 E HWComposer: getLayerReleaseFence failed for display -1: Invalid display
03-19 16:59:19.122  1750  1750 I chatty  : uid=1000(system) /system/bin/surfaceflinger identical 1 line
03-19 16:59:19.145 16026 16026 I Input   : injectKeyEvent: KeyEvent { action=ACTION_UP, keyCode=KEYCODE_W, scanCode=0, metaState=META_SHIFT_ON|META_SHIFT_LEFT_ON, flags=0x0, repeatCount=0, eventTime=1102358, downTime=1102358, deviceId=-1, source=0x101 }
03-19 16:59:19.147  1750  1750 E HWComposer: getLayerReleaseFence failed for display -1: Invalid display
03-19 16:59:19.147  1750  1750 I chatty  : uid=1000(system) /system/bin/surfaceflinger identical 1 line
03-19 16:59:19.147  1750  1750 E HWComposer: getLayerReleaseFence failed for display -1: Invalid display
03-19 16:59:19.158 16026 16026 I Input   : injectKeyEvent: KeyEvent { action=ACTION_UP, keyCode=KEYCODE_SHIFT_LEFT, scanCode=0, metaState=0, flags=0x0, repeatCount=0, eventTime=1102358, downTime=1102358, deviceId=-1, source=0x101 }
03-19 16:59:19.163 16026 16026 I Input   : injectKeyEvent: KeyEvent { action=ACTION_DOWN, keyCode=KEYCODE_O, scanCode=0, metaState=0, flags=0x0, repeatCount=0, eventTime=1102358, downTime=1102358, deviceId=-1, source=0x101 }
03-19 16:59:19.168 16026 16026 I Input   : injectKeyEvent: KeyEvent { action=ACTION_UP, keyCode=KEYCODE_O, scanCode=0, metaState=0, flags=0x0, repeatCount=0, eventTime=1102358, downTime=1102358, deviceId=-1, source=0x101 }
03-19 16:59:19.171 16026 16026 I Input   : injectKeyEvent: KeyEvent { action=ACTION_DOWN, keyCode=KEYCODE_R, scanCode=0, metaState=0, flags=0x0, repeatCount=0, eventTime=1102358, downTime=1102358, deviceId=-1, source=0x101 }
03-19 16:59:19.174 16026 16026 I Input   : injectKeyEvent: KeyEvent { action=ACTION_UP, keyCode=KEYCODE_R, scanCode=0, metaState=0, flags=0x0, repeatCount=0, eventTime=1102358, downTime=1102358, deviceId=-1, source=0x101 }
03-19 16:59:19.175 16026 16026 I Input   : injectKeyEvent: KeyEvent { action=ACTION_DOWN, keyCode=KEYCODE_L, scanCode=0, metaState=0, flags=0x0, repeatCount=0, eventTime=1102358, downTime=1102358, deviceId=-1, source=0x101 }
03-19 16:59:19.177 16026 16026 I Input   : injectKeyEvent: KeyEvent { action=ACTION_UP, keyCode=KEYCODE_L, scanCode=0, metaState=0, flags=0x0, repeatCount=0, eventTime=1102358, downTime=1102358, deviceId=-1, source=0x101 }
03-19 16:59:19.218  1750  1750 E HWComposer: getLayerReleaseFence failed for display -1: Invalid display
03-19 16:59:19.218  1750  1750 I chatty  : uid=1000(system) /system/bin/surfaceflinger identical 1 line
03-19 16:59:19.218  1750  1750 E HWComposer: getLayerReleaseFence failed for display -1: Invalid display
03-19 16:59:19.221  1750  1750 I chatty  : uid=1000(system) /system/bin/surfaceflinger identical 1 line
03-19 16:59:19.243 16026 16026 I Input   : injectKeyEvent: KeyEvent { action=ACTION_DOWN, keyCode=KEYCODE_D, scanCode=0, metaState=0, flags=0x0, repeatCount=0, eventTime=1102358, downTime=1102358, deviceId=-1, source=0x101 }
03-19 16:59:19.244  1750  1750 E HWComposer: getLayerReleaseFence failed for display -1: Invalid display
03-19 16:59:19.244  1750  1750 I chatty  : uid=1000(system) /system/bin/surfaceflinger identical 1 line
03-19 16:59:19.244  1750  1750 E HWComposer: getLayerReleaseFence failed for display -1: Invalid display
03-19 16:59:19.280  1750  1750 E HWComposer: getLayerReleaseFence failed for display -1: Invalid display
03-19 16:59:19.280  1750  1750 I chatty  : uid=1000(system) /system/bin/surfaceflinger identical 1 line
03-19 16:59:19.280  1750  1750 E HWComposer: getLayerReleaseFence failed for display -1: Invalid display
03-19 16:59:19.299 16026 16026 I Input   : injectKeyEvent: KeyEvent { action=ACTION_UP, keyCode=KEYCODE_D, scanCode=0, metaState=0, flags=0x0, repeatCount=0, eventTime=1102358, downTime=1102358, deviceId=-1, source=0x101 }
03-19 16:59:19.359  1750  1750 E HWComposer: getLayerReleaseFence failed for display -1: Invalid display
03-19 16:59:19.359  1750  1750 I chatty  : uid=1000(system) /system/bin/surfaceflinger identical 1 line
03-19 16:59:19.359  1750  1750 E HWComposer: getLayerReleaseFence failed for display -1: Invalid display
03-19 16:59:19.866  1750  1750 E HWComposer: getLayerReleaseFence failed for display -1: Invalid display
03-19 16:59:19.867  1750  1750 I chatty  : uid=1000(system) /system/bin/surfaceflinger identical 1 line
03-19 16:59:19.867  1750  1750 E HWComposer: getLayerReleaseFence failed for display -1: Invalid display
03-19 16:59:20.297 15573 15645 W PlayCommon: [431] aqji.l(11): No account for auth token provided
03-19 16:59:20.297 15573 15645 I PlayCommon: [431] aqji.j(251): Connecting to server: https://play.googleapis.com/play/log?format=raw&proto_v2=true
03-19 16:59:20.363  1750  1750 E HWComposer: getLayerReleaseFence failed for display -1: Invalid display
03-19 16:59:20.363  1750  1750 I chatty  : uid=1000(system) /system/bin/surfaceflinger identical 1 line
03-19 16:59:20.363  1750  1750 E HWComposer: getLayerReleaseFence failed for display -1: Invalid display
03-19 16:59:20.387 15573 15645 I PlayCommon: [431] aqji.j(286): Successfully uploaded logs.
03-19 16:59:20.702  1750  1775 E SurfaceFlinger: ro.sf.lcd_density must be defined as a build property
03-19 16:59:20.880  1750  1750 E HWComposer: getLayerReleaseFence failed for display -1: Invalid display
03-19 16:59:20.880  1750  1750 I chatty  : uid=1000(system) /system/bin/surfaceflinger identical 1 line
03-19 16:59:20.880  1750  1750 E HWComposer: getLayerReleaseFence failed for display -1: Invalid display
03-19 16:59:21.397  1750  1750 E HWComposer: getLayerReleaseFence failed for display -1: Invalid display
03-19 16:59:21.397  1750  1750 I chatty  : uid=1000(system) /system/bin/surfaceflinger identical 1 line
03-19 16:59:21.397  1750  1750 E HWComposer: getLayerReleaseFence failed for display -1: Invalid display
03-19 16:59:21.699  1918  1931 E memtrack: Couldn't load memtrack module
03-19 16:59:21.700  1918  1931 W android.os.Debug: failed to get memory consumption info: -1
03-19 16:59:21.886  1750  1750 E HWComposer: getLayerReleaseFence failed for display -1: Invalid display
03-19 16:59:21.886  1750  1750 I chatty  : uid=1000(system) /system/bin/surfaceflinger identical 1 line
03-19 16:59:21.886  1750  1750 E HWComposer: getLayerReleaseFence failed for display -1: Invalid display
03-19 16:59:22.148 15573 15636 I Finsky  : [425] bk.run(152): Initializing the instant apps module.
03-19 16:59:22.153 15573 15651 I Finsky  : [434] oij.a(936): System was updated or GL extensions were already cached.
03-19 16:59:22.168 15573 15651 I Finsky  : [434] nhh.a(231): Get APN successfully: [f-FK8ZIplrmCGwgLA5IYRKdVgTtrbZOEsUepVMGEZws]
03-19 16:59:22.173 15573 15678 I Finsky  : [454] ylb.h(14): Triggered update for experiment package com.google.android.finsky.stable.
03-19 16:59:22.177 15573 15684 I PhClient: Unable to retrieve flag snapshot for com.google.android.gms.phenotype, using defaults.
03-19 16:59:22.226 15573 15678 I Finsky  : [454] ylb.h(68): Already at the latest configurations for experiment package com.google.android.finsky.stable.
03-19 16:59:22.227 15573 15678 I Finsky  : [454] ylb.h(14): Triggered update for experiment package com.google.android.finsky.regular.
03-19 16:59:22.258 15573 15678 I Finsky  : [454] ylb.h(68): Already at the latest configurations for experiment package com.google.android.finsky.regular.
03-19 16:59:22.320 15573 15637 I android.vendin: Rejecting re-init on previously-failed class java.lang.Class<fhi>: java.lang.NoClassDefFoundError: Failed resolution of: Landroid/view/translation/ViewTranslationCallback;
03-19 16:59:22.320 15573 15637 I android.vendin:   at java.lang.Class java.lang.Class.classForName(java.lang.String, boolean, java.lang.ClassLoader) (Class.java:-2)
03-19 16:59:22.320 15573 15637 I android.vendin:   at java.lang.Class java.lang.Class.forName(java.lang.String, boolean, java.lang.ClassLoader) (Class.java:453)
03-19 16:59:22.320 15573 15637 I android.vendin:   at java.lang.Class java.lang.Class.forName(java.lang.String) (Class.java:378)
03-19 16:59:22.320 15573 15637 I android.vendin:   at void zxk.b() (PG:721)
03-19 16:59:22.320 15573 15637 I android.vendin:   at void zxk.a() (PG:19)
03-19 16:59:22.320 15573 15637 I android.vendin:   at void kzl.run() (PG:312)
03-19 16:59:22.320 15573 15637 I android.vendin:   at void java.util.concurrent.ThreadPoolExecutor.runWorker(java.util.concurrent.ThreadPoolExecutor$Worker) (ThreadPoolExecutor.java:1167)
03-19 16:59:22.320 15573 15637 I android.vendin:   at void java.util.concurrent.ThreadPoolExecutor$Worker.run() (ThreadPoolExecutor.java:641)
03-19 16:59:22.320 15573 15637 I android.vendin:   at void nhf.run() (PG:327)
03-19 16:59:22.320 15573 15637 I android.vendin:   at void java.lang.Thread.run() (Thread.java:764)
03-19 16:59:22.320 15573 15637 I android.vendin: Caused by: java.lang.ClassNotFoundException: Didn't find class "android.view.translation.ViewTranslationCallback" on path: DexPathList[[zip file "/system/framework/org.apache.http.legacy.boot.jar", zip file "/data/app/com.android.vending-ZbJTy2HOf0IKCS-aD-b8yQ==/base.apk", zip file "/data/app/com.android.vending-ZbJTy2HOf0IKCS-aD-b8yQ==/split_config.en.apk", zip file "/data/app/com.android.vending-ZbJTy2HOf0IKCS-aD-b8yQ==/split_config.x86_64.apk"],nativeLibraryDirectories=[/data/app/com.android.vending-ZbJTy2HOf0IKCS-aD-b8yQ==/lib/x86_64, /data/app/com.android.vending-ZbJTy2HOf0IKCS-aD-b8yQ==/base.apk!/lib/x86_64, /data/app/com.android.vending-ZbJTy2HOf0IKCS-aD-b8yQ==/split_config.en.apk!/lib/x86_64, /data/app/com.android.vending-ZbJTy2HOf0IKCS-aD-b8yQ==/split_config.x86_64.apk!/lib/x86_64, /system/lib64]]
03-19 16:59:22.320 15573 15637 I android.vendin:   at java.lang.Class dalvik.system.BaseDexClassLoader.findClass(java.lang.String) (BaseDexClassLoader.java:134)
03-19 16:59:22.320 15573 15637 I android.vendin:   at java.lang.Class java.lang.ClassLoader.loadClass(java.lang.String, boolean) (ClassLoader.java:379)
03-19 16:59:22.320 15573 15637 I android.vendin:   at java.lang.Class java.lang.ClassLoader.loadClass(java.lang.String) (ClassLoader.java:312)
03-19 16:59:22.320 15573 15637 I android.vendin:   at java.lang.Class java.lang.Class.classForName(java.lang.String, boolean, java.lang.ClassLoader) (Class.java:-2)
03-19 16:59:22.320 15573 15637 I android.vendin:   at java.lang.Class java.lang.Class.forName(java.lang.String, boolean, java.lang.ClassLoader) (Class.java:453)
03-19 16:59:22.320 15573 15637 I android.vendin:   at java.lang.Class java.lang.Class.forName(java.lang.String) (Class.java:378)
03-19 16:59:22.320 15573 15637 I android.vendin:   at void zxk.b() (PG:721)
03-19 16:59:22.320 15573 15637 I android.vendin:   at void zxk.a() (PG:19)
03-19 16:59:22.320 15573 15637 I android.vendin:   at void kzl.run() (PG:312)
03-19 16:59:22.320 15573 15637 I android.vendin:   at void java.util.concurrent.ThreadPoolExecutor.runWorker(java.util.concurrent.ThreadPoolExecutor$Worker) (ThreadPoolExecutor.java:1167)
03-19 16:59:22.320 15573 15637 I android.vendin:   at void java.util.concurrent.ThreadPoolExecutor$Worker.run() (ThreadPoolExecutor.java:641)
03-19 16:59:22.320 15573 15637 I android.vendin:   at void nhf.run() (PG:327)
03-19 16:59:22.320 15573 15637 I android.vendin:   at void java.lang.Thread.run() (Thread.java:764)
03-19 16:59:22.320 15573 15637 I android.vendin: 
03-19 16:59:22.320 15573 15637 I android.vendin: Rejecting re-init on previously-failed class java.lang.Class<fhi>: java.lang.NoClassDefFoundError: Failed resolution of: Landroid/view/translation/ViewTranslationCallback;
03-19 16:59:22.320 15573 15637 I android.vendin:   at java.lang.Class java.lang.Class.classForName(java.lang.String, boolean, java.lang.ClassLoader) (Class.java:-2)
03-19 16:59:22.320 15573 15637 I android.vendin:   at java.lang.Class java.lang.Class.forName(java.lang.String, boolean, java.lang.ClassLoader) (Class.java:453)
03-19 16:59:22.320 15573 15637 I android.vendin:   at java.lang.Class java.lang.Class.forName(java.lang.String) (Class.java:378)
03-19 16:59:22.320 15573 15637 I android.vendin:   at void zxk.b() (PG:721)
03-19 16:59:22.320 15573 15637 I android.vendin:   at void zxk.a() (PG:19)
03-19 16:59:22.320 15573 15637 I android.vendin:   at void kzl.run() (PG:312)
03-19 16:59:22.320 15573 15637 I android.vendin:   at void java.util.concurrent.ThreadPoolExecutor.runWorker(java.util.concurrent.ThreadPoolExecutor$Worker) (ThreadPoolExecutor.java:1167)
03-19 16:59:22.320 15573 15637 I android.vendin:   at void java.util.concurrent.ThreadPoolExecutor$Worker.run() (ThreadPoolExecutor.java:641)
03-19 16:59:22.320 15573 15637 I android.vendin:   at void nhf.run() (PG:327)
03-19 16:59:22.320 15573 15637 I android.vendin:   at void java.lang.Thread.run() (Thread.java:764)
03-19 16:59:22.320 15573 15637 I android.vendin: Caused by: java.lang.ClassNotFoundException: Didn't find class "android.view.translation.ViewTranslationCallback" on path: DexPathList[[zip file "/system/framework/org.apache.http.legacy.boot.jar", zip file "/data/app/com.android.vending-ZbJTy2HOf0IKCS-aD-b8yQ==/base.apk", zip file "/data/app/com.android.vending-ZbJTy2HOf0IKCS-aD-b8yQ==/split_config.en.apk", zip file "/data/app/com.android.vending-ZbJTy2HOf0IKCS-aD-b8yQ==/split_config.x86_64.apk"],nativeLibraryDirectories=[/data/app/com.android.vending-ZbJTy2HOf0IKCS-aD-b8yQ==/lib/x86_64, /data/app/com.android.vending-ZbJTy2HOf0IKCS-aD-b8yQ==/base.apk!/lib/x86_64, /data/app/com.android.vending-ZbJTy2HOf0IKCS-aD-b8yQ==/split_config.en.apk!/lib/x86_64, /data/app/com.android.vending-ZbJTy2HOf0IKCS-aD-b8yQ==/split_config.x86_64.apk!/lib/x86_64, /system/lib64]]
03-19 16:59:22.320 15573 15637 I android.vendin:   at java.lang.Class dalvik.system.BaseDexClassLoader.findClass(java.lang.String) (BaseDexClassLoader.java:134)
03-19 16:59:22.320 15573 15637 I android.vendin:   at java.lang.Class java.lang.ClassLoader.loadClass(java.lang.String, boolean) (ClassLoader.java:379)
03-19 16:59:22.320 15573 15637 I android.vendin:   at java.lang.Class java.lang.ClassLoader.loadClass(java.lang.String) (ClassLoader.java:312)
03-19 16:59:22.320 15573 15637 I android.vendin:   at java.lang.Class java.lang.Class.classForName(java.lang.String, boolean, java.lang.ClassLoader) (Class.java:-2)
03-19 16:59:22.320 15573 15637 I android.vendin:   at java.lang.Class java.lang.Class.forName(java.lang.String, boolean, java.lang.ClassLoader) (Class.java:453)
03-19 16:59:22.320 15573 15637 I android.vendin:   at java.lang.Class java.lang.Class.forName(java.lang.String) (Class.java:378)
03-19 16:59:22.320 15573 15637 I android.vendin:   at void zxk.b() (PG:721)
03-19 16:59:22.320 15573 15637 I android.vendin:   at void zxk.a() (PG:19)
03-19 16:59:22.320 15573 15637 I android.vendin:   at void kzl.run() (PG:312)
03-19 16:59:22.320 15573 15637 I android.vendin:   at void java.util.concurrent.ThreadPoolExecutor.runWorker(java.util.concurrent.ThreadPoolExecutor$Worker) (ThreadPoolExecutor.java:1167)
03-19 16:59:22.320 15573 15637 I android.vendin:   at void java.util.concurrent.ThreadPoolExecutor$Worker.run() (ThreadPoolExecutor.java:641)
03-19 16:59:22.320 15573 15637 I android.vendin:   at void nhf.run() (PG:327)
03-19 16:59:22.320 15573 15637 I android.vendin:   at void java.lang.Thread.run() (Thread.java:764)
03-19 16:59:22.320 15573 15637 I android.vendin: 
03-19 16:59:22.343 15573 16273 I Finsky  : [487] pcp.accept(129): Wrote row to frosting DB: 144
03-19 16:59:22.398  1750  1750 E HWComposer: getLayerReleaseFence failed for display -1: Invalid display
03-19 16:59:22.398  1750  1750 I chatty  : uid=1000(system) /system/bin/surfaceflinger identical 1 line
03-19 16:59:22.398  1750  1750 E HWComposer: getLayerReleaseFence failed for display -1: Invalid display
03-19 16:59:22.412  7584  7685 E ceiy    : Phenotype API error. Event: # enmd@83756981, EventCode: GET_STORAGE_INFO [CONTEXT service_id=51 ]
03-19 16:59:22.412  7584  7685 E ceiy    : cehe: 29514: Storage info not created for GMS or Play Store.
03-19 16:59:22.412  7584  7685 E ceiy    : 	at celf.b(:com.google.android.gms@240812026@24.08.12 (100800-608507424):821)
03-19 16:59:22.412  7584  7685 E ceiy    : 	at ceka.h(:com.google.android.gms@240812026@24.08.12 (100800-608507424):13)
03-19 16:59:22.412  7584  7685 E ceiy    : 	at ceiy.g(:com.google.android.gms@240812026@24.08.12 (100800-608507424):18)
03-19 16:59:22.412  7584  7685 E ceiy    : 	at ceiy.f(:com.google.android.gms@240812026@24.08.12 (100800-608507424):11)
03-19 16:59:22.412  7584  7685 E ceiy    : 	at bkpx.fO(:com.google.android.gms@240812026@24.08.12 (100800-608507424):1)
03-19 16:59:22.412  7584  7685 E ceiy    : 	at bkqg.run(:com.google.android.gms@240812026@24.08.12 (100800-608507424):100)
03-19 16:59:22.412  7584  7685 E ceiy    : 	at doml.run(:com.google.android.gms@240812026@24.08.12 (100800-608507424):21)
03-19 16:59:22.412  7584  7685 E ceiy    : 	at amck.c(:com.google.android.gms@240812026@24.08.12 (100800-608507424):50)
03-19 16:59:22.412  7584  7685 E ceiy    : 	at amck.run(:com.google.android.gms@240812026@24.08.12 (100800-608507424):76)
03-19 16:59:22.412  7584  7685 E ceiy    : 	at java.util.concurrent.ThreadPoolExecutor.runWorker(ThreadPoolExecutor.java:1167)
03-19 16:59:22.412  7584  7685 E ceiy    : 	at java.util.concurrent.ThreadPoolExecutor$Worker.run(ThreadPoolExecutor.java:641)
03-19 16:59:22.412  7584  7685 E ceiy    : 	at amhz.run(:com.google.android.gms@240812026@24.08.12 (100800-608507424):8)
03-19 16:59:22.412  7584  7685 E ceiy    : 	at java.lang.Thread.run(Thread.java:764)
03-19 16:59:22.413  7584  7685 W AsyncOperation: operation=GetStorageInfoGmsOperation, opStatusCode=29514 [CONTEXT service_id=51 ]
03-19 16:59:22.413  7584  7685 W AsyncOperation: OperationException[Status{statusCode=Storage info not created for GMS or Play Store., resolution=null}]
03-19 16:59:22.413  7584  7685 W AsyncOperation: 	at ceiy.g(:com.google.android.gms@240812026@24.08.12 (100800-608507424):60)
03-19 16:59:22.413  7584  7685 W AsyncOperation: 	at ceiy.f(:com.google.android.gms@240812026@24.08.12 (100800-608507424):11)
03-19 16:59:22.413  7584  7685 W AsyncOperation: 	at bkpx.fO(:com.google.android.gms@240812026@24.08.12 (100800-608507424):1)
03-19 16:59:22.413  7584  7685 W AsyncOperation: 	at bkqg.run(:com.google.android.gms@240812026@24.08.12 (100800-608507424):100)
03-19 16:59:22.413  7584  7685 W AsyncOperation: 	at doml.run(:com.google.android.gms@240812026@24.08.12 (100800-608507424):21)
03-19 16:59:22.413  7584  7685 W AsyncOperation: 	at amck.c(:com.google.android.gms@240812026@24.08.12 (100800-608507424):50)
03-19 16:59:22.413  7584  7685 W AsyncOperation: 	at amck.run(:com.google.android.gms@240812026@24.08.12 (100800-608507424):76)
03-19 16:59:22.413  7584  7685 W AsyncOperation: 	at java.util.concurrent.ThreadPoolExecutor.runWorker(ThreadPoolExecutor.java:1167)
03-19 16:59:22.413  7584  7685 W AsyncOperation: 	at java.util.concurrent.ThreadPoolExecutor$Worker.run(ThreadPoolExecutor.java:641)
03-19 16:59:22.413  7584  7685 W AsyncOperation: 	at amhz.run(:com.google.android.gms@240812026@24.08.12 (100800-608507424):8)
03-19 16:59:22.413  7584  7685 W AsyncOperation: 	at java.lang.Thread.run(Thread.java:764)
03-19 16:59:22.471 15573 15651 I Finsky  : [434] kzl.run(436): Component class com.google.android.finsky.wearsupport.WearSupportService disabled via PackageManager.
03-19 16:59:22.472 15573 15651 I Finsky  : [434] kzl.run(436): Component class com.google.android.finsky.wearsupport.WearChangeListenerService disabled via PackageManager.
03-19 16:59:22.602  1750  1775 E SurfaceFlinger: ro.sf.lcd_density must be defined as a build property
03-19 16:59:22.744 15573 15573 I Finsky  : [2] adeo.run(298): Detected restoreservicev2://recovery not needed, will not run
03-19 16:59:22.766 15573 16304 I Finsky  : [492] aqmr.e(7): registerListener
03-19 16:59:22.766 15573 16304 I Finsky  : [492] auek.V(6): getDownloads()
03-19 16:59:22.769 15573 16304 I Finsky  : [492] rz.run(33): Initialized AssetModuleDownloader.
03-19 16:59:22.782  5421  5471 I Finsky:background: [295] ovm.i(6): getDownloads()
03-19 16:59:22.900  1750  1750 E HWComposer: getLayerReleaseFence failed for display -1: Invalid display
03-19 16:59:22.900  1750  1750 I chatty  : uid=1000(system) /system/bin/surfaceflinger identical 1 line
03-19 16:59:22.900  1750  1750 E HWComposer: getLayerReleaseFence failed for display -1: Invalid display
03-19 16:59:22.975  1764  1803 E storaged: getDiskStats failed with result NOT_SUPPORTED and size 0
03-19 16:59:23.398  1750  1750 E HWComposer: getLayerReleaseFence failed for display -1: Invalid display
03-19 16:59:23.398  1750  1750 I chatty  : uid=1000(system) /system/bin/surfaceflinger identical 1 line
03-19 16:59:23.398  1750  1750 E HWComposer: getLayerReleaseFence failed for display -1: Invalid display
03-19 16:59:23.873  1750  1750 E HWComposer: getLayerReleaseFence failed for display -1: Invalid display
03-19 16:59:23.873  1750  1750 I chatty  : uid=1000(system) /system/bin/surfaceflinger identical 1 line
03-19 16:59:23.873  1750  1750 E HWComposer: getLayerReleaseFence failed for display -1: Invalid display
03-19 16:59:24.334  1750  1945 E SurfaceFlinger: ro.sf.lcd_density must be defined as a build property
03-19 16:59:24.400  1750  1750 E HWComposer: getLayerReleaseFence failed for display -1: Invalid display
03-19 16:59:24.400  1750  1750 I chatty  : uid=1000(system) /system/bin/surfaceflinger identical 1 line
03-19 16:59:24.400  1750  1750 E HWComposer: getLayerReleaseFence failed for display -1: Invalid display
03-19 16:59:24.909  1750  1750 E HWComposer: getLayerReleaseFence failed for display -1: Invalid display
03-19 16:59:24.909  1750  1750 I chatty  : uid=1000(system) /system/bin/surfaceflinger identical 1 line
03-19 16:59:24.909  1750  1750 E HWComposer: getLayerReleaseFence failed for display -1: Invalid display
03-19 16:59:25.400  1750  1750 E HWComposer: getLayerReleaseFence failed for display -1: Invalid display
03-19 16:59:25.400  1750  1750 I chatty  : uid=1000(system) /system/bin/surfaceflinger identical 1 line
03-19 16:59:25.400  1750  1750 E HWComposer: getLayerReleaseFence failed for display -1: Invalid display
03-19 16:59:25.907  1750  1750 E HWComposer: getLayerReleaseFence failed for display -1: Invalid display
03-19 16:59:25.907  1750  1750 I chatty  : uid=1000(system) /system/bin/surfaceflinger identical 1 line
03-19 16:59:25.907  1750  1750 E HWComposer: getLayerReleaseFence failed for display -1: Invalid display
03-19 16:59:26.499  1750  1750 E HWComposer: getLayerReleaseFence failed for display -1: Invalid display
03-19 16:59:26.502  1750  1750 I chatty  : uid=1000(system) /system/bin/surfaceflinger identical 1 line
03-19 16:59:26.502  1750  1750 E HWComposer: getLayerReleaseFence failed for display -1: Invalid display
03-19 16:59:26.640 16496 16496 W app_process: Unexpected CPU variant for X86 using defaults: x86_64
03-19 16:59:26.641 16496 16496 I app_process: The ClassLoaderContext is a special shared library.
03-19 16:59:26.644 16496 16496 W app_process: CheckJNI: method to register "write" not in the given class. This is slow, consider changing your RegisterNatives calls.
03-19 16:59:26.644 16496 16496 I chatty  : uid=2000(shell) main identical 42 lines
03-19 16:59:26.644 16496 16496 W app_process: CheckJNI: method to register "write" not in the given class. This is slow, consider changing your RegisterNatives calls.
03-19 16:59:26.644 16496 16496 W app_process: CheckJNI: method to register "write_non_chained" not in the given class. This is slow, consider changing your RegisterNatives calls.
03-19 16:59:26.644 16496 16496 I chatty  : uid=2000(shell) main identical 7 lines
03-19 16:59:26.644 16496 16496 W app_process: CheckJNI: method to register "write_non_chained" not in the given class. This is slow, consider changing your RegisterNatives calls.
03-19 16:59:26.671 16496 16496 I Input   : injectMotionEvent: MotionEvent { action=ACTION_DOWN, actionButton=0, id[0]=0, x[0]=300.0, y[0]=784.0, toolType[0]=TOOL_TYPE_UNKNOWN, buttonState=0, metaState=0, flags=0x0, edgeFlags=0x0, pointerCount=1, historySize=0, eventTime=1110431, downTime=1110431, deviceId=0, source=0x1002 }
03-19 16:59:26.680 16496 16496 I Input   : injectMotionEvent: MotionEvent { action=ACTION_MOVE, actionButton=0, id[0]=0, x[0]=300.0, y[0]=784.0, toolType[0]=TOOL_TYPE_UNKNOWN, buttonState=0, metaState=0, flags=0x0, edgeFlags=0x0, pointerCount=1, historySize=0, eventTime=1110431, downTime=1110431, deviceId=0, source=0x1002 }
03-19 16:59:26.690 16496 16496 I Input   : injectMotionEvent: MotionEvent { action=ACTION_MOVE, actionButton=0, id[0]=0, x[0]=300.0, y[0]=784.0, toolType[0]=TOOL_TYPE_UNKNOWN, buttonState=0, metaState=0, flags=0x0, edgeFlags=0x0, pointerCount=1, historySize=0, eventTime=1110456, downTime=1110456, deviceId=0, source=0x1002 }
03-19 16:59:26.721 16496 16496 I Input   : injectMotionEvent: MotionEvent { action=ACTION_MOVE, actionButton=0, id[0]=0, x[0]=300.0, y[0]=784.0, toolType[0]=TOOL_TYPE_UNKNOWN, buttonState=0, metaState=0, flags=0x0, edgeFlags=0x0, pointerCount=1, historySize=0, eventTime=1110486, downTime=1110486, deviceId=0, source=0x1002 }
03-19 16:59:26.744 16496 16496 I Input   : injectMotionEvent: MotionEvent { action=ACTION_MOVE, actionButton=0, id[0]=0, x[0]=300.0, y[0]=784.0, toolType[0]=TOOL_TYPE_UNKNOWN, buttonState=0, metaState=0, flags=0x0, edgeFlags=0x0, pointerCount=1, historySize=0, eventTime=1110510, downTime=1110510, deviceId=0, source=0x1002 }
03-19 16:59:26.765 16496 16496 I Input   : injectMotionEvent: MotionEvent { action=ACTION_MOVE, actionButton=0, id[0]=0, x[0]=300.0, y[0]=784.0, toolType[0]=TOOL_TYPE_UNKNOWN, buttonState=0, metaState=0, flags=0x0, edgeFlags=0x0, pointerCount=1, historySize=0, eventTime=1110530, downTime=1110530, deviceId=0, source=0x1002 }
03-19 16:59:26.775 16496 16496 I Input   : injectMotionEvent: MotionEvent { action=ACTION_MOVE, actionButton=0, id[0]=0, x[0]=300.0, y[0]=784.0, toolType[0]=TOOL_TYPE_UNKNOWN, buttonState=0, metaState=0, flags=0x0, edgeFlags=0x0, pointerCount=1, historySize=0, eventTime=1110541, downTime=1110541, deviceId=0, source=0x1002 }
03-19 16:59:26.792 16496 16496 I Input   : injectMotionEvent: MotionEvent { action=ACTION_MOVE, actionButton=0, id[0]=0, x[0]=300.0, y[0]=784.0, toolType[0]=TOOL_TYPE_UNKNOWN, buttonState=0, metaState=0, flags=0x0, edgeFlags=0x0, pointerCount=1, historySize=0, eventTime=1110558, downTime=1110558, deviceId=0, source=0x1002 }
03-19 16:59:26.816 16496 16496 I Input   : injectMotionEvent: MotionEvent { action=ACTION_MOVE, actionButton=0, id[0]=0, x[0]=300.0, y[0]=784.0, toolType[0]=TOOL_TYPE_UNKNOWN, buttonState=0, metaState=0, flags=0x0, edgeFlags=0x0, pointerCount=1, historySize=0, eventTime=1110582, downTime=1110582, deviceId=0, source=0x1002 }
03-19 16:59:26.834 16496 16496 I Input   : injectMotionEvent: MotionEvent { action=ACTION_MOVE, actionButton=0, id[0]=0, x[0]=300.0, y[0]=784.0, toolType[0]=TOOL_TYPE_UNKNOWN, buttonState=0, metaState=0, flags=0x0, edgeFlags=0x0, pointerCount=1, historySize=0, eventTime=1110599, downTime=1110599, deviceId=0, source=0x1002 }
03-19 16:59:26.867 16496 16496 I Input   : injectMotionEvent: MotionEvent { action=ACTION_UP, actionButton=0, id[0]=0, x[0]=300.0, y[0]=784.0, toolType[0]=TOOL_TYPE_UNKNOWN, buttonState=0, metaState=0, flags=0x0, edgeFlags=0x0, pointerCount=1, historySize=0, eventTime=1110632, downTime=1110632, deviceId=0, source=0x1002 }
03-19 16:59:26.867  1750  1750 E HWComposer: getLayerReleaseFence failed for display -1: Invalid display
03-19 16:59:26.867  1750  1750 I chatty  : uid=1000(system) /system/bin/surfaceflinger identical 1 line
03-19 16:59:26.867  1750  1750 E HWComposer: getLayerReleaseFence failed for display -1: Invalid display
03-19 16:59:26.879  1614  9034 W audio_hw_generic: Not supplying enough data to HAL, expected position 1667680 , only wrote 1667520
03-19 16:59:26.940  1750  1750 E HWComposer: getLayerReleaseFence failed for display -1: Invalid display
03-19 16:59:26.940  1750  1750 I chatty  : uid=1000(system) /system/bin/surfaceflinger identical 1 line
03-19 16:59:26.940  1750  1750 E HWComposer: getLayerReleaseFence failed for display -1: Invalid display
03-19 16:59:26.988  1750  1750 E HWComposer: getLayerReleaseFence failed for display -1: Invalid display
03-19 16:59:26.988  1750  1750 I chatty  : uid=1000(system) /system/bin/surfaceflinger identical 1 line
03-19 16:59:26.988  1750  1750 E HWComposer: getLayerReleaseFence failed for display -1: Invalid display
03-19 16:59:27.419  1750  1750 E HWComposer: getLayerReleaseFence failed for display -1: Invalid display
03-19 16:59:27.419  1750  1750 I chatty  : uid=1000(system) /system/bin/surfaceflinger identical 1 line
03-19 16:59:27.419  1750  1750 E HWComposer: getLayerReleaseFence failed for display -1: Invalid display
03-19 16:59:27.916  1750  1750 E HWComposer: getLayerReleaseFence failed for display -1: Invalid display
03-19 16:59:27.916  1750  1750 I chatty  : uid=1000(system) /system/bin/surfaceflinger identical 1 line
03-19 16:59:27.916  1750  1750 E HWComposer: getLayerReleaseFence failed for display -1: Invalid display
03-19 16:59:28.280  1750  1945 E SurfaceFlinger: ro.sf.lcd_density must be defined as a build property
03-19 16:59:28.424  1750  1750 E HWComposer: getLayerReleaseFence failed for display -1: Invalid display
03-19 16:59:28.424  1750  1750 I chatty  : uid=1000(system) /system/bin/surfaceflinger identical 1 line
03-19 16:59:28.424  1750  1750 E HWComposer: getLayerReleaseFence failed for display -1: Invalid display
03-19 16:59:28.944  1750  1750 E HWComposer: getLayerReleaseFence failed for display -1: Invalid display
03-19 16:59:28.944  1750  1750 I chatty  : uid=1000(system) /system/bin/surfaceflinger identical 1 line
03-19 16:59:28.944  1750  1750 E HWComposer: getLayerReleaseFence failed for display -1: Invalid display
03-19 16:59:29.422  1750  1750 E HWComposer: getLayerReleaseFence failed for display -1: Invalid display
03-19 16:59:29.422  1750  1750 I chatty  : uid=1000(system) /system/bin/surfaceflinger identical 1 line
03-19 16:59:29.422  1750  1750 E HWComposer: getLayerReleaseFence failed for display -1: Invalid display
03-19 16:59:29.910  1750  1750 E HWComposer: getLayerReleaseFence failed for display -1: Invalid display
03-19 16:59:29.911  1750  1750 I chatty  : uid=1000(system) /system/bin/surfaceflinger identical 1 line
03-19 16:59:29.911  1750  1750 E HWComposer: getLayerReleaseFence failed for display -1: Invalid display
03-19 16:59:29.949  1750  1945 E SurfaceFlinger: ro.sf.lcd_density must be defined as a build property
03-19 16:59:30.089  1614  1614 W audio_hw_generic: Not supplying enough data to HAL, expected position 1973649 , only wrote 1821600
03-19 16:59:30.447  1750  1750 E HWComposer: getLayerReleaseFence failed for display -1: Invalid display
03-19 16:59:30.447  1750  1750 I chatty  : uid=1000(system) /system/bin/surfaceflinger identical 1 line
03-19 16:59:30.447  1750  1750 E HWComposer: getLayerReleaseFence failed for display -1: Invalid display
03-19 16:59:30.939  1750  1750 E HWComposer: getLayerReleaseFence failed for display -1: Invalid display
03-19 16:59:30.939  1750  1750 I chatty  : uid=1000(system) /system/bin/surfaceflinger identical 1 line
03-19 16:59:30.939  1750  1750 E HWComposer: getLayerReleaseFence failed for display -1: Invalid display
03-19 16:59:31.498  1750  1750 E HWComposer: getLayerReleaseFence failed for display -1: Invalid display
03-19 16:59:31.498  1750  1750 I chatty  : uid=1000(system) /system/bin/surfaceflinger identical 1 line
03-19 16:59:31.498  1750  1750 E HWComposer: getLayerReleaseFence failed for display -1: Invalid display
03-19 16:59:31.663  1750  1945 E SurfaceFlinger: ro.sf.lcd_density must be defined as a build property
03-19 16:59:31.956  1750  1750 E HWComposer: getLayerReleaseFence failed for display -1: Invalid display
03-19 16:59:31.956  1750  1750 I chatty  : uid=1000(system) /system/bin/surfaceflinger identical 1 line
03-19 16:59:31.956  1750  1750 E HWComposer: getLayerReleaseFence failed for display -1: Invalid display
03-19 16:59:32.482  1750  1750 E HWComposer: getLayerReleaseFence failed for display -1: Invalid display
03-19 16:59:32.482  1750  1750 I chatty  : uid=1000(system) /system/bin/surfaceflinger identical 1 line
03-19 16:59:32.482  1750  1750 E HWComposer: getLayerReleaseFence failed for display -1: Invalid display
03-19 16:59:32.662  1918  2852 I ActivityManager: Killing 4906:com.android.keychain/1000 (adj 906): empty #17
03-19 16:59:32.662  1918  1935 W libprocessgroup: kill(-4906, 9) failed: No such process
03-19 16:59:32.668  1918  1931 E memtrack: Couldn't load memtrack module
03-19 16:59:32.668  1918  1931 W android.os.Debug: failed to get memory consumption info: -1
03-19 16:59:32.704  1918  1935 W libprocessgroup: kill(-4906, 9) failed: No such process
03-19 16:59:32.714  1751  1751 I Zygote  : Process 4906 exited due to signal (9)
03-19 16:59:32.744  1918  1935 W libprocessgroup: kill(-4906, 9) failed: No such process
03-19 16:59:32.744  1918  1935 I libprocessgroup: Successfully killed process cgroup uid 1000 pid 4906 in 81ms
03-19 16:59:32.955  1750  1750 E HWComposer: getLayerReleaseFence failed for display -1: Invalid display
03-19 16:59:32.955  1750  1750 I chatty  : uid=1000(system) /system/bin/surfaceflinger identical 1 line
03-19 16:59:32.955  1750  1750 E HWComposer: getLayerReleaseFence failed for display -1: Invalid display
03-19 16:59:33.479  1750  1750 E HWComposer: getLayerReleaseFence failed for display -1: Invalid display
03-19 16:59:33.479  1750  1750 I chatty  : uid=1000(system) /system/bin/surfaceflinger identical 1 line
03-19 16:59:33.479  1750  1750 E HWComposer: getLayerReleaseFence failed for display -1: Invalid display
03-19 16:59:33.641 16868 16868 W app_process: Unexpected CPU variant for X86 using defaults: x86_64
03-19 16:59:33.642 16868 16868 I app_process: The ClassLoaderContext is a special shared library.
03-19 16:59:33.646 16868 16868 W app_process: CheckJNI: method to register "write" not in the given class. This is slow, consider changing your RegisterNatives calls.
03-19 16:59:33.646 16868 16868 I chatty  : uid=2000(shell) main identical 42 lines
03-19 16:59:33.646 16868 16868 W app_process: CheckJNI: method to register "write" not in the given class. This is slow, consider changing your RegisterNatives calls.
03-19 16:59:33.646 16868 16868 W app_process: CheckJNI: method to register "write_non_chained" not in the given class. This is slow, consider changing your RegisterNatives calls.
03-19 16:59:33.646 16868 16868 I chatty  : uid=2000(shell) main identical 7 lines
03-19 16:59:33.646 16868 16868 W app_process: CheckJNI: method to register "write_non_chained" not in the given class. This is slow, consider changing your RegisterNatives calls.
03-19 16:59:33.671 16868 16868 I Input   : injectMotionEvent: MotionEvent { action=ACTION_DOWN, actionButton=0, id[0]=0, x[0]=353.0, y[0]=916.0, toolType[0]=TOOL_TYPE_UNKNOWN, buttonState=0, metaState=0, flags=0x0, edgeFlags=0x0, pointerCount=1, historySize=0, eventTime=1117425, downTime=1117425, deviceId=0, source=0x1002 }
03-19 16:59:33.677 16868 16868 I Input   : injectMotionEvent: MotionEvent { action=ACTION_MOVE, actionButton=0, id[0]=0, x[0]=353.0, y[0]=916.0, toolType[0]=TOOL_TYPE_UNKNOWN, buttonState=0, metaState=0, flags=0x0, edgeFlags=0x0, pointerCount=1, historySize=0, eventTime=1117425, downTime=1117425, deviceId=0, source=0x1002 }
03-19 16:59:33.685 16868 16868 I Input   : injectMotionEvent: MotionEvent { action=ACTION_MOVE, actionButton=0, id[0]=0, x[0]=353.0, y[0]=916.0, toolType[0]=TOOL_TYPE_UNKNOWN, buttonState=0, metaState=0, flags=0x0, edgeFlags=0x0, pointerCount=1, historySize=0, eventTime=1117451, downTime=1117451, deviceId=0, source=0x1002 }
03-19 16:59:33.710 16868 16868 I Input   : injectMotionEvent: MotionEvent { action=ACTION_MOVE, actionButton=0, id[0]=0, x[0]=353.0, y[0]=916.0, toolType[0]=TOOL_TYPE_UNKNOWN, buttonState=0, metaState=0, flags=0x0, edgeFlags=0x0, pointerCount=1, historySize=0, eventTime=1117475, downTime=1117475, deviceId=0, source=0x1002 }
03-19 16:59:33.723 16868 16868 I Input   : injectMotionEvent: MotionEvent { action=ACTION_MOVE, actionButton=0, id[0]=0, x[0]=353.0, y[0]=916.0, toolType[0]=TOOL_TYPE_UNKNOWN, buttonState=0, metaState=0, flags=0x0, edgeFlags=0x0, pointerCount=1, historySize=0, eventTime=1117488, downTime=1117488, deviceId=0, source=0x1002 }
03-19 16:59:33.735 16868 16868 I Input   : injectMotionEvent: MotionEvent { action=ACTION_MOVE, actionButton=0, id[0]=0, x[0]=353.0, y[0]=916.0, toolType[0]=TOOL_TYPE_UNKNOWN, buttonState=0, metaState=0, flags=0x0, edgeFlags=0x0, pointerCount=1, historySize=0, eventTime=1117501, downTime=1117501, deviceId=0, source=0x1002 }
03-19 16:59:33.752 16868 16868 I Input   : injectMotionEvent: MotionEvent { action=ACTION_MOVE, actionButton=0, id[0]=0, x[0]=353.0, y[0]=916.0, toolType[0]=TOOL_TYPE_UNKNOWN, buttonState=0, metaState=0, flags=0x0, edgeFlags=0x0, pointerCount=1, historySize=0, eventTime=1117518, downTime=1117518, deviceId=0, source=0x1002 }
03-19 16:59:33.769 16868 16868 I Input   : injectMotionEvent: MotionEvent { action=ACTION_MOVE, actionButton=0, id[0]=0, x[0]=353.0, y[0]=916.0, toolType[0]=TOOL_TYPE_UNKNOWN, buttonState=0, metaState=0, flags=0x0, edgeFlags=0x0, pointerCount=1, historySize=0, eventTime=1117535, downTime=1117535, deviceId=0, source=0x1002 }
03-19 16:59:33.787 16868 16868 I Input   : injectMotionEvent: MotionEvent { action=ACTION_MOVE, actionButton=0, id[0]=0, x[0]=353.0, y[0]=916.0, toolType[0]=TOOL_TYPE_UNKNOWN, buttonState=0, metaState=0, flags=0x0, edgeFlags=0x0, pointerCount=1, historySize=0, eventTime=1117553, downTime=1117553, deviceId=0, source=0x1002 }
03-19 16:59:33.812 16868 16868 I Input   : injectMotionEvent: MotionEvent { action=ACTION_MOVE, actionButton=0, id[0]=0, x[0]=353.0, y[0]=916.0, toolType[0]=TOOL_TYPE_UNKNOWN, buttonState=0, metaState=0, flags=0x0, edgeFlags=0x0, pointerCount=1, historySize=0, eventTime=1117578, downTime=1117578, deviceId=0, source=0x1002 }
03-19 16:59:33.837 16868 16868 I Input   : injectMotionEvent: MotionEvent { action=ACTION_MOVE, actionButton=0, id[0]=0, x[0]=353.0, y[0]=916.0, toolType[0]=TOOL_TYPE_UNKNOWN, buttonState=0, metaState=0, flags=0x0, edgeFlags=0x0, pointerCount=1, historySize=0, eventTime=1117603, downTime=1117603, deviceId=0, source=0x1002 }
03-19 16:59:33.857  1750  1750 E HWComposer: getLayerReleaseFence failed for display -1: Invalid display
03-19 16:59:33.857  1750  1750 I chatty  : uid=1000(system) /system/bin/surfaceflinger identical 1 line
03-19 16:59:33.857  1750  1750 E HWComposer: getLayerReleaseFence failed for display -1: Invalid display
03-19 16:59:33.860 16868 16868 I Input   : injectMotionEvent: MotionEvent { action=ACTION_UP, actionButton=0, id[0]=0, x[0]=353.0, y[0]=916.0, toolType[0]=TOOL_TYPE_UNKNOWN, buttonState=0, metaState=0, flags=0x0, edgeFlags=0x0, pointerCount=1, historySize=0, eventTime=1117626, downTime=1117626, deviceId=0, source=0x1002 }
03-19 16:59:33.868  1614  9034 W audio_hw_generic: Not supplying enough data to HAL, expected position 1821758 , only wrote 1821600
03-19 16:59:33.922  1750  1750 E HWComposer: getLayerReleaseFence failed for display -1: Invalid display
03-19 16:59:33.923  1750  1750 I chatty  : uid=1000(system) /system/bin/surfaceflinger identical 1 line
03-19 16:59:33.923  1750  1750 E HWComposer: getLayerReleaseFence failed for display -1: Invalid display
03-19 16:59:34.002  1750  1750 E HWComposer: getLayerReleaseFence failed for display -1: Invalid display
03-19 16:59:34.002  1750  1750 I chatty  : uid=1000(system) /system/bin/surfaceflinger identical 1 line
03-19 16:59:34.002  1750  1750 E HWComposer: getLayerReleaseFence failed for display -1: Invalid display
03-19 16:59:34.515  1750  1750 E HWComposer: getLayerReleaseFence failed for display -1: Invalid display
03-19 16:59:34.515  1750  1750 I chatty  : uid=1000(system) /system/bin/surfaceflinger identical 1 line
03-19 16:59:34.515  1750  1750 E HWComposer: getLayerReleaseFence failed for display -1: Invalid display
03-19 16:59:35.029  1750  1750 E HWComposer: getLayerReleaseFence failed for display -1: Invalid display
03-19 16:59:35.029  1750  1750 I chatty  : uid=1000(system) /system/bin/surfaceflinger identical 1 line
03-19 16:59:35.029  1750  1750 E HWComposer: getLayerReleaseFence failed for display -1: Invalid display
03-19 16:59:35.189  1750  1945 E SurfaceFlinger: ro.sf.lcd_density must be defined as a build property
03-19 16:59:35.526  1750  1750 E HWComposer: getLayerReleaseFence failed for display -1: Invalid display
03-19 16:59:35.526  1750  1750 I chatty  : uid=1000(system) /system/bin/surfaceflinger identical 1 line
03-19 16:59:35.526  1750  1750 E HWComposer: getLayerReleaseFence failed for display -1: Invalid display
03-19 16:59:36.029  1750  1750 E HWComposer: getLayerReleaseFence failed for display -1: Invalid display
03-19 16:59:36.029  1750  1750 I chatty  : uid=1000(system) /system/bin/surfaceflinger identical 1 line
03-19 16:59:36.029  1750  1750 E HWComposer: getLayerReleaseFence failed for display -1: Invalid display
03-19 16:59:36.546  1750  1750 E HWComposer: getLayerReleaseFence failed for display -1: Invalid display
03-19 16:59:36.546  1750  1750 I chatty  : uid=1000(system) /system/bin/surfaceflinger identical 1 line
03-19 16:59:36.546  1750  1750 E HWComposer: getLayerReleaseFence failed for display -1: Invalid display
03-19 16:59:37.048  1750  1750 E HWComposer: getLayerReleaseFence failed for display -1: Invalid display
03-19 16:59:37.048  1750  1750 I chatty  : uid=1000(system) /system/bin/surfaceflinger identical 1 line
03-19 16:59:37.048  1750  1750 E HWComposer: getLayerReleaseFence failed for display -1: Invalid display
03-19 16:59:37.079  1614  1614 W audio_hw_generic: Not supplying enough data to HAL, expected position 2127903 , only wrote 1975680
03-19 16:59:37.085  1750  1945 E SurfaceFlinger: ro.sf.lcd_density must be defined as a build property
03-19 16:59:37.523  1750  1750 E HWComposer: getLayerReleaseFence failed for display -1: Invalid display
03-19 16:59:37.523  1750  1750 I chatty  : uid=1000(system) /system/bin/surfaceflinger identical 1 line
03-19 16:59:37.523  1750  1750 E HWComposer: getLayerReleaseFence failed for display -1: Invalid display
03-19 16:59:38.028  1750  1750 E HWComposer: getLayerReleaseFence failed for display -1: Invalid display
03-19 16:59:38.028  1750  1750 I chatty  : uid=1000(system) /system/bin/surfaceflinger identical 1 line
03-19 16:59:38.028  1750  1750 E HWComposer: getLayerReleaseFence failed for display -1: Invalid display
03-19 16:59:38.557  1750  1750 E HWComposer: getLayerReleaseFence failed for display -1: Invalid display
03-19 16:59:38.557  1750  1750 I chatty  : uid=1000(system) /system/bin/surfaceflinger identical 1 line
03-19 16:59:38.557  1750  1750 E HWComposer: getLayerReleaseFence failed for display -1: Invalid display
03-19 16:59:38.744  1750  1945 E SurfaceFlinger: ro.sf.lcd_density must be defined as a build property
03-19 16:59:39.032  1750  1750 E HWComposer: getLayerReleaseFence failed for display -1: Invalid display
03-19 16:59:39.032  1750  1750 I chatty  : uid=1000(system) /system/bin/surfaceflinger identical 1 line
03-19 16:59:39.032  1750  1750 E HWComposer: getLayerReleaseFence failed for display -1: Invalid display
03-19 16:59:39.560  1750  1750 E HWComposer: getLayerReleaseFence failed for display -1: Invalid display
03-19 16:59:39.560  1750  1750 I chatty  : uid=1000(system) /system/bin/surfaceflinger identical 1 line
03-19 16:59:39.560  1750  1750 E HWComposer: getLayerReleaseFence failed for display -1: Invalid display
03-19 16:59:40.077  1750  1750 E HWComposer: getLayerReleaseFence failed for display -1: Invalid display
03-19 16:59:40.077  1750  1750 I chatty  : uid=1000(system) /system/bin/surfaceflinger identical 1 line
03-19 16:59:40.077  1750  1750 E HWComposer: getLayerReleaseFence failed for display -1: Invalid display
03-19 16:59:40.545  1750  1750 E HWComposer: getLayerReleaseFence failed for display -1: Invalid display
03-19 16:59:40.545  1750  1750 I chatty  : uid=1000(system) /system/bin/surfaceflinger identical 1 line
03-19 16:59:40.545  1750  1750 E HWComposer: getLayerReleaseFence failed for display -1: Invalid display
03-19 16:59:40.787 17243 17243 W app_process: Unexpected CPU variant for X86 using defaults: x86_64
03-19 16:59:40.788 17243 17243 I app_process: The ClassLoaderContext is a special shared library.
03-19 16:59:40.791 17243 17243 W app_process: CheckJNI: method to register "write" not in the given class. This is slow, consider changing your RegisterNatives calls.
03-19 16:59:40.791 17243 17243 I chatty  : uid=2000(shell) main identical 42 lines
03-19 16:59:40.791 17243 17243 W app_process: CheckJNI: method to register "write" not in the given class. This is slow, consider changing your RegisterNatives calls.
03-19 16:59:40.791 17243 17243 W app_process: CheckJNI: method to register "write_non_chained" not in the given class. This is slow, consider changing your RegisterNatives calls.
03-19 16:59:40.791 17243 17243 I chatty  : uid=2000(shell) main identical 7 lines
03-19 16:59:40.791 17243 17243 W app_process: CheckJNI: method to register "write_non_chained" not in the given class. This is slow, consider changing your RegisterNatives calls.
03-19 16:59:40.802 17243 17243 I Input   : injectMotionEvent: MotionEvent { action=ACTION_DOWN, actionButton=0, id[0]=0, x[0]=300.0, y[0]=784.0, toolType[0]=TOOL_TYPE_UNKNOWN, buttonState=0, metaState=0, flags=0x0, edgeFlags=0x0, pointerCount=1, historySize=0, eventTime=1124565, downTime=1124565, deviceId=0, source=0x1002 }
03-19 16:59:40.805 17243 17243 I Input   : injectMotionEvent: MotionEvent { action=ACTION_MOVE, actionButton=0, id[0]=0, x[0]=300.0, y[0]=784.0, toolType[0]=TOOL_TYPE_UNKNOWN, buttonState=0, metaState=0, flags=0x0, edgeFlags=0x0, pointerCount=1, historySize=0, eventTime=1124565, downTime=1124565, deviceId=0, source=0x1002 }
03-19 16:59:40.815 17243 17243 I Input   : injectMotionEvent: MotionEvent { action=ACTION_MOVE, actionButton=0, id[0]=0, x[0]=300.0, y[0]=784.0, toolType[0]=TOOL_TYPE_UNKNOWN, buttonState=0, metaState=0, flags=0x0, edgeFlags=0x0, pointerCount=1, historySize=0, eventTime=1124581, downTime=1124581, deviceId=0, source=0x1002 }
03-19 16:59:40.842 17243 17243 I Input   : injectMotionEvent: MotionEvent { action=ACTION_MOVE, actionButton=0, id[0]=0, x[0]=300.0, y[0]=784.0, toolType[0]=TOOL_TYPE_UNKNOWN, buttonState=0, metaState=0, flags=0x0, edgeFlags=0x0, pointerCount=1, historySize=0, eventTime=1124607, downTime=1124607, deviceId=0, source=0x1002 }
03-19 16:59:40.849 17243 17243 I Input   : injectMotionEvent: MotionEvent { action=ACTION_MOVE, actionButton=0, id[0]=0, x[0]=300.0, y[0]=784.0, toolType[0]=TOOL_TYPE_UNKNOWN, buttonState=0, metaState=0, flags=0x0, edgeFlags=0x0, pointerCount=1, historySize=0, eventTime=1124614, downTime=1124614, deviceId=0, source=0x1002 }
03-19 16:59:40.866 17243 17243 I Input   : injectMotionEvent: MotionEvent { action=ACTION_MOVE, actionButton=0, id[0]=0, x[0]=300.0, y[0]=784.0, toolType[0]=TOOL_TYPE_UNKNOWN, buttonState=0, metaState=0, flags=0x0, edgeFlags=0x0, pointerCount=1, historySize=0, eventTime=1124632, downTime=1124632, deviceId=0, source=0x1002 }
03-19 16:59:40.883 17243 17243 I Input   : injectMotionEvent: MotionEvent { action=ACTION_MOVE, actionButton=0, id[0]=0, x[0]=300.0, y[0]=784.0, toolType[0]=TOOL_TYPE_UNKNOWN, buttonState=0, metaState=0, flags=0x0, edgeFlags=0x0, pointerCount=1, historySize=0, eventTime=1124649, downTime=1124649, deviceId=0, source=0x1002 }
03-19 16:59:40.900 17243 17243 I Input   : injectMotionEvent: MotionEvent { action=ACTION_MOVE, actionButton=0, id[0]=0, x[0]=300.0, y[0]=784.0, toolType[0]=TOOL_TYPE_UNKNOWN, buttonState=0, metaState=0, flags=0x0, edgeFlags=0x0, pointerCount=1, historySize=0, eventTime=1124665, downTime=1124665, deviceId=0, source=0x1002 }
