03-19 16:57:17.825 10960 10960 W app_process: Unexpected CPU variant for X86 using defaults: x86_64
03-19 16:57:17.826 10960 10960 I app_process: The ClassLoaderContext is a special shared library.
03-19 16:57:17.828 10960 10960 W app_process: CheckJNI: method to register "write" not in the given class. This is slow, consider changing your RegisterNatives calls.
03-19 16:57:17.828 10960 10960 I chatty  : uid=2000(shell) main identical 42 lines
03-19 16:57:17.828 10960 10960 W app_process: CheckJNI: method to register "write" not in the given class. This is slow, consider changing your RegisterNatives calls.
03-19 16:57:17.828 10960 10960 W app_process: CheckJNI: method to register "write_non_chained" not in the given class. This is slow, consider changing your RegisterNatives calls.
03-19 16:57:17.828 10960 10960 I chatty  : uid=2000(shell) main identical 7 lines
03-19 16:57:17.828 10960 10960 W app_process: CheckJNI: method to register "write_non_chained" not in the given class. This is slow, consider changing your RegisterNatives calls.
03-19 16:57:17.839 10960 10960 I Input   : injectMotionEvent: MotionEvent { action=ACTION_DOWN, actionButton=0, id[0]=0, x[0]=540.0, y[0]=1243.0, toolType[0]=TOOL_TYPE_UNKNOWN, buttonState=0, metaState=0, flags=0x0, edgeFlags=0x0, pointerCount=1, historySize=0, eventTime=981603, downTime=981603, deviceId=0, source=0x1002 }
03-19 16:57:17.856 10960 10960 I Input   : injectMotionEvent: MotionEvent { action=ACTION_MOVE, actionButton=0, id[0]=0, x[0]=540.0, y[0]=1243.0, toolType[0]=TOOL_TYPE_UNKNOWN, buttonState=0, metaState=0, flags=0x0, edgeFlags=0x0, pointerCount=1, historySize=0, eventTime=981603, downTime=981603, deviceId=0, source=0x1002 }
03-19 16:57:17.874 10960 10960 I Input   : injectMotionEvent: MotionEvent { action=ACTION_MOVE, actionButton=0, id[0]=0, x[0]=540.0, y[0]=1243.0, toolType[0]=TOOL_TYPE_UNKNOWN, buttonState=0, metaState=0, flags=0x0, edgeFlags=0x0, pointerCount=1, historySize=0, eventTime=981640, downTime=981640, deviceId=0, source=0x1002 }
03-19 16:57:17.908 10960 10960 I Input   : injectMotionEvent: MotionEvent { action=ACTION_MOVE, actionButton=0, id[0]=0, x[0]=540.0, y[0]=1243.0, toolType[0]=TOOL_TYPE_UNKNOWN, buttonState=0, metaState=0, flags=0x0, edgeFlags=0x0, pointerCount=1, historySize=0, eventTime=981671, downTime=981671, deviceId=0, source=0x1002 }
03-19 16:57:17.919  1750  1750 E HWComposer: getLayerReleaseFence failed for display -1: Invalid display
03-19 16:57:17.919  1750  1750 I chatty  : uid=1000(system) /system/bin/surfaceflinger identical 1 line
03-19 16:57:17.919  1750  1750 E HWComposer: getLayerReleaseFence failed for display -1: Invalid display
03-19 16:57:17.926 10960 10960 I Input   : injectMotionEvent: MotionEvent { action=ACTION_MOVE, actionButton=0, id[0]=0, x[0]=540.0, y[0]=1243.0, toolType[0]=TOOL_TYPE_UNKNOWN, buttonState=0, metaState=0, flags=0x0, edgeFlags=0x0, pointerCount=1, historySize=0, eventTime=981691, downTime=981691, deviceId=0, source=0x1002 }
03-19 16:57:17.940 10960 10960 I Input   : injectMotionEvent: MotionEvent { action=ACTION_MOVE, actionButton=0, id[0]=0, x[0]=540.0, y[0]=1243.0, toolType[0]=TOOL_TYPE_UNKNOWN, buttonState=0, metaState=0, flags=0x0, edgeFlags=0x0, pointerCount=1, historySize=0, eventTime=981706, downTime=981706, deviceId=0, source=0x1002 }
03-19 16:57:17.957 10960 10960 I Input   : injectMotionEvent: MotionEvent { action=ACTION_MOVE, actionButton=0, id[0]=0, x[0]=540.0, y[0]=1243.0, toolType[0]=TOOL_TYPE_UNKNOWN, buttonState=0, metaState=0, flags=0x0, edgeFlags=0x0, pointerCount=1, historySize=0, eventTime=981723, downTime=981723, deviceId=0, source=0x1002 }
03-19 16:57:17.975 10960 10960 I Input   : injectMotionEvent: MotionEvent { action=ACTION_MOVE, actionButton=0, id[0]=0, x[0]=540.0, y[0]=1243.0, toolType[0]=TOOL_TYPE_UNKNOWN, buttonState=0, metaState=0, flags=0x0, edgeFlags=0x0, pointerCount=1, historySize=0, eventTime=981741, downTime=981741, deviceId=0, source=0x1002 }
03-19 16:57:18.010  1750  1750 E HWComposer: getLayerReleaseFence failed for display -1: Invalid display
03-19 16:57:18.010  1750  1750 I chatty  : uid=1000(system) /system/bin/surfaceflinger identical 1 line
03-19 16:57:18.010  1750  1750 E HWComposer: getLayerReleaseFence failed for display -1: Invalid display
03-19 16:57:18.014 10960 10960 I Input   : injectMotionEvent: MotionEvent { action=ACTION_MOVE, actionButton=0, id[0]=0, x[0]=540.0, y[0]=1243.0, toolType[0]=TOOL_TYPE_UNKNOWN, buttonState=0, metaState=0, flags=0x0, edgeFlags=0x0, pointerCount=1, historySize=0, eventTime=981780, downTime=981780, deviceId=0, source=0x1002 }
03-19 16:57:18.026 10960 10960 I Input   : injectMotionEvent: MotionEvent { action=ACTION_MOVE, actionButton=0, id[0]=0, x[0]=540.0, y[0]=1243.0, toolType[0]=TOOL_TYPE_UNKNOWN, buttonState=0, metaState=0, flags=0x0, edgeFlags=0x0, pointerCount=1, historySize=0, eventTime=981791, downTime=981791, deviceId=0, source=0x1002 }
03-19 16:57:18.043 10960 10960 I Input   : injectMotionEvent: MotionEvent { action=ACTION_MOVE, actionButton=0, id[0]=0, x[0]=540.0, y[0]=1243.0, toolType[0]=TOOL_TYPE_UNKNOWN, buttonState=0, metaState=0, flags=0x0, edgeFlags=0x0, pointerCount=1, historySize=0, eventTime=981809, downTime=981809, deviceId=0, source=0x1002 }
03-19 16:57:18.059 10960 10960 I Input   : injectMotionEvent: MotionEvent { action=ACTION_MOVE, actionButton=0, id[0]=0, x[0]=540.0, y[0]=1243.0, toolType[0]=TOOL_TYPE_UNKNOWN, buttonState=0, metaState=0, flags=0x0, edgeFlags=0x0, pointerCount=1, historySize=0, eventTime=981825, downTime=981825, deviceId=0, source=0x1002 }
03-19 16:57:18.076 10960 10960 I Input   : injectMotionEvent: MotionEvent { action=ACTION_MOVE, actionButton=0, id[0]=0, x[0]=540.0, y[0]=1243.0, toolType[0]=TOOL_TYPE_UNKNOWN, buttonState=0, metaState=0, flags=0x0, edgeFlags=0x0, pointerCount=1, historySize=0, eventTime=981842, downTime=981842, deviceId=0, source=0x1002 }
03-19 16:57:18.094 10960 10960 I Input   : injectMotionEvent: MotionEvent { action=ACTION_MOVE, actionButton=0, id[0]=0, x[0]=540.0, y[0]=1243.0, toolType[0]=TOOL_TYPE_UNKNOWN, buttonState=0, metaState=0, flags=0x0, edgeFlags=0x0, pointerCount=1, historySize=0, eventTime=981859, downTime=981859, deviceId=0, source=0x1002 }
03-19 16:57:18.111 10960 10960 I Input   : injectMotionEvent: MotionEvent { action=ACTION_MOVE, actionButton=0, id[0]=0, x[0]=540.0, y[0]=1243.0, toolType[0]=TOOL_TYPE_UNKNOWN, buttonState=0, metaState=0, flags=0x0, edgeFlags=0x0, pointerCount=1, historySize=0, eventTime=981877, downTime=981877, deviceId=0, source=0x1002 }
03-19 16:57:18.128 10960 10960 I Input   : injectMotionEvent: MotionEvent { action=ACTION_MOVE, actionButton=0, id[0]=0, x[0]=540.0, y[0]=1243.0, toolType[0]=TOOL_TYPE_UNKNOWN, buttonState=0, metaState=0, flags=0x0, edgeFlags=0x0, pointerCount=1, historySize=0, eventTime=981893, downTime=981893, deviceId=0, source=0x1002 }
03-19 16:57:18.145 10960 10960 I Input   : injectMotionEvent: MotionEvent { action=ACTION_MOVE, actionButton=0, id[0]=0, x[0]=540.0, y[0]=1243.0, toolType[0]=TOOL_TYPE_UNKNOWN, buttonState=0, metaState=0, flags=0x0, edgeFlags=0x0, pointerCount=1, historySize=0, eventTime=981911, downTime=981911, deviceId=0, source=0x1002 }
03-19 16:57:18.162 10960 10960 I Input   : injectMotionEvent: MotionEvent { action=ACTION_MOVE, actionButton=0, id[0]=0, x[0]=540.0, y[0]=1243.0, toolType[0]=TOOL_TYPE_UNKNOWN, buttonState=0, metaState=0, flags=0x0, edgeFlags=0x0, pointerCount=1, historySize=0, eventTime=981928, downTime=981928, deviceId=0, source=0x1002 }
03-19 16:57:18.179 10960 10960 I Input   : injectMotionEvent: MotionEvent { action=ACTION_MOVE, actionButton=0, id[0]=0, x[0]=540.0, y[0]=1243.0, toolType[0]=TOOL_TYPE_UNKNOWN, buttonState=0, metaState=0, flags=0x0, edgeFlags=0x0, pointerCount=1, historySize=0, eventTime=981945, downTime=981945, deviceId=0, source=0x1002 }
03-19 16:57:18.196 10960 10960 I Input   : injectMotionEvent: MotionEvent { action=ACTION_MOVE, actionButton=0, id[0]=0, x[0]=540.0, y[0]=1243.0, toolType[0]=TOOL_TYPE_UNKNOWN, buttonState=0, metaState=0, flags=0x0, edgeFlags=0x0, pointerCount=1, historySize=0, eventTime=981962, downTime=981962, deviceId=0, source=0x1002 }
03-19 16:57:18.213 10960 10960 I Input   : injectMotionEvent: MotionEvent { action=ACTION_MOVE, actionButton=0, id[0]=0, x[0]=540.0, y[0]=1243.0, toolType[0]=TOOL_TYPE_UNKNOWN, buttonState=0, metaState=0, flags=0x0, edgeFlags=0x0, pointerCount=1, historySize=0, eventTime=981979, downTime=981979, deviceId=0, source=0x1002 }
03-19 16:57:18.230 10960 10960 I Input   : injectMotionEvent: MotionEvent { action=ACTION_MOVE, actionButton=0, id[0]=0, x[0]=540.0, y[0]=1243.0, toolType[0]=TOOL_TYPE_UNKNOWN, buttonState=0, metaState=0, flags=0x0, edgeFlags=0x0, pointerCount=1, historySize=0, eventTime=981996, downTime=981996, deviceId=0, source=0x1002 }
03-19 16:57:18.247 10960 10960 I Input   : injectMotionEvent: MotionEvent { action=ACTION_MOVE, actionButton=0, id[0]=0, x[0]=540.0, y[0]=1243.0, toolType[0]=TOOL_TYPE_UNKNOWN, buttonState=0, metaState=0, flags=0x0, edgeFlags=0x0, pointerCount=1, historySize=0, eventTime=982013, downTime=982013, deviceId=0, source=0x1002 }
03-19 16:57:18.264 10960 10960 I Input   : injectMotionEvent: MotionEvent { action=ACTION_MOVE, actionButton=0, id[0]=0, x[0]=540.0, y[0]=1243.0, toolType[0]=TOOL_TYPE_UNKNOWN, buttonState=0, metaState=0, flags=0x0, edgeFlags=0x0, pointerCount=1, historySize=0, eventTime=982030, downTime=982030, deviceId=0, source=0x1002 }
03-19 16:57:18.281 10960 10960 I Input   : injectMotionEvent: MotionEvent { action=ACTION_MOVE, actionButton=0, id[0]=0, x[0]=540.0, y[0]=1243.0, toolType[0]=TOOL_TYPE_UNKNOWN, buttonState=0, metaState=0, flags=0x0, edgeFlags=0x0, pointerCount=1, historySize=0, eventTime=982047, downTime=982047, deviceId=0, source=0x1002 }
03-19 16:57:18.298 10960 10960 I Input   : injectMotionEvent: MotionEvent { action=ACTION_MOVE, actionButton=0, id[0]=0, x[0]=540.0, y[0]=1243.0, toolType[0]=TOOL_TYPE_UNKNOWN, buttonState=0, metaState=0, flags=0x0, edgeFlags=0x0, pointerCount=1, historySize=0, eventTime=982064, downTime=982064, deviceId=0, source=0x1002 }
03-19 16:57:18.316 10960 10960 I Input   : injectMotionEvent: MotionEvent { action=ACTION_MOVE, actionButton=0, id[0]=0, x[0]=540.0, y[0]=1243.0, toolType[0]=TOOL_TYPE_UNKNOWN, buttonState=0, metaState=0, flags=0x0, edgeFlags=0x0, pointerCount=1, historySize=0, eventTime=982082, downTime=982082, deviceId=0, source=0x1002 }
03-19 16:57:18.332 10960 10960 I Input   : injectMotionEvent: MotionEvent { action=ACTION_MOVE, actionButton=0, id[0]=0, x[0]=540.0, y[0]=1243.0, toolType[0]=TOOL_TYPE_UNKNOWN, buttonState=0, metaState=0, flags=0x0, edgeFlags=0x0, pointerCount=1, historySize=0, eventTime=982098, downTime=982098, deviceId=0, source=0x1002 }
03-19 16:57:18.349 10960 10960 I Input   : injectMotionEvent: MotionEvent { action=ACTION_MOVE, actionButton=0, id[0]=0, x[0]=540.0, y[0]=1243.0, toolType[0]=TOOL_TYPE_UNKNOWN, buttonState=0, metaState=0, flags=0x0, edgeFlags=0x0, pointerCount=1, historySize=0, eventTime=982115, downTime=982115, deviceId=0, source=0x1002 }
03-19 16:57:18.390 10960 10960 I Input   : injectMotionEvent: MotionEvent { action=ACTION_MOVE, actionButton=0, id[0]=0, x[0]=540.0, y[0]=1243.0, toolType[0]=TOOL_TYPE_UNKNOWN, buttonState=0, metaState=0, flags=0x0, edgeFlags=0x0, pointerCount=1, historySize=0, eventTime=982155, downTime=982155, deviceId=0, source=0x1002 }
03-19 16:57:18.407  1750  1750 E HWComposer: getLayerReleaseFence failed for display -1: Invalid display
03-19 16:57:18.407  1750  1750 I chatty  : uid=1000(system) /system/bin/surfaceflinger identical 1 line
03-19 16:57:18.407  1750  1750 E HWComposer: getLayerReleaseFence failed for display -1: Invalid display
03-19 16:57:18.423  1624  1624 I chatty  : uid=1000(system) allocator@2.0-s identical 1 line
03-19 16:57:18.475 10960 10960 I Input   : injectMotionEvent: MotionEvent { action=ACTION_MOVE, actionButton=0, id[0]=0, x[0]=540.0, y[0]=1243.0, toolType[0]=TOOL_TYPE_UNKNOWN, buttonState=0, metaState=0, flags=0x0, edgeFlags=0x0, pointerCount=1, historySize=0, eventTime=982240, downTime=982240, deviceId=0, source=0x1002 }
03-19 16:57:18.475  1750  1750 E HWComposer: getLayerReleaseFence failed for display -1: Invalid display
03-19 16:57:18.475  1750  1750 I chatty  : uid=1000(system) /system/bin/surfaceflinger identical 1 line
03-19 16:57:18.475  1750  1750 E HWComposer: getLayerReleaseFence failed for display -1: Invalid display
03-19 16:57:18.501  1750  1750 E HWComposer: getLayerReleaseFence failed for display -1: Invalid display
03-19 16:57:18.501  1750  1750 I chatty  : uid=1000(system) /system/bin/surfaceflinger identical 1 line
03-19 16:57:18.501  1750  1750 E HWComposer: getLayerReleaseFence failed for display -1: Invalid display
03-19 16:57:18.557 10960 10960 I Input   : injectMotionEvent: MotionEvent { action=ACTION_MOVE, actionButton=0, id[0]=0, x[0]=540.0, y[0]=1243.0, toolType[0]=TOOL_TYPE_UNKNOWN, buttonState=0, metaState=0, flags=0x0, edgeFlags=0x0, pointerCount=1, historySize=0, eventTime=982323, downTime=982323, deviceId=0, source=0x1002 }
03-19 16:57:18.582 10960 10960 I Input   : injectMotionEvent: MotionEvent { action=ACTION_MOVE, actionButton=0, id[0]=0, x[0]=540.0, y[0]=1243.0, toolType[0]=TOOL_TYPE_UNKNOWN, buttonState=0, metaState=0, flags=0x0, edgeFlags=0x0, pointerCount=1, historySize=0, eventTime=982347, downTime=982347, deviceId=0, source=0x1002 }
03-19 16:57:18.584  1750  1750 E HWComposer: getLayerReleaseFence failed for display -1: Invalid display
03-19 16:57:18.584  1750  1750 I chatty  : uid=1000(system) /system/bin/surfaceflinger identical 1 line
03-19 16:57:18.584  1750  1750 E HWComposer: getLayerReleaseFence failed for display -1: Invalid display
03-19 16:57:18.605 10960 10960 I Input   : injectMotionEvent: MotionEvent { action=ACTION_MOVE, actionButton=0, id[0]=0, x[0]=540.0, y[0]=1243.0, toolType[0]=TOOL_TYPE_UNKNOWN, buttonState=0, metaState=0, flags=0x0, edgeFlags=0x0, pointerCount=1, historySize=0, eventTime=982370, downTime=982370, deviceId=0, source=0x1002 }
03-19 16:57:18.619  1750  1750 E HWComposer: getLayerReleaseFence failed for display -1: Invalid display
03-19 16:57:18.619  1750  1750 I chatty  : uid=1000(system) /system/bin/surfaceflinger identical 1 line
03-19 16:57:18.619  1750  1750 E HWComposer: getLayerReleaseFence failed for display -1: Invalid display
03-19 16:57:18.623 10960 10960 I Input   : injectMotionEvent: MotionEvent { action=ACTION_MOVE, actionButton=0, id[0]=0, x[0]=540.0, y[0]=1243.0, toolType[0]=TOOL_TYPE_UNKNOWN, buttonState=0, metaState=0, flags=0x0, edgeFlags=0x0, pointerCount=1, historySize=0, eventTime=982389, downTime=982389, deviceId=0, source=0x1002 }
03-19 16:57:18.644 10960 10960 I Input   : injectMotionEvent: MotionEvent { action=ACTION_MOVE, actionButton=0, id[0]=0, x[0]=540.0, y[0]=1243.0, toolType[0]=TOOL_TYPE_UNKNOWN, buttonState=0, metaState=0, flags=0x0, edgeFlags=0x0, pointerCount=1, historySize=0, eventTime=982409, downTime=982409, deviceId=0, source=0x1002 }
03-19 16:57:18.646  1750  1750 E HWComposer: getLayerReleaseFence failed for display -1: Invalid display
03-19 16:57:18.646  1750  1750 I chatty  : uid=1000(system) /system/bin/surfaceflinger identical 1 line
03-19 16:57:18.646  1750  1750 E HWComposer: getLayerReleaseFence failed for display -1: Invalid display
03-19 16:57:18.668 10960 10960 I Input   : injectMotionEvent: MotionEvent { action=ACTION_MOVE, actionButton=0, id[0]=0, x[0]=540.0, y[0]=1243.0, toolType[0]=TOOL_TYPE_UNKNOWN, buttonState=0, metaState=0, flags=0x0, edgeFlags=0x0, pointerCount=1, historySize=0, eventTime=982434, downTime=982434, deviceId=0, source=0x1002 }
03-19 16:57:18.683  1750  1750 E HWComposer: getLayerReleaseFence failed for display -1: Invalid display
03-19 16:57:18.683  1750  1750 I chatty  : uid=1000(system) /system/bin/surfaceflinger identical 2 lines
03-19 16:57:18.683  1750  1750 E HWComposer: getLayerReleaseFence failed for display -1: Invalid display
03-19 16:57:18.691 10960 10960 I Input   : injectMotionEvent: MotionEvent { action=ACTION_MOVE, actionButton=0, id[0]=0, x[0]=540.0, y[0]=1243.0, toolType[0]=TOOL_TYPE_UNKNOWN, buttonState=0, metaState=0, flags=0x0, edgeFlags=0x0, pointerCount=1, historySize=0, eventTime=982456, downTime=982456, deviceId=0, source=0x1002 }
03-19 16:57:18.723  1750  1750 E HWComposer: getLayerReleaseFence failed for display -1: Invalid display
03-19 16:57:18.723  1750  1750 I chatty  : uid=1000(system) /system/bin/surfaceflinger identical 2 lines
03-19 16:57:18.723  1750  1750 E HWComposer: getLayerReleaseFence failed for display -1: Invalid display
03-19 16:57:18.725 10960 10960 I Input   : injectMotionEvent: MotionEvent { action=ACTION_MOVE, actionButton=0, id[0]=0, x[0]=540.0, y[0]=1243.0, toolType[0]=TOOL_TYPE_UNKNOWN, buttonState=0, metaState=0, flags=0x0, edgeFlags=0x0, pointerCount=1, historySize=0, eventTime=982491, downTime=982491, deviceId=0, source=0x1002 }
03-19 16:57:18.741 10960 10960 I Input   : injectMotionEvent: MotionEvent { action=ACTION_MOVE, actionButton=0, id[0]=0, x[0]=540.0, y[0]=1243.0, toolType[0]=TOOL_TYPE_UNKNOWN, buttonState=0, metaState=0, flags=0x0, edgeFlags=0x0, pointerCount=1, historySize=0, eventTime=982507, downTime=982507, deviceId=0, source=0x1002 }
03-19 16:57:18.745  1750  1750 E HWComposer: getLayerReleaseFence failed for display -1: Invalid display
03-19 16:57:18.745  1750  1750 I chatty  : uid=1000(system) /system/bin/surfaceflinger identical 2 lines
03-19 16:57:18.745  1750  1750 E HWComposer: getLayerReleaseFence failed for display -1: Invalid display
03-19 16:57:18.766 10960 10960 I Input   : injectMotionEvent: MotionEvent { action=ACTION_MOVE, actionButton=0, id[0]=0, x[0]=540.0, y[0]=1243.0, toolType[0]=TOOL_TYPE_UNKNOWN, buttonState=0, metaState=0, flags=0x0, edgeFlags=0x0, pointerCount=1, historySize=0, eventTime=982531, downTime=982531, deviceId=0, source=0x1002 }
03-19 16:57:18.778  1750  1750 E HWComposer: getLayerReleaseFence failed for display -1: Invalid display
03-19 16:57:18.778  1750  1750 I chatty  : uid=1000(system) /system/bin/surfaceflinger identical 2 lines
03-19 16:57:18.778  1750  1750 E HWComposer: getLayerReleaseFence failed for display -1: Invalid display
03-19 16:57:18.792  1750  1750 E HWComposer: getLayerReleaseFence failed for display -1: Invalid display
03-19 16:57:18.792  1750  1750 I chatty  : uid=1000(system) /system/bin/surfaceflinger identical 2 lines
03-19 16:57:18.792  1750  1750 E HWComposer: getLayerReleaseFence failed for display -1: Invalid display
03-19 16:57:18.795 10960 10960 I Input   : injectMotionEvent: MotionEvent { action=ACTION_MOVE, actionButton=0, id[0]=0, x[0]=540.0, y[0]=1243.0, toolType[0]=TOOL_TYPE_UNKNOWN, buttonState=0, metaState=0, flags=0x0, edgeFlags=0x0, pointerCount=1, historySize=0, eventTime=982561, downTime=982561, deviceId=0, source=0x1002 }
03-19 16:57:18.816 10960 10960 I Input   : injectMotionEvent: MotionEvent { action=ACTION_MOVE, actionButton=0, id[0]=0, x[0]=540.0, y[0]=1243.0, toolType[0]=TOOL_TYPE_UNKNOWN, buttonState=0, metaState=0, flags=0x0, edgeFlags=0x0, pointerCount=1, historySize=0, eventTime=982581, downTime=982581, deviceId=0, source=0x1002 }
03-19 16:57:18.826 10960 10960 I Input   : injectMotionEvent: MotionEvent { action=ACTION_MOVE, actionButton=0, id[0]=0, x[0]=540.0, y[0]=1243.0, toolType[0]=TOOL_TYPE_UNKNOWN, buttonState=0, metaState=0, flags=0x0, edgeFlags=0x0, pointerCount=1, historySize=0, eventTime=982592, downTime=982592, deviceId=0, source=0x1002 }
03-19 16:57:18.843 10960 10960 I Input   : injectMotionEvent: MotionEvent { action=ACTION_MOVE, actionButton=0, id[0]=0, x[0]=540.0, y[0]=1243.0, toolType[0]=TOOL_TYPE_UNKNOWN, buttonState=0, metaState=0, flags=0x0, edgeFlags=0x0, pointerCount=1, historySize=0, eventTime=982609, downTime=982609, deviceId=0, source=0x1002 }
03-19 16:57:18.879 10960 10960 I Input   : injectMotionEvent: MotionEvent { action=ACTION_MOVE, actionButton=0, id[0]=0, x[0]=540.0, y[0]=1243.0, toolType[0]=TOOL_TYPE_UNKNOWN, buttonState=0, metaState=0, flags=0x0, edgeFlags=0x0, pointerCount=1, historySize=0, eventTime=982644, downTime=982644, deviceId=0, source=0x1002 }
03-19 16:57:18.896 10960 10960 I Input   : injectMotionEvent: MotionEvent { action=ACTION_MOVE, actionButton=0, id[0]=0, x[0]=540.0, y[0]=1243.0, toolType[0]=TOOL_TYPE_UNKNOWN, buttonState=0, metaState=0, flags=0x0, edgeFlags=0x0, pointerCount=1, historySize=0, eventTime=982662, downTime=982662, deviceId=0, source=0x1002 }
03-19 16:57:18.930  1750  1750 E HWComposer: getLayerReleaseFence failed for display -1: Invalid display
03-19 16:57:18.930  1750  1750 I chatty  : uid=1000(system) /system/bin/surfaceflinger identical 2 lines
03-19 16:57:18.930  1750  1750 E HWComposer: getLayerReleaseFence failed for display -1: Invalid display
03-19 16:57:18.930 10960 10960 I Input   : injectMotionEvent: MotionEvent { action=ACTION_MOVE, actionButton=0, id[0]=0, x[0]=540.0, y[0]=1243.0, toolType[0]=TOOL_TYPE_UNKNOWN, buttonState=0, metaState=0, flags=0x0, edgeFlags=0x0, pointerCount=1, historySize=0, eventTime=982695, downTime=982695, deviceId=0, source=0x1002 }
03-19 16:57:18.947 10960 10960 I Input   : injectMotionEvent: MotionEvent { action=ACTION_MOVE, actionButton=0, id[0]=0, x[0]=540.0, y[0]=1243.0, toolType[0]=TOOL_TYPE_UNKNOWN, buttonState=0, metaState=0, flags=0x0, edgeFlags=0x0, pointerCount=1, historySize=0, eventTime=982713, downTime=982713, deviceId=0, source=0x1002 }
03-19 16:57:18.963 10960 10960 I Input   : injectMotionEvent: MotionEvent { action=ACTION_MOVE, actionButton=0, id[0]=0, x[0]=540.0, y[0]=1243.0, toolType[0]=TOOL_TYPE_UNKNOWN, buttonState=0, metaState=0, flags=0x0, edgeFlags=0x0, pointerCount=1, historySize=0, eventTime=982729, downTime=982729, deviceId=0, source=0x1002 }
03-19 16:57:18.980 10960 10960 I Input   : injectMotionEvent: MotionEvent { action=ACTION_MOVE, actionButton=0, id[0]=0, x[0]=540.0, y[0]=1243.0, toolType[0]=TOOL_TYPE_UNKNOWN, buttonState=0, metaState=0, flags=0x0, edgeFlags=0x0, pointerCount=1, historySize=0, eventTime=982746, downTime=982746, deviceId=0, source=0x1002 }
03-19 16:57:18.997 10960 10960 I Input   : injectMotionEvent: MotionEvent { action=ACTION_MOVE, actionButton=0, id[0]=0, x[0]=540.0, y[0]=1243.0, toolType[0]=TOOL_TYPE_UNKNOWN, buttonState=0, metaState=0, flags=0x0, edgeFlags=0x0, pointerCount=1, historySize=0, eventTime=982763, downTime=982763, deviceId=0, source=0x1002 }
03-19 16:57:19.014 10960 10960 I Input   : injectMotionEvent: MotionEvent { action=ACTION_MOVE, actionButton=0, id[0]=0, x[0]=540.0, y[0]=1243.0, toolType[0]=TOOL_TYPE_UNKNOWN, buttonState=0, metaState=0, flags=0x0, edgeFlags=0x0, pointerCount=1, historySize=0, eventTime=982780, downTime=982780, deviceId=0, source=0x1002 }
03-19 16:57:19.031 10960 10960 I Input   : injectMotionEvent: MotionEvent { action=ACTION_MOVE, actionButton=0, id[0]=0, x[0]=540.0, y[0]=1243.0, toolType[0]=TOOL_TYPE_UNKNOWN, buttonState=0, metaState=0, flags=0x0, edgeFlags=0x0, pointerCount=1, historySize=0, eventTime=982797, downTime=982797, deviceId=0, source=0x1002 }
03-19 16:57:19.054 10960 10960 I Input   : injectMotionEvent: MotionEvent { action=ACTION_MOVE, actionButton=0, id[0]=0, x[0]=540.0, y[0]=1243.0, toolType[0]=TOOL_TYPE_UNKNOWN, buttonState=0, metaState=0, flags=0x0, edgeFlags=0x0, pointerCount=1, historySize=0, eventTime=982820, downTime=982820, deviceId=0, source=0x1002 }
03-19 16:57:19.065 10960 10960 I Input   : injectMotionEvent: MotionEvent { action=ACTION_MOVE, actionButton=0, id[0]=0, x[0]=540.0, y[0]=1243.0, toolType[0]=TOOL_TYPE_UNKNOWN, buttonState=0, metaState=0, flags=0x0, edgeFlags=0x0, pointerCount=1, historySize=0, eventTime=982831, downTime=982831, deviceId=0, source=0x1002 }
03-19 16:57:19.082 10960 10960 I Input   : injectMotionEvent: MotionEvent { action=ACTION_MOVE, actionButton=0, id[0]=0, x[0]=540.0, y[0]=1243.0, toolType[0]=TOOL_TYPE_UNKNOWN, buttonState=0, metaState=0, flags=0x0, edgeFlags=0x0, pointerCount=1, historySize=0, eventTime=982848, downTime=982848, deviceId=0, source=0x1002 }
03-19 16:57:19.099 10960 10960 I Input   : injectMotionEvent: MotionEvent { action=ACTION_MOVE, actionButton=0, id[0]=0, x[0]=540.0, y[0]=1243.0, toolType[0]=TOOL_TYPE_UNKNOWN, buttonState=0, metaState=0, flags=0x0, edgeFlags=0x0, pointerCount=1, historySize=0, eventTime=982865, downTime=982865, deviceId=0, source=0x1002 }
03-19 16:57:19.116 10960 10960 I Input   : injectMotionEvent: MotionEvent { action=ACTION_MOVE, actionButton=0, id[0]=0, x[0]=540.0, y[0]=1243.0, toolType[0]=TOOL_TYPE_UNKNOWN, buttonState=0, metaState=0, flags=0x0, edgeFlags=0x0, pointerCount=1, historySize=0, eventTime=982882, downTime=982882, deviceId=0, source=0x1002 }
03-19 16:57:19.136 10960 10960 I Input   : injectMotionEvent: MotionEvent { action=ACTION_MOVE, actionButton=0, id[0]=0, x[0]=540.0, y[0]=1243.0, toolType[0]=TOOL_TYPE_UNKNOWN, buttonState=0, metaState=0, flags=0x0, edgeFlags=0x0, pointerCount=1, historySize=0, eventTime=982902, downTime=982902, deviceId=0, source=0x1002 }
03-19 16:57:19.150 10960 10960 I Input   : injectMotionEvent: MotionEvent { action=ACTION_MOVE, actionButton=0, id[0]=0, x[0]=540.0, y[0]=1243.0, toolType[0]=TOOL_TYPE_UNKNOWN, buttonState=0, metaState=0, flags=0x0, edgeFlags=0x0, pointerCount=1, historySize=0, eventTime=982916, downTime=982916, deviceId=0, source=0x1002 }
03-19 16:57:19.167 10960 10960 I Input   : injectMotionEvent: MotionEvent { action=ACTION_MOVE, actionButton=0, id[0]=0, x[0]=540.0, y[0]=1243.0, toolType[0]=TOOL_TYPE_UNKNOWN, buttonState=0, metaState=0, flags=0x0, edgeFlags=0x0, pointerCount=1, historySize=0, eventTime=982933, downTime=982933, deviceId=0, source=0x1002 }
03-19 16:57:19.189 10960 10960 I Input   : injectMotionEvent: MotionEvent { action=ACTION_MOVE, actionButton=0, id[0]=0, x[0]=540.0, y[0]=1243.0, toolType[0]=TOOL_TYPE_UNKNOWN, buttonState=0, metaState=0, flags=0x0, edgeFlags=0x0, pointerCount=1, historySize=0, eventTime=982954, downTime=982954, deviceId=0, source=0x1002 }
03-19 16:57:19.203 10960 10960 I Input   : injectMotionEvent: MotionEvent { action=ACTION_MOVE, actionButton=0, id[0]=0, x[0]=540.0, y[0]=1243.0, toolType[0]=TOOL_TYPE_UNKNOWN, buttonState=0, metaState=0, flags=0x0, edgeFlags=0x0, pointerCount=1, historySize=0, eventTime=982969, downTime=982969, deviceId=0, source=0x1002 }
03-19 16:57:19.219 10960 10960 I Input   : injectMotionEvent: MotionEvent { action=ACTION_MOVE, actionButton=0, id[0]=0, x[0]=540.0, y[0]=1243.0, toolType[0]=TOOL_TYPE_UNKNOWN, buttonState=0, metaState=0, flags=0x0, edgeFlags=0x0, pointerCount=1, historySize=0, eventTime=982984, downTime=982984, deviceId=0, source=0x1002 }
03-19 16:57:19.246 10960 10960 I Input   : injectMotionEvent: MotionEvent { action=ACTION_MOVE, actionButton=0, id[0]=0, x[0]=540.0, y[0]=1243.0, toolType[0]=TOOL_TYPE_UNKNOWN, buttonState=0, metaState=0, flags=0x0, edgeFlags=0x0, pointerCount=1, historySize=0, eventTime=983012, downTime=983012, deviceId=0, source=0x1002 }
03-19 16:57:19.253 10960 10960 I Input   : injectMotionEvent: MotionEvent { action=ACTION_MOVE, actionButton=0, id[0]=0, x[0]=540.0, y[0]=1243.0, toolType[0]=TOOL_TYPE_UNKNOWN, buttonState=0, metaState=0, flags=0x0, edgeFlags=0x0, pointerCount=1, historySize=0, eventTime=983018, downTime=983018, deviceId=0, source=0x1002 }
03-19 16:57:19.269 10960 10960 I Input   : injectMotionEvent: MotionEvent { action=ACTION_MOVE, actionButton=0, id[0]=0, x[0]=540.0, y[0]=1243.0, toolType[0]=TOOL_TYPE_UNKNOWN, buttonState=0, metaState=0, flags=0x0, edgeFlags=0x0, pointerCount=1, historySize=0, eventTime=983035, downTime=983035, deviceId=0, source=0x1002 }
03-19 16:57:19.287 10960 10960 I Input   : injectMotionEvent: MotionEvent { action=ACTION_MOVE, actionButton=0, id[0]=0, x[0]=540.0, y[0]=1243.0, toolType[0]=TOOL_TYPE_UNKNOWN, buttonState=0, metaState=0, flags=0x0, edgeFlags=0x0, pointerCount=1, historySize=0, eventTime=983052, downTime=983052, deviceId=0, source=0x1002 }
03-19 16:57:19.304 10960 10960 I Input   : injectMotionEvent: MotionEvent { action=ACTION_MOVE, actionButton=0, id[0]=0, x[0]=540.0, y[0]=1243.0, toolType[0]=TOOL_TYPE_UNKNOWN, buttonState=0, metaState=0, flags=0x0, edgeFlags=0x0, pointerCount=1, historySize=0, eventTime=983070, downTime=983070, deviceId=0, source=0x1002 }
03-19 16:57:19.321 10960 10960 I Input   : injectMotionEvent: MotionEvent { action=ACTION_MOVE, actionButton=0, id[0]=0, x[0]=540.0, y[0]=1243.0, toolType[0]=TOOL_TYPE_UNKNOWN, buttonState=0, metaState=0, flags=0x0, edgeFlags=0x0, pointerCount=1, historySize=0, eventTime=983087, downTime=983087, deviceId=0, source=0x1002 }
03-19 16:57:19.338 10960 10960 I Input   : injectMotionEvent: MotionEvent { action=ACTION_MOVE, actionButton=0, id[0]=0, x[0]=540.0, y[0]=1243.0, toolType[0]=TOOL_TYPE_UNKNOWN, buttonState=0, metaState=0, flags=0x0, edgeFlags=0x0, pointerCount=1, historySize=0, eventTime=983104, downTime=983104, deviceId=0, source=0x1002 }
03-19 16:57:19.363 10960 10960 I Input   : injectMotionEvent: MotionEvent { action=ACTION_MOVE, actionButton=0, id[0]=0, x[0]=540.0, y[0]=1243.0, toolType[0]=TOOL_TYPE_UNKNOWN, buttonState=0, metaState=0, flags=0x0, edgeFlags=0x0, pointerCount=1, historySize=0, eventTime=983128, downTime=983128, deviceId=0, source=0x1002 }
03-19 16:57:19.372 10960 10960 I Input   : injectMotionEvent: MotionEvent { action=ACTION_MOVE, actionButton=0, id[0]=0, x[0]=540.0, y[0]=1243.0, toolType[0]=TOOL_TYPE_UNKNOWN, buttonState=0, metaState=0, flags=0x0, edgeFlags=0x0, pointerCount=1, historySize=0, eventTime=983138, downTime=983138, deviceId=0, source=0x1002 }
03-19 16:57:19.407 10960 10960 I Input   : injectMotionEvent: MotionEvent { action=ACTION_MOVE, actionButton=0, id[0]=0, x[0]=540.0, y[0]=1243.0, toolType[0]=TOOL_TYPE_UNKNOWN, buttonState=0, metaState=0, flags=0x0, edgeFlags=0x0, pointerCount=1, historySize=0, eventTime=983171, downTime=983171, deviceId=0, source=0x1002 }
03-19 16:57:19.414  1750  1750 E HWComposer: getLayerReleaseFence failed for display -1: Invalid display
03-19 16:57:19.414  1750  1750 I chatty  : uid=1000(system) /system/bin/surfaceflinger identical 2 lines
03-19 16:57:19.414  1750  1750 E HWComposer: getLayerReleaseFence failed for display -1: Invalid display
03-19 16:57:19.423 10960 10960 I Input   : injectMotionEvent: MotionEvent { action=ACTION_MOVE, actionButton=0, id[0]=0, x[0]=540.0, y[0]=1243.0, toolType[0]=TOOL_TYPE_UNKNOWN, buttonState=0, metaState=0, flags=0x0, edgeFlags=0x0, pointerCount=1, historySize=0, eventTime=983189, downTime=983189, deviceId=0, source=0x1002 }
03-19 16:57:19.452 10960 10960 I Input   : injectMotionEvent: MotionEvent { action=ACTION_MOVE, actionButton=0, id[0]=0, x[0]=540.0, y[0]=1243.0, toolType[0]=TOOL_TYPE_UNKNOWN, buttonState=0, metaState=0, flags=0x0, edgeFlags=0x0, pointerCount=1, historySize=0, eventTime=983217, downTime=983217, deviceId=0, source=0x1002 }
03-19 16:57:19.457 10960 10960 I Input   : injectMotionEvent: MotionEvent { action=ACTION_MOVE, actionButton=0, id[0]=0, x[0]=540.0, y[0]=1243.0, toolType[0]=TOOL_TYPE_UNKNOWN, buttonState=0, metaState=0, flags=0x0, edgeFlags=0x0, pointerCount=1, historySize=0, eventTime=983223, downTime=983223, deviceId=0, source=0x1002 }
03-19 16:57:19.474 10960 10960 I Input   : injectMotionEvent: MotionEvent { action=ACTION_MOVE, actionButton=0, id[0]=0, x[0]=540.0, y[0]=1243.0, toolType[0]=TOOL_TYPE_UNKNOWN, buttonState=0, metaState=0, flags=0x0, edgeFlags=0x0, pointerCount=1, historySize=0, eventTime=983240, downTime=983240, deviceId=0, source=0x1002 }
03-19 16:57:19.492 10960 10960 I Input   : injectMotionEvent: MotionEvent { action=ACTION_MOVE, actionButton=0, id[0]=0, x[0]=540.0, y[0]=1243.0, toolType[0]=TOOL_TYPE_UNKNOWN, buttonState=0, metaState=0, flags=0x0, edgeFlags=0x0, pointerCount=1, historySize=0, eventTime=983257, downTime=983257, deviceId=0, source=0x1002 }
03-19 16:57:19.508 10960 10960 I Input   : injectMotionEvent: MotionEvent { action=ACTION_MOVE, actionButton=0, id[0]=0, x[0]=540.0, y[0]=1243.0, toolType[0]=TOOL_TYPE_UNKNOWN, buttonState=0, metaState=0, flags=0x0, edgeFlags=0x0, pointerCount=1, historySize=0, eventTime=983274, downTime=983274, deviceId=0, source=0x1002 }
03-19 16:57:19.525 10960 10960 I Input   : injectMotionEvent: MotionEvent { action=ACTION_MOVE, actionButton=0, id[0]=0, x[0]=540.0, y[0]=1243.0, toolType[0]=TOOL_TYPE_UNKNOWN, buttonState=0, metaState=0, flags=0x0, edgeFlags=0x0, pointerCount=1, historySize=0, eventTime=983291, downTime=983291, deviceId=0, source=0x1002 }
03-19 16:57:19.543 10960 10960 I Input   : injectMotionEvent: MotionEvent { action=ACTION_MOVE, actionButton=0, id[0]=0, x[0]=540.0, y[0]=1243.0, toolType[0]=TOOL_TYPE_UNKNOWN, buttonState=0, metaState=0, flags=0x0, edgeFlags=0x0, pointerCount=1, historySize=0, eventTime=983309, downTime=983309, deviceId=0, source=0x1002 }
03-19 16:57:19.560 10960 10960 I Input   : injectMotionEvent: MotionEvent { action=ACTION_MOVE, actionButton=0, id[0]=0, x[0]=540.0, y[0]=1243.0, toolType[0]=TOOL_TYPE_UNKNOWN, buttonState=0, metaState=0, flags=0x0, edgeFlags=0x0, pointerCount=1, historySize=0, eventTime=983325, downTime=983325, deviceId=0, source=0x1002 }
03-19 16:57:19.576 10960 10960 I Input   : injectMotionEvent: MotionEvent { action=ACTION_MOVE, actionButton=0, id[0]=0, x[0]=540.0, y[0]=1243.0, toolType[0]=TOOL_TYPE_UNKNOWN, buttonState=0, metaState=0, flags=0x0, edgeFlags=0x0, pointerCount=1, historySize=0, eventTime=983342, downTime=983342, deviceId=0, source=0x1002 }
03-19 16:57:19.594 10960 10960 I Input   : injectMotionEvent: MotionEvent { action=ACTION_MOVE, actionButton=0, id[0]=0, x[0]=540.0, y[0]=1243.0, toolType[0]=TOOL_TYPE_UNKNOWN, buttonState=0, metaState=0, flags=0x0, edgeFlags=0x0, pointerCount=1, historySize=0, eventTime=983360, downTime=983360, deviceId=0, source=0x1002 }
03-19 16:57:19.615 10960 10960 I Input   : injectMotionEvent: MotionEvent { action=ACTION_MOVE, actionButton=0, id[0]=0, x[0]=540.0, y[0]=1243.0, toolType[0]=TOOL_TYPE_UNKNOWN, buttonState=0, metaState=0, flags=0x0, edgeFlags=0x0, pointerCount=1, historySize=0, eventTime=983380, downTime=983380, deviceId=0, source=0x1002 }
03-19 16:57:19.628 10960 10960 I Input   : injectMotionEvent: MotionEvent { action=ACTION_MOVE, actionButton=0, id[0]=0, x[0]=540.0, y[0]=1243.0, toolType[0]=TOOL_TYPE_UNKNOWN, buttonState=0, metaState=0, flags=0x0, edgeFlags=0x0, pointerCount=1, historySize=0, eventTime=983394, downTime=983394, deviceId=0, source=0x1002 }
03-19 16:57:19.645 10960 10960 I Input   : injectMotionEvent: MotionEvent { action=ACTION_MOVE, actionButton=0, id[0]=0, x[0]=540.0, y[0]=1243.0, toolType[0]=TOOL_TYPE_UNKNOWN, buttonState=0, metaState=0, flags=0x0, edgeFlags=0x0, pointerCount=1, historySize=0, eventTime=983411, downTime=983411, deviceId=0, source=0x1002 }
03-19 16:57:19.662 10960 10960 I Input   : injectMotionEvent: MotionEvent { action=ACTION_MOVE, actionButton=0, id[0]=0, x[0]=540.0, y[0]=1243.0, toolType[0]=TOOL_TYPE_UNKNOWN, buttonState=0, metaState=0, flags=0x0, edgeFlags=0x0, pointerCount=1, historySize=0, eventTime=983428, downTime=983428, deviceId=0, source=0x1002 }
03-19 16:57:19.679 10960 10960 I Input   : injectMotionEvent: MotionEvent { action=ACTION_MOVE, actionButton=0, id[0]=0, x[0]=540.0, y[0]=1243.0, toolType[0]=TOOL_TYPE_UNKNOWN, buttonState=0, metaState=0, flags=0x0, edgeFlags=0x0, pointerCount=1, historySize=0, eventTime=983445, downTime=983445, deviceId=0, source=0x1002 }
03-19 16:57:19.696 10960 10960 I Input   : injectMotionEvent: MotionEvent { action=ACTION_MOVE, actionButton=0, id[0]=0, x[0]=540.0, y[0]=1243.0, toolType[0]=TOOL_TYPE_UNKNOWN, buttonState=0, metaState=0, flags=0x0, edgeFlags=0x0, pointerCount=1, historySize=0, eventTime=983462, downTime=983462, deviceId=0, source=0x1002 }
03-19 16:57:19.707  7566 11051 E memtrack: Couldn't load memtrack module
03-19 16:57:19.707  7566 11051 W android.os.Debug: failed to get memory consumption info: -1
03-19 16:57:19.713 10960 10960 I Input   : injectMotionEvent: MotionEvent { action=ACTION_MOVE, actionButton=0, id[0]=0, x[0]=540.0, y[0]=1243.0, toolType[0]=TOOL_TYPE_UNKNOWN, buttonState=0, metaState=0, flags=0x0, edgeFlags=0x0, pointerCount=1, historySize=0, eventTime=983479, downTime=983479, deviceId=0, source=0x1002 }
03-19 16:57:19.730 10960 10960 I Input   : injectMotionEvent: MotionEvent { action=ACTION_MOVE, actionButton=0, id[0]=0, x[0]=540.0, y[0]=1243.0, toolType[0]=TOOL_TYPE_UNKNOWN, buttonState=0, metaState=0, flags=0x0, edgeFlags=0x0, pointerCount=1, historySize=0, eventTime=983496, downTime=983496, deviceId=0, source=0x1002 }
03-19 16:57:19.747 10960 10960 I Input   : injectMotionEvent: MotionEvent { action=ACTION_MOVE, actionButton=0, id[0]=0, x[0]=540.0, y[0]=1243.0, toolType[0]=TOOL_TYPE_UNKNOWN, buttonState=0, metaState=0, flags=0x0, edgeFlags=0x0, pointerCount=1, historySize=0, eventTime=983513, downTime=983513, deviceId=0, source=0x1002 }
03-19 16:57:19.764 10960 10960 I Input   : injectMotionEvent: MotionEvent { action=ACTION_MOVE, actionButton=0, id[0]=0, x[0]=540.0, y[0]=1243.0, toolType[0]=TOOL_TYPE_UNKNOWN, buttonState=0, metaState=0, flags=0x0, edgeFlags=0x0, pointerCount=1, historySize=0, eventTime=983530, downTime=983530, deviceId=0, source=0x1002 }
03-19 16:57:19.781 10960 10960 I Input   : injectMotionEvent: MotionEvent { action=ACTION_MOVE, actionButton=0, id[0]=0, x[0]=540.0, y[0]=1243.0, toolType[0]=TOOL_TYPE_UNKNOWN, buttonState=0, metaState=0, flags=0x0, edgeFlags=0x0, pointerCount=1, historySize=0, eventTime=983547, downTime=983547, deviceId=0, source=0x1002 }
03-19 16:57:19.798 10960 10960 I Input   : injectMotionEvent: MotionEvent { action=ACTION_MOVE, actionButton=0, id[0]=0, x[0]=540.0, y[0]=1243.0, toolType[0]=TOOL_TYPE_UNKNOWN, buttonState=0, metaState=0, flags=0x0, edgeFlags=0x0, pointerCount=1, historySize=0, eventTime=983564, downTime=983564, deviceId=0, source=0x1002 }
03-19 16:57:19.815 10960 10960 I Input   : injectMotionEvent: MotionEvent { action=ACTION_MOVE, actionButton=0, id[0]=0, x[0]=540.0, y[0]=1243.0, toolType[0]=TOOL_TYPE_UNKNOWN, buttonState=0, metaState=0, flags=0x0, edgeFlags=0x0, pointerCount=1, historySize=0, eventTime=983581, downTime=983581, deviceId=0, source=0x1002 }
03-19 16:57:19.830  7584 11058 E memtrack: Couldn't load memtrack module
03-19 16:57:19.830  7584 11058 W android.os.Debug: failed to get memory consumption info: -1
03-19 16:57:19.832 10960 10960 I Input   : injectMotionEvent: MotionEvent { action=ACTION_MOVE, actionButton=0, id[0]=0, x[0]=540.0, y[0]=1243.0, toolType[0]=TOOL_TYPE_UNKNOWN, buttonState=0, metaState=0, flags=0x0, edgeFlags=0x0, pointerCount=1, historySize=0, eventTime=983598, downTime=983598, deviceId=0, source=0x1002 }
03-19 16:57:19.849 10960 10960 I Input   : injectMotionEvent: MotionEvent { action=ACTION_UP, actionButton=0, id[0]=0, x[0]=540.0, y[0]=1243.0, toolType[0]=TOOL_TYPE_UNKNOWN, buttonState=0, metaState=0, flags=0x0, edgeFlags=0x0, pointerCount=1, historySize=0, eventTime=983615, downTime=983615, deviceId=0, source=0x1002 }
03-19 16:57:19.905  1750  1750 E HWComposer: getLayerReleaseFence failed for display -1: Invalid display
03-19 16:57:19.906  1750  1750 I chatty  : uid=1000(system) /system/bin/surfaceflinger identical 2 lines
03-19 16:57:19.906  1750  1750 E HWComposer: getLayerReleaseFence failed for display -1: Invalid display
03-19 16:57:20.020  1750  1750 E HWComposer: getLayerReleaseFence failed for display -1: Invalid display
03-19 16:57:20.020  1750  1750 I chatty  : uid=1000(system) /system/bin/surfaceflinger identical 2 lines
03-19 16:57:20.020  1750  1750 E HWComposer: getLayerReleaseFence failed for display -1: Invalid display
03-19 16:57:20.089  1750  1750 E HWComposer: getLayerReleaseFence failed for display -1: Invalid display
03-19 16:57:20.089  1750  1750 I chatty  : uid=1000(system) /system/bin/surfaceflinger identical 2 lines
03-19 16:57:20.089  1750  1750 E HWComposer: getLayerReleaseFence failed for display -1: Invalid display
03-19 16:57:20.121  1750  1750 E HWComposer: getLayerReleaseFence failed for display -1: Invalid display
03-19 16:57:20.121  1750  1750 I chatty  : uid=1000(system) /system/bin/surfaceflinger identical 2 lines
03-19 16:57:20.121  1750  1750 E HWComposer: getLayerReleaseFence failed for display -1: Invalid display
03-19 16:57:20.124  1750  1750 I chatty  : uid=1000(system) /system/bin/surfaceflinger identical 1 line
03-19 16:57:20.144  1750  1750 E HWComposer: getLayerReleaseFence failed for display -1: Invalid display
03-19 16:57:20.144  1750  1750 I chatty  : uid=1000(system) /system/bin/surfaceflinger identical 2 lines
03-19 16:57:20.144  1750  1750 E HWComposer: getLayerReleaseFence failed for display -1: Invalid display
03-19 16:57:20.181  1750  1750 E HWComposer: getLayerReleaseFence failed for display -1: Invalid display
03-19 16:57:20.181  1750  1750 I chatty  : uid=1000(system) /system/bin/surfaceflinger identical 2 lines
03-19 16:57:20.181  1750  1750 E HWComposer: getLayerReleaseFence failed for display -1: Invalid display
03-19 16:57:20.220  1750  1750 E HWComposer: getLayerReleaseFence failed for display -1: Invalid display
03-19 16:57:20.220  1750  1750 I chatty  : uid=1000(system) /system/bin/surfaceflinger identical 2 lines
03-19 16:57:20.220  1750  1750 E HWComposer: getLayerReleaseFence failed for display -1: Invalid display
03-19 16:57:20.257  1750  1750 E HWComposer: getLayerReleaseFence failed for display -1: Invalid display
03-19 16:57:20.257  1750  1750 I chatty  : uid=1000(system) /system/bin/surfaceflinger identical 2 lines
03-19 16:57:20.257  1750  1750 E HWComposer: getLayerReleaseFence failed for display -1: Invalid display
03-19 16:57:20.507  1750  1750 E HWComposer: getLayerReleaseFence failed for display -1: Invalid display
03-19 16:57:20.507  1750  1750 I chatty  : uid=1000(system) /system/bin/surfaceflinger identical 2 lines
03-19 16:57:20.507  1750  1750 E HWComposer: getLayerReleaseFence failed for display -1: Invalid display
03-19 16:57:20.515  1750  1750 I chatty  : uid=1000(system) /system/bin/surfaceflinger identical 1 line
03-19 16:57:20.546  1750  1750 E HWComposer: getLayerReleaseFence failed for display -1: Invalid display
03-19 16:57:20.546  1750  1750 I chatty  : uid=1000(system) /system/bin/surfaceflinger identical 3 lines
03-19 16:57:20.546  1750  1750 E HWComposer: getLayerReleaseFence failed for display -1: Invalid display
03-19 16:57:20.760  1750  1750 E HWComposer: getLayerReleaseFence failed for display -1: Invalid display
03-19 16:57:20.760  1750  1750 I chatty  : uid=1000(system) /system/bin/surfaceflinger identical 3 lines
03-19 16:57:20.760  1750  1750 E HWComposer: getLayerReleaseFence failed for display -1: Invalid display
03-19 16:57:20.818  1750  1750 E HWComposer: getLayerReleaseFence failed for display -1: Invalid display
03-19 16:57:20.818  1750  1750 I chatty  : uid=1000(system) /system/bin/surfaceflinger identical 3 lines
03-19 16:57:20.818  1750  1750 E HWComposer: getLayerReleaseFence failed for display -1: Invalid display
03-19 16:57:21.314  1750  1750 E HWComposer: getLayerReleaseFence failed for display -1: Invalid display
03-19 16:57:21.314  1750  1750 I chatty  : uid=1000(system) /system/bin/surfaceflinger identical 3 lines
03-19 16:57:21.314  1750  1750 E HWComposer: getLayerReleaseFence failed for display -1: Invalid display
03-19 16:57:21.378  1750  2231 E SurfaceFlinger: ro.sf.lcd_density must be defined as a build property
03-19 16:57:21.811  1750  1750 E HWComposer: getLayerReleaseFence failed for display -1: Invalid display
03-19 16:57:21.811  1750  1750 I chatty  : uid=1000(system) /system/bin/surfaceflinger identical 3 lines
03-19 16:57:21.811  1750  1750 E HWComposer: getLayerReleaseFence failed for display -1: Invalid display
03-19 16:57:22.305  1750  1750 E HWComposer: getLayerReleaseFence failed for display -1: Invalid display
03-19 16:57:22.305  1750  1750 I chatty  : uid=1000(system) /system/bin/surfaceflinger identical 3 lines
03-19 16:57:22.305  1750  1750 E HWComposer: getLayerReleaseFence failed for display -1: Invalid display
03-19 16:57:22.379  1918  1931 E memtrack: Couldn't load memtrack module
03-19 16:57:22.379  1918  1931 W android.os.Debug: failed to get memory consumption info: -1
03-19 16:57:22.391  1918  1931 E memtrack: Couldn't load memtrack module
03-19 16:57:22.391  1918  1931 W android.os.Debug: failed to get memory consumption info: -1
03-19 16:57:22.799  1750  1750 E HWComposer: getLayerReleaseFence failed for display -1: Invalid display
03-19 16:57:22.799  1750  1750 I chatty  : uid=1000(system) /system/bin/surfaceflinger identical 3 lines
03-19 16:57:22.799  1750  1750 E HWComposer: getLayerReleaseFence failed for display -1: Invalid display
03-19 16:57:22.974  1764  1803 E storaged: getDiskStats failed with result NOT_SUPPORTED and size 0
03-19 16:57:23.244  1750  2231 E SurfaceFlinger: ro.sf.lcd_density must be defined as a build property
03-19 16:57:23.311  1750  1750 E HWComposer: getLayerReleaseFence failed for display -1: Invalid display
03-19 16:57:23.311  1750  1750 I chatty  : uid=1000(system) /system/bin/surfaceflinger identical 3 lines
03-19 16:57:23.311  1750  1750 E HWComposer: getLayerReleaseFence failed for display -1: Invalid display
03-19 16:57:23.811  1750  1750 E HWComposer: getLayerReleaseFence failed for display -1: Invalid display
03-19 16:57:23.811  1750  1750 I chatty  : uid=1000(system) /system/bin/surfaceflinger identical 3 lines
03-19 16:57:23.811  1750  1750 E HWComposer: getLayerReleaseFence failed for display -1: Invalid display
03-19 16:57:24.015  1750  1750 E HWComposer: getLayerReleaseFence failed for display -1: Invalid display
03-19 16:57:24.015  1750  1750 I chatty  : uid=1000(system) /system/bin/surfaceflinger identical 3 lines
03-19 16:57:24.015  1750  1750 E HWComposer: getLayerReleaseFence failed for display -1: Invalid display
03-19 16:57:24.053  1750  1750 E HWComposer: getLayerReleaseFence failed for display -1: Invalid display
03-19 16:57:24.053  1750  1750 I chatty  : uid=1000(system) /system/bin/surfaceflinger identical 3 lines
03-19 16:57:24.053  1750  1750 E HWComposer: getLayerReleaseFence failed for display -1: Invalid display
03-19 16:57:24.076  1750  1750 I chatty  : uid=1000(system) /system/bin/surfaceflinger identical 2 lines
03-19 16:57:24.087  1750  1750 E HWComposer: getLayerReleaseFence failed for display -1: Invalid display
03-19 16:57:24.087  1750  1750 I chatty  : uid=1000(system) /system/bin/surfaceflinger identical 3 lines
03-19 16:57:24.087  1750  1750 E HWComposer: getLayerReleaseFence failed for display -1: Invalid display
03-19 16:57:24.104  1750  1750 I chatty  : uid=1000(system) /system/bin/surfaceflinger identical 2 lines
03-19 16:57:24.114  1750  1750 E HWComposer: getLayerReleaseFence failed for display -1: Invalid display
03-19 16:57:24.114  1750  1750 I chatty  : uid=1000(system) /system/bin/surfaceflinger identical 3 lines
03-19 16:57:24.114  1750  1750 E HWComposer: getLayerReleaseFence failed for display -1: Invalid display
03-19 16:57:24.115  1750  1750 I chatty  : uid=1000(system) /system/bin/surfaceflinger identical 1 line
03-19 16:57:24.145  1750  1750 E HWComposer: getLayerReleaseFence failed for display -1: Invalid display
03-19 16:57:24.146  1750  1750 I chatty  : uid=1000(system) /system/bin/surfaceflinger identical 3 lines
03-19 16:57:24.146  1750  1750 E HWComposer: getLayerReleaseFence failed for display -1: Invalid display
03-19 16:57:24.157  1750  1775 W SurfaceFlinger: Attempting to set client state on removed layer: PopupWindow:2b4d4a9#0
03-19 16:57:24.157  1750  1775 W SurfaceFlinger: Attempting to destroy on removed layer: PopupWindow:2b4d4a9#0
03-19 16:57:24.179  1750  1750 E HWComposer: getLayerReleaseFence failed for display -1: Invalid display
03-19 16:57:24.179  1750  1750 I chatty  : uid=1000(system) /system/bin/surfaceflinger identical 3 lines
03-19 16:57:24.179  1750  1750 E HWComposer: getLayerReleaseFence failed for display -1: Invalid display
03-19 16:57:24.218  1750  1750 E HWComposer: getLayerReleaseFence failed for display -1: Invalid display
03-19 16:57:24.218  1750  1750 I chatty  : uid=1000(system) /system/bin/surfaceflinger identical 2 lines
03-19 16:57:24.218  1750  1750 E HWComposer: getLayerReleaseFence failed for display -1: Invalid display
03-19 16:57:24.232  1750  1750 E HWComposer: getLayerReleaseFence failed for display -1: Invalid display
03-19 16:57:24.232  1750  1750 I chatty  : uid=1000(system) /system/bin/surfaceflinger identical 2 lines
03-19 16:57:24.232  1750  1750 E HWComposer: getLayerReleaseFence failed for display -1: Invalid display
03-19 16:57:24.316  1750  1750 E HWComposer: getLayerReleaseFence failed for display -1: Invalid display
03-19 16:57:24.316  1750  1750 I chatty  : uid=1000(system) /system/bin/surfaceflinger identical 2 lines
03-19 16:57:24.316  1750  1750 E HWComposer: getLayerReleaseFence failed for display -1: Invalid display
03-19 16:57:24.831  1750  1750 E HWComposer: getLayerReleaseFence failed for display -1: Invalid display
03-19 16:57:24.831  1750  1750 I chatty  : uid=1000(system) /system/bin/surfaceflinger identical 2 lines
03-19 16:57:24.831  1750  1750 E HWComposer: getLayerReleaseFence failed for display -1: Invalid display
03-19 16:57:24.874  7913 11311 E memtrack: Couldn't load memtrack module
03-19 16:57:24.874  7913 11311 W android.os.Debug: failed to get memory consumption info: -1
03-19 16:57:25.200  1750  2231 E SurfaceFlinger: ro.sf.lcd_density must be defined as a build property
03-19 16:57:25.341  1750  1750 E HWComposer: getLayerReleaseFence failed for display -1: Invalid display
03-19 16:57:25.341  1750  1750 I chatty  : uid=1000(system) /system/bin/surfaceflinger identical 2 lines
03-19 16:57:25.341  1750  1750 E HWComposer: getLayerReleaseFence failed for display -1: Invalid display
03-19 16:57:25.823  1750  1750 E HWComposer: getLayerReleaseFence failed for display -1: Invalid display
