--------- beginning of system
--------- beginning of main
03-19 16:56:15.747  1756  1981 E         : Couldn't opendir /data/app/vmdl1642266059.tmp: No such file or directory
03-19 16:56:15.747  1756  1981 E installd: Failed to delete /data/app/vmdl1642266059.tmp: No such file or directory
03-19 16:56:15.753  5935  5935 I GsaVoiceInteractionSrv: (REDACTED) O received %s
03-19 16:56:15.761  1918  1918 W system_server: Unknown chunk type '200'.
03-19 16:56:15.761  1918  2847 W BroadcastQueue: Background execution not allowed: receiving Intent { act=android.intent.action.PACKAGE_ADDED dat=package:io.github.ylimit.droidbotapp flg=0x4000010 (has extras) } to com.android.musicfx/.Compatibility$Receiver
03-19 16:56:15.762  1918  1932 W BroadcastQueue: Background execution not allowed: receiving Intent { act=android.intent.action.PACKAGE_ADDED dat=package:io.github.ylimit.droidbotapp flg=0x4000010 (has extras) } to com.android.vending/com.google.android.finsky.packagemonitor.impl.PackageMonitorReceiverImpl$RegisteredReceiver
03-19 16:56:15.762  1918  1932 W BroadcastQueue: Background execution not allowed: receiving Intent { act=android.intent.action.PACKAGE_ADDED dat=package:io.github.ylimit.droidbotapp flg=0x4000010 (has extras) } to com.android.vending/com.google.android.finsky.packagemonitor.backgroundimpl.BackgroundPackageMonitorReceiverImpl$RegisteredReceiver
03-19 16:56:15.762  1918  1932 W BroadcastQueue: Background execution not allowed: receiving Intent { act=android.intent.action.PACKAGE_ADDED dat=package:io.github.ylimit.droidbotapp flg=0x4000010 (has extras) } to com.google.android.gms/.chimera.GmsIntentOperationService$PersistentTrustedReceiver
03-19 16:56:15.762  1918  1932 W BroadcastQueue: Background execution not allowed: receiving Intent { act=android.intent.action.PACKAGE_ADDED dat=package:io.github.ylimit.droidbotapp flg=0x4000010 (has extras) } to com.google.android.gms/.games.chimera.GamesSystemBroadcastReceiverProxy
03-19 16:56:15.762  1918  1932 W BroadcastQueue: Background execution not allowed: receiving Intent { act=android.intent.action.PACKAGE_ADDED dat=package:io.github.ylimit.droidbotapp flg=0x4000010 (has extras) } to com.google.android.gms/.gass.chimera.PackageChangeBroadcastReceiver
03-19 16:56:15.769  1918  1991 I InputReader: Reconfiguring input devices.  changes=0x00000010
03-19 16:56:15.781  7566  8482 I Auth    : [SupervisedAccountIntentOperation] onHandleIntent(): android.intent.action.PACKAGE_ADDED
03-19 16:56:15.784  7584  8477 I FontLog : (REDACTED) Package %s has no metadata
03-19 16:56:15.794  1918  1918 I Telecom : DefaultDialerCache: Refreshing default dialer for user 0: now com.google.android.dialer: DDC.oR@AOQ
03-19 16:56:15.795  7584  8481 W GCM     : Unexpected forwarded intent: Intent { act=android.intent.action.PACKAGE_ADDED dat=package:io.github.ylimit.droidbotapp flg=0x4000010 pkg=com.google.android.gms cmp=com.google.android.gms/.chimera.PersistentIntentOperationService (has extras) }
03-19 16:56:15.800  7584  8476 W GCM     : Unexpected forwarded intent: Intent { act=android.intent.action.PACKAGE_ADDED dat=package:io.github.ylimit.droidbotapp flg=0x4000010 pkg=com.google.android.gms cmp=com.google.android.gms/.chimera.PersistentIntentOperationService (has extras) }
03-19 16:56:15.824  7566  8482 I Blockstore: (REDACTED) [DataStoreImpl] Clearing Blockstore Data for package %s
03-19 16:56:15.845  7566  8177 I Blockstore: [DataStoreImpl] Keyless data not found or its IsLastInstallationData = false. [CONTEXT service_id=258 ]
03-19 16:56:15.893  7566  7818 I Icing   : IndexChimeraService.getServiceInterface callingPackage=com.google.android.gms componentName=AppsCorpus serviceId=36
03-19 16:56:15.915  7566  8274 I Icing   : Usage reports ok 0, Failed Usage reports 0, indexed 0, rejected 0
03-19 16:56:15.915  7566  8274 I Icing   : Indexing com.google.android.gms-apps from com.google.android.gms
03-19 16:56:15.916  7566  7836 I Icing   : IndexChimeraService.getServiceInterface callingPackage=com.google.android.gms componentName=null serviceId=30
03-19 16:56:15.920  7311  7340 I A       : NGA disabled due to not being eligible.
03-19 16:56:15.924  7566  8274 I Icing   : Usage reports ok 0, Failed Usage reports 0, indexed 0, rejected 0
03-19 16:56:15.924  7566  8274 I Icing   : Indexing done com.google.android.gms-apps
03-19 16:56:15.925  8501  8501 I mit.droidbotap: Not late-enabling -Xcheck:jni (already on)
03-19 16:56:15.929  1918  1934 I ActivityManager: Start proc 8501:io.github.ylimit.droidbotapp/u0a85 for service io.github.ylimit.droidbotapp/io.github.privacystreams.accessibility.PSAccessibilityService
03-19 16:56:15.939  8501  8501 W mit.droidbotap: Unexpected CPU variant for X86 using defaults: x86_64
03-19 16:56:16.091  8501  8501 W mit.droidbotap: Accessing hidden field Landroid/os/Trace;->TRACE_TAG_APP:J (light greylist, reflection)
03-19 16:56:16.091  8501  8501 W mit.droidbotap: Accessing hidden method Landroid/os/Trace;->isTagEnabled(J)Z (light greylist, reflection)
03-19 16:56:16.323  1918  1918 W InputMethodManagerService: Illegal subtype state: old subtype = null, new subtype = android.view.inputmethod.InputMethodSubtype@70bfcd7e
03-19 16:56:16.395  7363  7363 I GoogleInputMethod: onReceive() : Action = android.intent.action.INPUT_METHOD_CHANGED
03-19 16:56:16.398  7363  7363 I GoogleInputMethod: onFinishInput() : Dummy InputConnection bound
03-19 16:56:16.400  7363  7363 I IcingNotification: IcingNotificationReceiver unregistered
03-19 16:56:16.401  7363  7363 I EmojiSearchExtension: onDestroy()
03-19 16:56:16.401  7363  7363 I EmojiSearchExtension: onDeactivate()
03-19 16:56:16.402  7363  7363 I ModuleManager: com.google.android.apps.inputmethod.libs.pill.IPillExtension changed to unavailable
03-19 16:56:16.402  7363  7363 I ModuleManager: com.google.android.apps.inputmethod.libs.search.IEmojiSearchExtension changed to unavailable
03-19 16:56:16.402  7363  7363 I ModuleManager: com.google.android.apps.inputmethod.libs.search.INativeCardExtension changed to unavailable
03-19 16:56:16.402  7363  7363 I ModuleManager: com.google.android.apps.inputmethod.libs.search.IEmojiOrGifExtension changed to unavailable
03-19 16:56:16.402  7363  7363 I ModuleManager: com.google.android.apps.inputmethod.libs.search.sense.IConversationToQueryExtension changed to unavailable
03-19 16:56:16.402  7363  7363 I Conv2QueryExtension: onDestroy()
03-19 16:56:16.402  7363  7363 I C2QClientSingleton: deregistering client 'Conv2QueryExtension'
03-19 16:56:16.402  7363  7363 I C2QClientSingleton: number of registered clients: 0
03-19 16:56:16.402  7363  7363 I ModuleManager: com.google.android.apps.inputmethod.libs.search.IGifEntryPointCandidateExtension changed to unavailable
03-19 16:56:16.402  7363  7363 I GifEntryExtension: onDestroy()
03-19 16:56:16.402  7363  7363 I GifEntryExtension: onDeactivate()
03-19 16:56:16.403  7363  7363 I ModuleManager: com.google.android.apps.inputmethod.libs.search.IEmojiDataExtension changed to unavailable
03-19 16:56:16.403  7363  7363 I EmojiDataExtension: onDestroy()
03-19 16:56:16.403  7363  7443 W Delight5Decoder: removePredictionEngine() : Unknown engine cvt@5a64d28
03-19 16:56:16.403  7363  7363 I ModuleManager: com.google.android.apps.inputmethod.libs.search.IUniversalMediaExtension changed to unavailable
03-19 16:56:16.403  7363  7363 I ModuleManager: com.google.android.apps.inputmethod.libs.search.IFeatureCardNoticeExtension changed to unavailable
03-19 16:56:16.403  7363  7363 I ModuleManager: com.google.android.apps.inputmethod.libs.search.IDoodleExtension changed to unavailable
03-19 16:56:16.403  7363  7363 I ModuleManager: com.google.android.apps.inputmethod.libs.search.IGifKeyboardExtension changed to unavailable
03-19 16:56:16.403  7363  7363 I ModuleManager: com.google.android.apps.inputmethod.libs.search.IDefaultStickerExtension changed to unavailable
03-19 16:56:16.403  7363  7363 I ModuleManager: com.google.android.apps.inputmethod.libs.search.IStickerExtension changed to unavailable
03-19 16:56:16.403  7363  7363 I ModuleManager: com.google.android.apps.inputmethod.libs.search.IBitmojiExtension changed to unavailable
03-19 16:56:16.403  7363  7363 I ModuleManager: com.google.android.apps.inputmethod.libs.textediting.ITextEditingExtension changed to unavailable
03-19 16:56:16.403  7363  7363 I ModuleManager: com.google.android.apps.inputmethod.libs.search.IEmoticonExtension changed to unavailable
03-19 16:56:16.403  7363  7363 I ModuleManager: com.google.android.apps.inputmethod.libs.translate.ITranslateUIExtension changed to unavailable
03-19 16:56:16.403  7363  7363 I ModuleManager: com.google.android.apps.inputmethod.libs.hmm.superpacks.IHmmModule changed to unavailable
03-19 16:56:16.403  7363  7363 I ModuleManager: com.google.android.apps.inputmethod.libs.handwriting.ime.IHandwritingImeExtension changed to unavailable
03-19 16:56:16.861  8565  8565 W app_process: Unexpected CPU variant for X86 using defaults: x86_64
03-19 16:56:16.866  8565  8565 I app_process: The ClassLoaderContext is a special shared library.
03-19 16:56:16.868  8565  8565 W app_process: CheckJNI: method to register "write" not in the given class. This is slow, consider changing your RegisterNatives calls.
03-19 16:56:16.868  8565  8565 I chatty  : uid=2000(shell) main identical 42 lines
03-19 16:56:16.868  8565  8565 W app_process: CheckJNI: method to register "write" not in the given class. This is slow, consider changing your RegisterNatives calls.
03-19 16:56:16.868  8565  8565 W app_process: CheckJNI: method to register "write_non_chained" not in the given class. This is slow, consider changing your RegisterNatives calls.
03-19 16:56:16.868  8565  8565 I chatty  : uid=2000(shell) main identical 7 lines
03-19 16:56:16.868  8565  8565 W app_process: CheckJNI: method to register "write_non_chained" not in the given class. This is slow, consider changing your RegisterNatives calls.
03-19 16:56:16.878  8565  8565 I Input   : injectKeyEvent: KeyEvent { action=ACTION_DOWN, keyCode=KEYCODE_MENU, scanCode=0, metaState=0, flags=0x0, repeatCount=0, eventTime=920643, downTime=920643, deviceId=-1, source=0x101 }
03-19 16:56:16.892  8565  8565 I Input   : injectKeyEvent: KeyEvent { action=ACTION_UP, keyCode=KEYCODE_MENU, scanCode=0, metaState=0, flags=0x0, repeatCount=0, eventTime=920643, downTime=920643, deviceId=-1, source=0x101 }
03-19 16:56:17.066  8577  8577 W app_process: Unexpected CPU variant for X86 using defaults: x86_64
03-19 16:56:17.089  8577  8577 I app_process: The ClassLoaderContext is a special shared library.
03-19 16:56:17.093  8577  8577 W app_process: CheckJNI: method to register "write" not in the given class. This is slow, consider changing your RegisterNatives calls.
03-19 16:56:17.094  8577  8577 I chatty  : uid=2000(shell) main identical 42 lines
03-19 16:56:17.094  8577  8577 W app_process: CheckJNI: method to register "write" not in the given class. This is slow, consider changing your RegisterNatives calls.
03-19 16:56:17.094  8577  8577 W app_process: CheckJNI: method to register "write_non_chained" not in the given class. This is slow, consider changing your RegisterNatives calls.
03-19 16:56:17.094  8577  8577 I chatty  : uid=2000(shell) main identical 7 lines
03-19 16:56:17.094  8577  8577 W app_process: CheckJNI: method to register "write_non_chained" not in the given class. This is slow, consider changing your RegisterNatives calls.
03-19 16:56:17.106  8577  8577 I Input   : injectKeyEvent: KeyEvent { action=ACTION_DOWN, keyCode=KEYCODE_BACK, scanCode=0, metaState=0, flags=0x0, repeatCount=0, eventTime=920872, downTime=920872, deviceId=-1, source=0x101 }
03-19 16:56:17.288  8577  8577 I Input   : injectKeyEvent: KeyEvent { action=ACTION_UP, keyCode=KEYCODE_BACK, scanCode=0, metaState=0, flags=0x0, repeatCount=0, eventTime=920872, downTime=920872, deviceId=-1, source=0x101 }
03-19 16:56:17.684  1756  1981 E         : Couldn't opendir /data/app/vmdl901526059.tmp: No such file or directory
03-19 16:56:17.684  1756  1981 E installd: Failed to delete /data/app/vmdl901526059.tmp: No such file or directory
03-19 16:56:17.697  5935  5935 I GsaVoiceInteractionSrv: (REDACTED) O received %s
03-19 16:56:17.699  1918  4232 W BroadcastQueue: Background execution not allowed: receiving Intent { act=android.intent.action.PACKAGE_ADDED dat=package:com.bitbar.testdroid flg=0x4000010 (has extras) } to com.android.musicfx/.Compatibility$Receiver
03-19 16:56:17.700  1918  1932 W BroadcastQueue: Background execution not allowed: receiving Intent { act=android.intent.action.PACKAGE_ADDED dat=package:com.bitbar.testdroid flg=0x4000010 (has extras) } to com.android.vending/com.google.android.finsky.packagemonitor.impl.PackageMonitorReceiverImpl$RegisteredReceiver
03-19 16:56:17.700  1918  1932 W BroadcastQueue: Background execution not allowed: receiving Intent { act=android.intent.action.PACKAGE_ADDED dat=package:com.bitbar.testdroid flg=0x4000010 (has extras) } to com.android.vending/com.google.android.finsky.packagemonitor.backgroundimpl.BackgroundPackageMonitorReceiverImpl$RegisteredReceiver
03-19 16:56:17.700  1918  1932 W BroadcastQueue: Background execution not allowed: receiving Intent { act=android.intent.action.PACKAGE_ADDED dat=package:com.bitbar.testdroid flg=0x4000010 (has extras) } to com.google.android.gms/.chimera.GmsIntentOperationService$PersistentTrustedReceiver
03-19 16:56:17.700  1918  1932 W BroadcastQueue: Background execution not allowed: receiving Intent { act=android.intent.action.PACKAGE_ADDED dat=package:com.bitbar.testdroid flg=0x4000010 (has extras) } to com.google.android.gms/.games.chimera.GamesSystemBroadcastReceiverProxy
03-19 16:56:17.700  1918  1932 W BroadcastQueue: Background execution not allowed: receiving Intent { act=android.intent.action.PACKAGE_ADDED dat=package:com.bitbar.testdroid flg=0x4000010 (has extras) } to com.google.android.gms/.gass.chimera.PackageChangeBroadcastReceiver
03-19 16:56:17.700  1918  1991 I InputReader: Reconfiguring input devices.  changes=0x00000010
03-19 16:56:17.712  1918  1918 I Telecom : DefaultDialerCache: Refreshing default dialer for user 0: now com.google.android.dialer: DDC.oR@AOU
03-19 16:56:17.713  7584  8488 W GCM     : Unexpected forwarded intent: Intent { act=android.intent.action.PACKAGE_ADDED dat=package:com.bitbar.testdroid flg=0x4000010 pkg=com.google.android.gms cmp=com.google.android.gms/.chimera.PersistentIntentOperationService (has extras) }
03-19 16:56:17.713  7584  8476 W GCM     : Unexpected forwarded intent: Intent { act=android.intent.action.PACKAGE_ADDED dat=package:com.bitbar.testdroid flg=0x4000010 pkg=com.google.android.gms cmp=com.google.android.gms/.chimera.PersistentIntentOperationService (has extras) }
03-19 16:56:17.715  7584  8479 I FontLog : (REDACTED) Package %s has no metadata
03-19 16:56:17.718  7566  8482 I Auth    : [SupervisedAccountIntentOperation] onHandleIntent(): android.intent.action.PACKAGE_ADDED
03-19 16:56:17.721  7566  8482 I Blockstore: (REDACTED) [DataStoreImpl] Clearing Blockstore Data for package %s
03-19 16:56:17.721  7566  8482 I Blockstore: [DataStoreImpl] Keyless data not found or its IsLastInstallationData = false. [CONTEXT service_id=258 ]
03-19 16:56:17.737  7566  7802 I Icing   : Indexing com.google.android.gms-apps from com.google.android.gms
03-19 16:56:17.739  7566  7802 I Icing   : Indexing done com.google.android.gms-apps
03-19 16:56:20.099  1750  1945 E SurfaceFlinger: ro.sf.lcd_density must be defined as a build property
03-19 16:56:20.497  8641  8641 W d.process.medi: Unexpected CPU variant for X86 using defaults: x86_64
03-19 16:56:20.499  1918  1934 I ActivityManager: Start proc 8641:android.process.media/u0a15 for broadcast com.android.providers.media/.MediaScannerReceiver
03-19 16:56:20.499  8641  8641 E d.process.medi: Not starting debugger since process cannot load the jdwp agent.
03-19 16:56:20.519  8641  8641 I d.process.medi: The ClassLoaderContext is a special shared library.
03-19 16:56:20.527  8641  8641 I d.process.medi: The ClassLoaderContext is a special shared library.
03-19 16:56:21.108  1918  2181 I ActivityManager: Force stopping com.bitbar.testdroid appid=10086 user=0: from pid 8673
03-19 16:56:21.235  8675  8675 W app_process: Unexpected CPU variant for X86 using defaults: x86_64
03-19 16:56:21.236  8675  8675 I app_process: The ClassLoaderContext is a special shared library.
03-19 16:56:21.238  8675  8675 W app_process: CheckJNI: method to register "write" not in the given class. This is slow, consider changing your RegisterNatives calls.
03-19 16:56:21.238  8675  8675 I chatty  : uid=2000(shell) main identical 42 lines
03-19 16:56:21.238  8675  8675 W app_process: CheckJNI: method to register "write" not in the given class. This is slow, consider changing your RegisterNatives calls.
03-19 16:56:21.238  8675  8675 W app_process: CheckJNI: method to register "write_non_chained" not in the given class. This is slow, consider changing your RegisterNatives calls.
03-19 16:56:21.238  8675  8675 I chatty  : uid=2000(shell) main identical 7 lines
03-19 16:56:21.238  8675  8675 W app_process: CheckJNI: method to register "write_non_chained" not in the given class. This is slow, consider changing your RegisterNatives calls.
03-19 16:56:21.247  8675  8675 I Input   : injectKeyEvent: KeyEvent { action=ACTION_DOWN, keyCode=KEYCODE_HOME, scanCode=0, metaState=0, flags=0x0, repeatCount=0, eventTime=925012, downTime=925012, deviceId=-1, source=0x101 }
03-19 16:56:21.248  8675  8675 I Input   : injectKeyEvent: KeyEvent { action=ACTION_UP, keyCode=KEYCODE_HOME, scanCode=0, metaState=0, flags=0x0, repeatCount=0, eventTime=925012, downTime=925012, deviceId=-1, source=0x101 }
03-19 16:56:21.250  1918  1990 I ActivityManager: START u0 {act=android.intent.action.MAIN cat=[android.intent.category.HOME] flg=0x10200000 cmp=com.google.android.apps.nexuslauncher/.NexusLauncherActivity (has extras)} from uid 1000
03-19 16:56:21.250  2080  2080 I vol.Events: writeEvent dismiss_dialog volume_controller
03-19 16:56:22.579  1750  1899 E SurfaceFlinger: ro.sf.lcd_density must be defined as a build property
03-19 16:56:22.973  1764  1803 E storaged: getDiskStats failed with result NOT_SUPPORTED and size 0
03-19 16:56:24.067  1750  1899 E SurfaceFlinger: ro.sf.lcd_density must be defined as a build property
03-19 16:56:25.420  1750  1899 E SurfaceFlinger: ro.sf.lcd_density must be defined as a build property
03-19 16:56:26.464  1918  2300 I ActivityManager: START u0 {act=android.intent.action.MAIN cat=[android.intent.category.LAUNCHER] flg=0x10000000 cmp=com.bitbar.testdroid/.BitbarSampleApplicationActivity} from uid 2000
03-19 16:56:26.560  8807  8807 I itbar.testdroi: Not late-enabling -Xcheck:jni (already on)
03-19 16:56:26.566  1918  1934 I ActivityManager: Start proc 8807:com.bitbar.testdroid/u0a86 for activity com.bitbar.testdroid/.BitbarSampleApplicationActivity
03-19 16:56:26.575  8807  8807 W itbar.testdroi: Unexpected CPU variant for X86 using defaults: x86_64
03-19 16:56:26.612  7311  7311 I A       : onPause
03-19 16:56:26.663  1918  2178 W ActivityManager: Slow operation: 70ms so far, now at attachApplicationLocked: after mServices.attachApplicationLocked
03-19 16:56:27.122  1750  1899 E SurfaceFlinger: ro.sf.lcd_density must be defined as a build property
03-19 16:56:27.240  8807  8833 I ConfigStore: android::hardware::configstore::V1_0::ISurfaceFlingerConfigs::hasWideColorDisplay retrieved: 0
03-19 16:56:27.240  8807  8833 I ConfigStore: android::hardware::configstore::V1_0::ISurfaceFlingerConfigs::hasHDRDisplay retrieved: 0
03-19 16:56:27.240  8807  8833 I OpenGLRenderer: Initialized EGL, version 1.4
03-19 16:56:27.254  1750  2231 E SurfaceFlinger: ro.sf.lcd_density must be defined as a build property
03-19 16:56:27.998  8807  8833 I OpenGLRenderer: Davey! duration=808ms; Flags=0, IntendedVsync=930950358389, Vsync=931050358385, OldestInputEvent=9223372036854775807, NewestInputEvent=0, HandleInputStart=931052877382, AnimationStart=931052939273, PerformTraversalsStart=931052971556, DrawStart=931058436042, SyncQueued=931067484637, SyncStart=931073160848, IssueDrawCommandsStart=931091515911, SwapBuffers=931700743840, FrameCompleted=931764136496, DequeueBufferDuration=29000, QueueBufferDuration=765000, 
03-19 16:56:28.005  1750  2231 E SurfaceFlinger: ro.sf.lcd_density must be defined as a build property
03-19 16:56:28.070  1918  1941 I ActivityManager: Displayed com.bitbar.testdroid/.BitbarSampleApplicationActivity: +1s506ms
03-19 16:56:28.087  8807  8807 I AssistStructure: Flattened final assist data: 3424 bytes, containing 1 windows, 9 views
03-19 16:56:28.124  7311  7311 I A       : onStop
03-19 16:56:28.146  1750  1750 W SurfaceFlinger: couldn't log to binary event log: overflow.
03-19 16:56:28.146  1750  1750 W SurfaceFlinger: couldn't log to binary event log: overflow.
03-19 16:56:28.222  7584  7584 I GmsCoreXrpcWrapper: (REDACTED) Returning a channel provider with trafficStatsTag=%d trafficStatsUid=%d
03-19 16:56:28.237  1750  2231 W SurfaceFlinger: Attempting to set client state on removed layer: Splash Screen com.bitbar.testdroid#0
03-19 16:56:28.237  1750  2231 W SurfaceFlinger: Attempting to destroy on removed layer: Splash Screen com.bitbar.testdroid#0
03-19 16:56:28.313  1750  1945 E SurfaceFlinger: ro.sf.lcd_density must be defined as a build property
03-19 16:56:28.351  8873  8873 W .android.gms.u: Unexpected CPU variant for X86 using defaults: x86_64
03-19 16:56:28.352  1918  4886 I AssistStructure: Flattened final assist data: 3248 bytes, containing 1 windows, 9 views
03-19 16:56:28.360  8873  8873 E .android.gms.u: Not starting debugger since process cannot load the jdwp agent.
03-19 16:56:28.361  1918  1934 I ActivityManager: Start proc 8873:com.google.android.gms.ui/u0a18 for service com.google.android.gms/.chimera.UiIntentOperationService
03-19 16:56:28.371  7584  7584 W AutofillChimeraService: Pending fill request while another request in the same session was triggered. [CONTEXT service_id=177 ]
03-19 16:56:28.377  8873  8873 I .android.gms.u: The ClassLoaderContext is a special shared library.
03-19 16:56:28.378  8873  8873 I chatty  : uid=10018 com.google.android.gms.ui identical 1 line
03-19 16:56:28.378  8873  8873 I .android.gms.u: The ClassLoaderContext is a special shared library.
03-19 16:56:28.403  8873  8873 W .android.gms.u: JIT profile information will not be recorded: profile file does not exits.
03-19 16:56:28.403  8873  8873 W .android.gms.u: JIT profile information will not be recorded: profile file does not exits.
03-19 16:56:28.405  8873  8873 W .android.gms.u: Unknown chunk type '200'.
03-19 16:56:28.499  8501  8867 I ConfigStore: android::hardware::configstore::V1_0::ISurfaceFlingerConfigs::hasWideColorDisplay retrieved: 0
03-19 16:56:28.499  8501  8867 I ConfigStore: android::hardware::configstore::V1_0::ISurfaceFlingerConfigs::hasHDRDisplay retrieved: 0
03-19 16:56:28.499  8501  8867 I OpenGLRenderer: Initialized EGL, version 1.4
03-19 16:56:28.515  1750  2231 E SurfaceFlinger: ro.sf.lcd_density must be defined as a build property
03-19 16:56:28.741  8873  8873 W ProviderHelper: Unknown dynamite feature providerinstaller.dynamite
03-19 16:56:28.741  8873  8873 I DynamiteModule: Considering local module com.google.android.gms.providerinstaller.dynamite:1 and remote module com.google.android.gms.providerinstaller.dynamite:0
03-19 16:56:28.741  8873  8873 I DynamiteModule: Selected local version of com.google.android.gms.providerinstaller.dynamite
03-19 16:56:28.769  8873  8873 I ProviderInstaller: Installed default security provider GmsCore_OpenSSL
03-19 16:56:28.833  8873  8912 I GMS_MM_Logger: (REDACTED) Start time: %s
03-19 16:56:28.833  8873  8873 W ddgo    : Primes not initialized, returning default (no-op) Primes instance which will ignore all calls. Please call Primes.initialize(...) before using any Primes API.
03-19 16:56:28.833  8873  8873 W ddgo    : drdy: FULL
03-19 16:56:28.833  8873  8873 W ddgo    : 	at a.T(:com.google.android.gms@240812026@24.08.12 (100800-608507424):9)
03-19 16:56:28.833  8873  8873 W ddgo    : 	at ddfv.a(:com.google.android.gms@240812026@24.08.12 (100800-608507424):32)
03-19 16:56:28.833  8873  8873 W ddgo    : 	at com.google.android.gms.common.app.GmsApplication.onCreate(:com.google.android.gms@240812026@24.08.12 (100800-608507424):402)
03-19 16:56:28.833  8873  8873 W ddgo    : 	at android.app.Instrumentation.callApplicationOnCreate(Instrumentation.java:1154)
03-19 16:56:28.833  8873  8873 W ddgo    : 	at android.app.ActivityThread.handleBindApplication(ActivityThread.java:5871)
03-19 16:56:28.833  8873  8873 W ddgo    : 	at android.app.ActivityThread.access$1100(ActivityThread.java:199)
03-19 16:56:28.833  8873  8873 W ddgo    : 	at android.app.ActivityThread$H.handleMessage(ActivityThread.java:1650)
03-19 16:56:28.833  8873  8873 W ddgo    : 	at android.os.Handler.dispatchMessage(Handler.java:106)
03-19 16:56:28.833  8873  8873 W ddgo    : 	at android.os.Looper.loop(Looper.java:193)
03-19 16:56:28.833  8873  8873 W ddgo    : 	at android.app.ActivityThread.main(ActivityThread.java:6669)
03-19 16:56:28.833  8873  8873 W ddgo    : 	at java.lang.reflect.Method.invoke(Native Method)
03-19 16:56:28.833  8873  8873 W ddgo    : 	at com.android.internal.os.RuntimeInit$MethodAndArgsCaller.run(RuntimeInit.java:493)
03-19 16:56:28.833  8873  8873 W ddgo    : 	at com.android.internal.os.ZygoteInit.main(ZygoteInit.java:858)
03-19 16:56:28.834  8873  8912 I GMS_MM_Logger: Started.
03-19 16:56:28.916  7584  7597 W System  : A resource failed to call close. 
03-19 16:56:29.139  1750  2231 E SurfaceFlinger: ro.sf.lcd_density must be defined as a build property
03-19 16:56:30.061  1918  2069 E TaskPersister: File error accessing recents directory (directory doesn't exist?).
03-19 16:56:30.723  1750  2231 E SurfaceFlinger: ro.sf.lcd_density must be defined as a build property
03-19 16:56:32.642  9022  9022 W app_process: Unexpected CPU variant for X86 using defaults: x86_64
03-19 16:56:32.643  9022  9022 I app_process: The ClassLoaderContext is a special shared library.
03-19 16:56:32.645  9022  9022 W app_process: CheckJNI: method to register "write" not in the given class. This is slow, consider changing your RegisterNatives calls.
03-19 16:56:32.646  9022  9022 I chatty  : uid=2000(shell) main identical 42 lines
03-19 16:56:32.646  9022  9022 W app_process: CheckJNI: method to register "write" not in the given class. This is slow, consider changing your RegisterNatives calls.
03-19 16:56:32.646  9022  9022 W app_process: CheckJNI: method to register "write_non_chained" not in the given class. This is slow, consider changing your RegisterNatives calls.
03-19 16:56:32.646  9022  9022 I chatty  : uid=2000(shell) main identical 7 lines
03-19 16:56:32.646  9022  9022 W app_process: CheckJNI: method to register "write_non_chained" not in the given class. This is slow, consider changing your RegisterNatives calls.
03-19 16:56:32.659  9022  9022 I Input   : injectMotionEvent: MotionEvent { action=ACTION_DOWN, actionButton=0, id[0]=0, x[0]=300.0, y[0]=784.0, toolType[0]=TOOL_TYPE_UNKNOWN, buttonState=0, metaState=0, flags=0x0, edgeFlags=0x0, pointerCount=1, historySize=0, eventTime=936422, downTime=936422, deviceId=0, source=0x1002 }
03-19 16:56:32.662  9022  9022 I Input   : injectMotionEvent: MotionEvent { action=ACTION_MOVE, actionButton=0, id[0]=0, x[0]=300.0, y[0]=784.0, toolType[0]=TOOL_TYPE_UNKNOWN, buttonState=0, metaState=0, flags=0x0, edgeFlags=0x0, pointerCount=1, historySize=0, eventTime=936422, downTime=936422, deviceId=0, source=0x1002 }
03-19 16:56:32.667  9022  9022 I Input   : injectMotionEvent: MotionEvent { action=ACTION_MOVE, actionButton=0, id[0]=0, x[0]=300.0, y[0]=784.0, toolType[0]=TOOL_TYPE_UNKNOWN, buttonState=0, metaState=0, flags=0x0, edgeFlags=0x0, pointerCount=1, historySize=0, eventTime=936433, downTime=936433, deviceId=0, source=0x1002 }
03-19 16:56:32.684  9022  9022 I Input   : injectMotionEvent: MotionEvent { action=ACTION_MOVE, actionButton=0, id[0]=0, x[0]=300.0, y[0]=784.0, toolType[0]=TOOL_TYPE_UNKNOWN, buttonState=0, metaState=0, flags=0x0, edgeFlags=0x0, pointerCount=1, historySize=0, eventTime=936450, downTime=936450, deviceId=0, source=0x1002 }
03-19 16:56:32.701  9022  9022 I Input   : injectMotionEvent: MotionEvent { action=ACTION_MOVE, actionButton=0, id[0]=0, x[0]=300.0, y[0]=784.0, toolType[0]=TOOL_TYPE_UNKNOWN, buttonState=0, metaState=0, flags=0x0, edgeFlags=0x0, pointerCount=1, historySize=0, eventTime=936467, downTime=936467, deviceId=0, source=0x1002 }
03-19 16:56:32.717  9022  9022 I Input   : injectMotionEvent: MotionEvent { action=ACTION_MOVE, actionButton=0, id[0]=0, x[0]=300.0, y[0]=784.0, toolType[0]=TOOL_TYPE_UNKNOWN, buttonState=0, metaState=0, flags=0x0, edgeFlags=0x0, pointerCount=1, historySize=0, eventTime=936483, downTime=936483, deviceId=0, source=0x1002 }
03-19 16:56:32.734  9022  9022 I Input   : injectMotionEvent: MotionEvent { action=ACTION_MOVE, actionButton=0, id[0]=0, x[0]=300.0, y[0]=784.0, toolType[0]=TOOL_TYPE_UNKNOWN, buttonState=0, metaState=0, flags=0x0, edgeFlags=0x0, pointerCount=1, historySize=0, eventTime=936500, downTime=936500, deviceId=0, source=0x1002 }
03-19 16:56:32.751  9022  9022 I Input   : injectMotionEvent: MotionEvent { action=ACTION_MOVE, actionButton=0, id[0]=0, x[0]=300.0, y[0]=784.0, toolType[0]=TOOL_TYPE_UNKNOWN, buttonState=0, metaState=0, flags=0x0, edgeFlags=0x0, pointerCount=1, historySize=0, eventTime=936517, downTime=936517, deviceId=0, source=0x1002 }
03-19 16:56:32.768  9022  9022 I Input   : injectMotionEvent: MotionEvent { action=ACTION_MOVE, actionButton=0, id[0]=0, x[0]=300.0, y[0]=784.0, toolType[0]=TOOL_TYPE_UNKNOWN, buttonState=0, metaState=0, flags=0x0, edgeFlags=0x0, pointerCount=1, historySize=0, eventTime=936534, downTime=936534, deviceId=0, source=0x1002 }
03-19 16:56:32.785  9022  9022 I Input   : injectMotionEvent: MotionEvent { action=ACTION_MOVE, actionButton=0, id[0]=0, x[0]=300.0, y[0]=784.0, toolType[0]=TOOL_TYPE_UNKNOWN, buttonState=0, metaState=0, flags=0x0, edgeFlags=0x0, pointerCount=1, historySize=0, eventTime=936551, downTime=936551, deviceId=0, source=0x1002 }
03-19 16:56:32.804  9022  9022 I Input   : injectMotionEvent: MotionEvent { action=ACTION_MOVE, actionButton=0, id[0]=0, x[0]=300.0, y[0]=784.0, toolType[0]=TOOL_TYPE_UNKNOWN, buttonState=0, metaState=0, flags=0x0, edgeFlags=0x0, pointerCount=1, historySize=0, eventTime=936569, downTime=936569, deviceId=0, source=0x1002 }
03-19 16:56:32.819  9022  9022 I Input   : injectMotionEvent: MotionEvent { action=ACTION_MOVE, actionButton=0, id[0]=0, x[0]=300.0, y[0]=784.0, toolType[0]=TOOL_TYPE_UNKNOWN, buttonState=0, metaState=0, flags=0x0, edgeFlags=0x0, pointerCount=1, historySize=0, eventTime=936585, downTime=936585, deviceId=0, source=0x1002 }
03-19 16:56:32.835  9022  9022 I Input   : injectMotionEvent: MotionEvent { action=ACTION_MOVE, actionButton=0, id[0]=0, x[0]=300.0, y[0]=784.0, toolType[0]=TOOL_TYPE_UNKNOWN, buttonState=0, metaState=0, flags=0x0, edgeFlags=0x0, pointerCount=1, historySize=0, eventTime=936601, downTime=936601, deviceId=0, source=0x1002 }
03-19 16:56:32.852  9022  9022 I Input   : injectMotionEvent: MotionEvent { action=ACTION_MOVE, actionButton=0, id[0]=0, x[0]=300.0, y[0]=784.0, toolType[0]=TOOL_TYPE_UNKNOWN, buttonState=0, metaState=0, flags=0x0, edgeFlags=0x0, pointerCount=1, historySize=0, eventTime=936618, downTime=936618, deviceId=0, source=0x1002 }
03-19 16:56:32.869  9022  9022 I Input   : injectMotionEvent: MotionEvent { action=ACTION_UP, actionButton=0, id[0]=0, x[0]=300.0, y[0]=784.0, toolType[0]=TOOL_TYPE_UNKNOWN, buttonState=0, metaState=0, flags=0x0, edgeFlags=0x0, pointerCount=1, historySize=0, eventTime=936635, downTime=936635, deviceId=0, source=0x1002 }
03-19 16:56:32.875  1918  2050 I AudioTrack: AUDIO_OUTPUT_FLAG_FAST successful; frameCount 0 -> 4512
03-19 16:56:34.238  1750  2231 E SurfaceFlinger: ro.sf.lcd_density must be defined as a build property
03-19 16:56:35.920  1918  2847 I ActivityManager: Killing 6396:com.google.android.apps.messaging:rcs/u0a53 (adj 906): empty #17
03-19 16:56:35.920  1918  1935 W libprocessgroup: kill(-6396, 9) failed: No such process
03-19 16:56:35.954  1752  1752 I Zygote  : Process 6396 exited due to signal (9)
03-19 16:56:35.964  1918  1935 W libprocessgroup: kill(-6396, 9) failed: No such process
03-19 16:56:35.964  1918  1935 I libprocessgroup: Successfully killed process cgroup uid 10053 pid 6396 in 43ms
03-19 16:56:36.054  1750  2231 E SurfaceFlinger: ro.sf.lcd_density must be defined as a build property
03-19 16:56:36.231  1614  1614 W audio_hw_generic: Not supplying enough data to HAL, expected position 307527 , only wrote 154800
03-19 16:56:36.827  1918  1931 E memtrack: Couldn't load memtrack module
03-19 16:56:36.827  1918  1931 W android.os.Debug: failed to get memory consumption info: -1
03-19 16:56:36.834  1918  1931 E memtrack: Couldn't load memtrack module
03-19 16:56:36.834  1918  1931 W android.os.Debug: failed to get memory consumption info: -1
03-19 16:56:36.841  1918  1931 E memtrack: Couldn't load memtrack module
03-19 16:56:36.841  1918  1931 W android.os.Debug: failed to get memory consumption info: -1
03-19 16:56:37.690  1750  2231 E SurfaceFlinger: ro.sf.lcd_density must be defined as a build property
03-19 16:56:39.612  2851  2851 I adbd    : Calling send_auth_request...
03-19 16:56:39.676  2851  2851 I adbd    : Loading keys from /data/misc/adb/adb_keys
03-19 16:56:39.677  2851  2851 I adbd    : adb client authorized
03-19 16:56:39.735  9161  9161 W app_process: Unexpected CPU variant for X86 using defaults: x86_64
03-19 16:56:39.736  9161  9161 I app_process: The ClassLoaderContext is a special shared library.
03-19 16:56:39.739  9161  9161 W app_process: CheckJNI: method to register "write" not in the given class. This is slow, consider changing your RegisterNatives calls.
03-19 16:56:39.739  9161  9161 I chatty  : uid=2000(shell) main identical 42 lines
03-19 16:56:39.739  9161  9161 W app_process: CheckJNI: method to register "write" not in the given class. This is slow, consider changing your RegisterNatives calls.
03-19 16:56:39.739  9161  9161 W app_process: CheckJNI: method to register "write_non_chained" not in the given class. This is slow, consider changing your RegisterNatives calls.
03-19 16:56:39.739  9161  9161 I chatty  : uid=2000(shell) main identical 7 lines
03-19 16:56:39.739  9161  9161 W app_process: CheckJNI: method to register "write_non_chained" not in the given class. This is slow, consider changing your RegisterNatives calls.
03-19 16:56:39.756  9161  9161 I Input   : injectMotionEvent: MotionEvent { action=ACTION_DOWN, actionButton=0, id[0]=0, x[0]=353.0, y[0]=916.0, toolType[0]=TOOL_TYPE_UNKNOWN, buttonState=0, metaState=0, flags=0x0, edgeFlags=0x0, pointerCount=1, historySize=0, eventTime=943517, downTime=943517, deviceId=0, source=0x1002 }
03-19 16:56:39.760  9161  9161 I Input   : injectMotionEvent: MotionEvent { action=ACTION_MOVE, actionButton=0, id[0]=0, x[0]=353.0, y[0]=916.0, toolType[0]=TOOL_TYPE_UNKNOWN, buttonState=0, metaState=0, flags=0x0, edgeFlags=0x0, pointerCount=1, historySize=0, eventTime=943517, downTime=943517, deviceId=0, source=0x1002 }
03-19 16:56:39.768  9161  9161 I Input   : injectMotionEvent: MotionEvent { action=ACTION_MOVE, actionButton=0, id[0]=0, x[0]=353.0, y[0]=916.0, toolType[0]=TOOL_TYPE_UNKNOWN, buttonState=0, metaState=0, flags=0x0, edgeFlags=0x0, pointerCount=1, historySize=0, eventTime=943534, downTime=943534, deviceId=0, source=0x1002 }
03-19 16:56:39.785  9161  9161 I Input   : injectMotionEvent: MotionEvent { action=ACTION_MOVE, actionButton=0, id[0]=0, x[0]=353.0, y[0]=916.0, toolType[0]=TOOL_TYPE_UNKNOWN, buttonState=0, metaState=0, flags=0x0, edgeFlags=0x0, pointerCount=1, historySize=0, eventTime=943551, downTime=943551, deviceId=0, source=0x1002 }
03-19 16:56:39.802  9161  9161 I Input   : injectMotionEvent: MotionEvent { action=ACTION_MOVE, actionButton=0, id[0]=0, x[0]=353.0, y[0]=916.0, toolType[0]=TOOL_TYPE_UNKNOWN, buttonState=0, metaState=0, flags=0x0, edgeFlags=0x0, pointerCount=1, historySize=0, eventTime=943568, downTime=943568, deviceId=0, source=0x1002 }
03-19 16:56:39.819  9161  9161 I Input   : injectMotionEvent: MotionEvent { action=ACTION_MOVE, actionButton=0, id[0]=0, x[0]=353.0, y[0]=916.0, toolType[0]=TOOL_TYPE_UNKNOWN, buttonState=0, metaState=0, flags=0x0, edgeFlags=0x0, pointerCount=1, historySize=0, eventTime=943585, downTime=943585, deviceId=0, source=0x1002 }
03-19 16:56:39.837  9161  9161 I Input   : injectMotionEvent: MotionEvent { action=ACTION_MOVE, actionButton=0, id[0]=0, x[0]=353.0, y[0]=916.0, toolType[0]=TOOL_TYPE_UNKNOWN, buttonState=0, metaState=0, flags=0x0, edgeFlags=0x0, pointerCount=1, historySize=0, eventTime=943603, downTime=943603, deviceId=0, source=0x1002 }
03-19 16:56:39.852  9161  9161 I Input   : injectMotionEvent: MotionEvent { action=ACTION_MOVE, actionButton=0, id[0]=0, x[0]=353.0, y[0]=916.0, toolType[0]=TOOL_TYPE_UNKNOWN, buttonState=0, metaState=0, flags=0x0, edgeFlags=0x0, pointerCount=1, historySize=0, eventTime=943618, downTime=943618, deviceId=0, source=0x1002 }
03-19 16:56:39.870  9161  9161 I Input   : injectMotionEvent: MotionEvent { action=ACTION_MOVE, actionButton=0, id[0]=0, x[0]=353.0, y[0]=916.0, toolType[0]=TOOL_TYPE_UNKNOWN, buttonState=0, metaState=0, flags=0x0, edgeFlags=0x0, pointerCount=1, historySize=0, eventTime=943636, downTime=943636, deviceId=0, source=0x1002 }
03-19 16:56:39.899  9161  9161 I Input   : injectMotionEvent: MotionEvent { action=ACTION_MOVE, actionButton=0, id[0]=0, x[0]=353.0, y[0]=916.0, toolType[0]=TOOL_TYPE_UNKNOWN, buttonState=0, metaState=0, flags=0x0, edgeFlags=0x0, pointerCount=1, historySize=0, eventTime=943664, downTime=943664, deviceId=0, source=0x1002 }
03-19 16:56:39.926  9161  9161 I Input   : injectMotionEvent: MotionEvent { action=ACTION_MOVE, actionButton=0, id[0]=0, x[0]=353.0, y[0]=916.0, toolType[0]=TOOL_TYPE_UNKNOWN, buttonState=0, metaState=0, flags=0x0, edgeFlags=0x0, pointerCount=1, historySize=0, eventTime=943691, downTime=943691, deviceId=0, source=0x1002 }
03-19 16:56:39.937  9161  9161 I Input   : injectMotionEvent: MotionEvent { action=ACTION_MOVE, actionButton=0, id[0]=0, x[0]=353.0, y[0]=916.0, toolType[0]=TOOL_TYPE_UNKNOWN, buttonState=0, metaState=0, flags=0x0, edgeFlags=0x0, pointerCount=1, historySize=0, eventTime=943702, downTime=943702, deviceId=0, source=0x1002 }
03-19 16:56:39.954  9161  9161 I Input   : injectMotionEvent: MotionEvent { action=ACTION_UP, actionButton=0, id[0]=0, x[0]=353.0, y[0]=916.0, toolType[0]=TOOL_TYPE_UNKNOWN, buttonState=0, metaState=0, flags=0x0, edgeFlags=0x0, pointerCount=1, historySize=0, eventTime=943719, downTime=943719, deviceId=0, source=0x1002 }
03-19 16:56:39.961  1614  9034 W audio_hw_generic: Not supplying enough data to HAL, expected position 154856 , only wrote 154800
03-19 16:56:41.290  1750  2231 E SurfaceFlinger: ro.sf.lcd_density must be defined as a build property
03-19 16:56:42.999  1750  2231 E SurfaceFlinger: ro.sf.lcd_density must be defined as a build property
03-19 16:56:43.171  1614  1614 W audio_hw_generic: Not supplying enough data to HAL, expected position 460921 , only wrote 308880
03-19 16:56:44.749  1750  2231 E SurfaceFlinger: ro.sf.lcd_density must be defined as a build property
03-19 16:56:44.841  9263  9263 W app_process: Unexpected CPU variant for X86 using defaults: x86_64
03-19 16:56:44.850  9268  9268 W dex2oat : Unexpected CPU variant for X86 using defaults: x86_64
03-19 16:56:44.850  9268  9268 I dex2oat : /system/bin/dex2oat --dex-file=/data/local/tmp/scrcpy-server.jar --output-vdex-fd=12 --oat-fd=14 --oat-location=/data/local/tmp/oat/x86_64/scrcpy-server.odex --compiler-filter=quicken --class-loader-context=PCL[]
03-19 16:56:44.907  9268  9268 I dex2oat : dex2oat took 57.046ms (53.292ms cpu) (threads: 4) arena alloc=10KB (11168B) java alloc=100KB (102544B) native alloc=1004KB (1028232B) free=2MB (2117496B)
03-19 16:56:44.921  9263  9263 W app_process: CheckJNI: method to register "write" not in the given class. This is slow, consider changing your RegisterNatives calls.
03-19 16:56:44.922  9263  9263 I chatty  : uid=2000(shell) main identical 42 lines
03-19 16:56:44.922  9263  9263 W app_process: CheckJNI: method to register "write" not in the given class. This is slow, consider changing your RegisterNatives calls.
03-19 16:56:44.922  9263  9263 W app_process: CheckJNI: method to register "write_non_chained" not in the given class. This is slow, consider changing your RegisterNatives calls.
03-19 16:56:44.922  9263  9263 I chatty  : uid=2000(shell) main identical 7 lines
03-19 16:56:44.922  9263  9263 W app_process: CheckJNI: method to register "write_non_chained" not in the given class. This is slow, consider changing your RegisterNatives calls.
03-19 16:56:44.932  9263  9263 I scrcpy  : Device: [Google] google Android SDK built for x86_64 (Android 9)
03-19 16:56:44.951  9263  9286 W scrcpy  : Audio disabled: it is not supported before Android 11
03-19 16:56:44.953  9263  9287 I app_process: Thread[15,tid=9287,Native,Thread*=0x7a46ae9dec00,peer=0x12c35450,"video"] recursive attempt to load library "/system/lib64/libmedia_jni.so"
03-19 16:56:44.953  9263  9287 I app_process: Thread[15,tid=9287,Native,Thread*=0x7a46ae9dec00,peer=0x12c35450,"video"] recursive attempt to load library "/system/lib64/libmedia_jni.so"
03-19 16:56:44.953  9263  9287 I app_process: Thread[15,tid=9287,Native,Thread*=0x7a46ae9dec00,peer=0x12c35450,"video"] recursive attempt to load library "/system/lib64/libmedia_jni.so"
03-19 16:56:44.958  9263  9289 I OMXClient: IOmx service obtained
03-19 16:56:44.958  1766  1847 I OMXMaster: makeComponentInstance(OMX.google.h264.encoder) in omx@1.0-service process
03-19 16:56:44.962  9263  9289 W OMXUtils: do not know color format 0x7f000789 = 2130708361
03-19 16:56:44.962  9263  9289 I ACodec  : setupAVCEncoderParameters with [profile: Baseline] [level: Level41]
03-19 16:56:44.962  9263  9289 I ACodec  : [OMX.google.h264.encoder] cannot encode color aspects. Ignoring.
03-19 16:56:44.962  9263  9289 I ACodec  : [OMX.google.h264.encoder] cannot encode HDR static metadata. Ignoring.
03-19 16:56:44.962  9263  9289 I ACodec  : setupVideoEncoder succeeded
03-19 16:56:44.963  9263  9289 W OMXUtils: do not know color format 0x7f000789 = 2130708361
03-19 16:56:44.963  1766  2154 E OMXNodeInstance: getConfig(0xedba7380:google.h264.encoder, ConfigLatency(0x6f800005)) ERROR: Undefined(0x80001001)
03-19 16:56:44.963  1766  2154 E OMXNodeInstance: getConfig(0xedba7380:google.h264.encoder, ConfigAndroidVendorExtension(0x6f100004)) ERROR: Undefined(0x80001001)
03-19 16:56:44.979  1750  2231 E         : HpInterface: Wrong interface type.
03-19 16:56:44.973  1750  1750 W Binder:1750_5: type=1400 audit(0.0:95): avc: denied { call } for scontext=u:r:surfaceflinger:s0 tcontext=u:r:mediacodec:s0 tclass=binder permissive=0
03-19 16:56:44.998  1750  1750 E HWComposer: getHdrCapabilities failed for display -1: Invalid display
03-19 16:56:44.998  1766  1847 W GraphicBufferSource: released unpopulated slots: [0, 1, 2, 3, 4, 5, 6, 7, 8, 9, 10, 11, 12, 13, 14, 15, 16, 17, 18, 19, 20, 21, 22, 23, 24, 25, 26, 27, 28, 29, 30, 31, 32, 33, 34, 35, 36, 37, 38, 39, 40, 41, 42, 43, 44, 45, 46, 47, 48, 49, 50, 51, 52, 53, 54, 55, 56, 57, 58, 59, 60, 61, 62, 63]
03-19 16:56:45.029  1750  1750 E HWComposer: getSupportedPerFrameMetadata failed for display -1: Invalid display
03-19 16:56:45.031  1611  1611 W AshmemAllocator: ashmem_create_region(12) returning hidl_memory(0x79b62362c100, 12)
03-19 16:56:45.033  1611  1611 W AshmemAllocator: ashmem_create_region(12) returning hidl_memory(0x79b62362c100, 12)
03-19 16:56:45.042  1611  1611 W AshmemAllocator: ashmem_create_region(1555200) returning hidl_memory(0x79b62362c100, 1555200)
03-19 16:56:45.048  1611  1611 W AshmemAllocator: ashmem_create_region(1555200) returning hidl_memory(0x79b62362c100, 1555200)
03-19 16:56:45.055  9280  9280 W app_process: Unexpected CPU variant for X86 using defaults: x86_64
03-19 16:56:45.061  9280  9280 W app_process: CheckJNI: method to register "write" not in the given class. This is slow, consider changing your RegisterNatives calls.
03-19 16:56:45.062  9280  9280 I chatty  : uid=2000(shell) main identical 42 lines
03-19 16:56:45.062  9280  9280 W app_process: CheckJNI: method to register "write" not in the given class. This is slow, consider changing your RegisterNatives calls.
03-19 16:56:45.062  9280  9280 W app_process: CheckJNI: method to register "write_non_chained" not in the given class. This is slow, consider changing your RegisterNatives calls.
03-19 16:56:45.062  9280  9280 I chatty  : uid=2000(shell) main identical 7 lines
03-19 16:56:45.062  9280  9280 W app_process: CheckJNI: method to register "write_non_chained" not in the given class. This is slow, consider changing your RegisterNatives calls.
03-19 16:56:45.094  1750  1750 E HWComposer: getLayerReleaseFence failed for display -1: Invalid display
03-19 16:56:45.094  1750  1750 I chatty  : uid=1000(system) /system/bin/surfaceflinger identical 1 line
03-19 16:56:45.094  1750  1750 E HWComposer: getLayerReleaseFence failed for display -1: Invalid display
03-19 16:56:45.264  1750  1750 E HWComposer: getLayerReleaseFence failed for display -1: Invalid display
03-19 16:56:45.264  1750  1750 I chatty  : uid=1000(system) /system/bin/surfaceflinger identical 1 line
03-19 16:56:45.264  1750  1750 E HWComposer: getLayerReleaseFence failed for display -1: Invalid display
03-19 16:56:45.731  1750  1750 E HWComposer: getLayerReleaseFence failed for display -1: Invalid display
03-19 16:56:45.731  1750  1750 I chatty  : uid=1000(system) /system/bin/surfaceflinger identical 1 line
03-19 16:56:45.731  1750  1750 E HWComposer: getLayerReleaseFence failed for display -1: Invalid display
03-19 16:56:46.231  1750  1750 E HWComposer: getLayerReleaseFence failed for display -1: Invalid display
03-19 16:56:46.231  1750  1750 I chatty  : uid=1000(system) /system/bin/surfaceflinger identical 1 line
03-19 16:56:46.231  1750  1750 E HWComposer: getLayerReleaseFence failed for display -1: Invalid display
03-19 16:56:46.740  1750  1750 E HWComposer: getLayerReleaseFence failed for display -1: Invalid display
03-19 16:56:46.740  1750  1750 I chatty  : uid=1000(system) /system/bin/surfaceflinger identical 1 line
03-19 16:56:46.740  1750  1750 E HWComposer: getLayerReleaseFence failed for display -1: Invalid display
03-19 16:56:46.843  9393  9393 W app_process: Unexpected CPU variant for X86 using defaults: x86_64
03-19 16:56:46.844  9393  9393 I app_process: The ClassLoaderContext is a special shared library.
03-19 16:56:46.846  9393  9393 W app_process: CheckJNI: method to register "write" not in the given class. This is slow, consider changing your RegisterNatives calls.
03-19 16:56:46.846  9393  9393 I chatty  : uid=2000(shell) main identical 42 lines
03-19 16:56:46.846  9393  9393 W app_process: CheckJNI: method to register "write" not in the given class. This is slow, consider changing your RegisterNatives calls.
03-19 16:56:46.846  9393  9393 W app_process: CheckJNI: method to register "write_non_chained" not in the given class. This is slow, consider changing your RegisterNatives calls.
03-19 16:56:46.846  9393  9393 I chatty  : uid=2000(shell) main identical 7 lines
03-19 16:56:46.846  9393  9393 W app_process: CheckJNI: method to register "write_non_chained" not in the given class. This is slow, consider changing your RegisterNatives calls.
03-19 16:56:46.859  9393  9393 I Input   : injectMotionEvent: MotionEvent { action=ACTION_DOWN, actionButton=0, id[0]=0, x[0]=300.0, y[0]=784.0, toolType[0]=TOOL_TYPE_UNKNOWN, buttonState=0, metaState=0, flags=0x0, edgeFlags=0x0, pointerCount=1, historySize=0, eventTime=950622, downTime=950622, deviceId=0, source=0x1002 }
03-19 16:56:46.861  9393  9393 I Input   : injectMotionEvent: MotionEvent { action=ACTION_MOVE, actionButton=0, id[0]=0, x[0]=300.0, y[0]=784.0, toolType[0]=TOOL_TYPE_UNKNOWN, buttonState=0, metaState=0, flags=0x0, edgeFlags=0x0, pointerCount=1, historySize=0, eventTime=950622, downTime=950622, deviceId=0, source=0x1002 }
03-19 16:56:46.869  9393  9393 I Input   : injectMotionEvent: MotionEvent { action=ACTION_MOVE, actionButton=0, id[0]=0, x[0]=300.0, y[0]=784.0, toolType[0]=TOOL_TYPE_UNKNOWN, buttonState=0, metaState=0, flags=0x0, edgeFlags=0x0, pointerCount=1, historySize=0, eventTime=950635, downTime=950635, deviceId=0, source=0x1002 }
03-19 16:56:46.886  9393  9393 I Input   : injectMotionEvent: MotionEvent { action=ACTION_MOVE, actionButton=0, id[0]=0, x[0]=300.0, y[0]=784.0, toolType[0]=TOOL_TYPE_UNKNOWN, buttonState=0, metaState=0, flags=0x0, edgeFlags=0x0, pointerCount=1, historySize=0, eventTime=950652, downTime=950652, deviceId=0, source=0x1002 }
03-19 16:56:46.902  9393  9393 I Input   : injectMotionEvent: MotionEvent { action=ACTION_MOVE, actionButton=0, id[0]=0, x[0]=300.0, y[0]=784.0, toolType[0]=TOOL_TYPE_UNKNOWN, buttonState=0, metaState=0, flags=0x0, edgeFlags=0x0, pointerCount=1, historySize=0, eventTime=950668, downTime=950668, deviceId=0, source=0x1002 }
03-19 16:56:46.919  9393  9393 I Input   : injectMotionEvent: MotionEvent { action=ACTION_MOVE, actionButton=0, id[0]=0, x[0]=300.0, y[0]=784.0, toolType[0]=TOOL_TYPE_UNKNOWN, buttonState=0, metaState=0, flags=0x0, edgeFlags=0x0, pointerCount=1, historySize=0, eventTime=950685, downTime=950685, deviceId=0, source=0x1002 }
03-19 16:56:46.941  9393  9393 I Input   : injectMotionEvent: MotionEvent { action=ACTION_MOVE, actionButton=0, id[0]=0, x[0]=300.0, y[0]=784.0, toolType[0]=TOOL_TYPE_UNKNOWN, buttonState=0, metaState=0, flags=0x0, edgeFlags=0x0, pointerCount=1, historySize=0, eventTime=950706, downTime=950706, deviceId=0, source=0x1002 }
