03-19 16:59:40.917 17243 17243 I Input   : injectMotionEvent: MotionEvent { action=ACTION_MOVE, actionButton=0, id[0]=0, x[0]=300.0, y[0]=784.0, toolType[0]=TOOL_TYPE_UNKNOWN, buttonState=0, metaState=0, flags=0x0, edgeFlags=0x0, pointerCount=1, historySize=0, eventTime=1124682, downTime=1124682, deviceId=0, source=0x1002 }
03-19 16:59:40.943 17243 17243 I Input   : injectMotionEvent: MotionEvent { action=ACTION_MOVE, actionButton=0, id[0]=0, x[0]=300.0, y[0]=784.0, toolType[0]=TOOL_TYPE_UNKNOWN, buttonState=0, metaState=0, flags=0x0, edgeFlags=0x0, pointerCount=1, historySize=0, eventTime=1124709, downTime=1124709, deviceId=0, source=0x1002 }
03-19 16:59:40.952 17243 17243 I Input   : injectMotionEvent: MotionEvent { action=ACTION_MOVE, actionButton=0, id[0]=0, x[0]=300.0, y[0]=784.0, toolType[0]=TOOL_TYPE_UNKNOWN, buttonState=0, metaState=0, flags=0x0, edgeFlags=0x0, pointerCount=1, historySize=0, eventTime=1124718, downTime=1124718, deviceId=0, source=0x1002 }
03-19 16:59:40.969 17243 17243 I Input   : injectMotionEvent: MotionEvent { action=ACTION_MOVE, actionButton=0, id[0]=0, x[0]=300.0, y[0]=784.0, toolType[0]=TOOL_TYPE_UNKNOWN, buttonState=0, metaState=0, flags=0x0, edgeFlags=0x0, pointerCount=1, historySize=0, eventTime=1124735, downTime=1124735, deviceId=0, source=0x1002 }
03-19 16:59:40.981  1750  1750 E HWComposer: getLayerReleaseFence failed for display -1: Invalid display
03-19 16:59:40.981  1750  1750 I chatty  : uid=1000(system) /system/bin/surfaceflinger identical 1 line
03-19 16:59:40.981  1750  1750 E HWComposer: getLayerReleaseFence failed for display -1: Invalid display
03-19 16:59:40.985 17243 17243 I Input   : injectMotionEvent: MotionEvent { action=ACTION_MOVE, actionButton=0, id[0]=0, x[0]=300.0, y[0]=784.0, toolType[0]=TOOL_TYPE_UNKNOWN, buttonState=0, metaState=0, flags=0x0, edgeFlags=0x0, pointerCount=1, historySize=0, eventTime=1124751, downTime=1124751, deviceId=0, source=0x1002 }
03-19 16:59:41.008 17243 17243 I Input   : injectMotionEvent: MotionEvent { action=ACTION_UP, actionButton=0, id[0]=0, x[0]=300.0, y[0]=784.0, toolType[0]=TOOL_TYPE_UNKNOWN, buttonState=0, metaState=0, flags=0x0, edgeFlags=0x0, pointerCount=1, historySize=0, eventTime=1124774, downTime=1124774, deviceId=0, source=0x1002 }
03-19 16:59:41.020  1614  9034 W audio_hw_generic: Not supplying enough data to HAL, expected position 1975848 , only wrote 1975680
03-19 16:59:41.023  1750  1750 E HWComposer: getLayerReleaseFence failed for display -1: Invalid display
03-19 16:59:41.023  1750  1750 I chatty  : uid=1000(system) /system/bin/surfaceflinger identical 1 line
03-19 16:59:41.023  1750  1750 E HWComposer: getLayerReleaseFence failed for display -1: Invalid display
03-19 16:59:41.067  1750  1750 E HWComposer: getLayerReleaseFence failed for display -1: Invalid display
03-19 16:59:41.067  1750  1750 I chatty  : uid=1000(system) /system/bin/surfaceflinger identical 1 line
03-19 16:59:41.067  1750  1750 E HWComposer: getLayerReleaseFence failed for display -1: Invalid display
03-19 16:59:41.580  1750  1750 E HWComposer: getLayerReleaseFence failed for display -1: Invalid display
03-19 16:59:41.580  1750  1750 I chatty  : uid=1000(system) /system/bin/surfaceflinger identical 1 line
03-19 16:59:41.580  1750  1750 E HWComposer: getLayerReleaseFence failed for display -1: Invalid display
03-19 16:59:42.052  1750  1750 E HWComposer: getLayerReleaseFence failed for display -1: Invalid display
03-19 16:59:42.052  1750  1750 I chatty  : uid=1000(system) /system/bin/surfaceflinger identical 1 line
03-19 16:59:42.052  1750  1750 E HWComposer: getLayerReleaseFence failed for display -1: Invalid display
03-19 16:59:42.362  1750  1945 E SurfaceFlinger: ro.sf.lcd_density must be defined as a build property
03-19 16:59:42.567  1750  1750 E HWComposer: getLayerReleaseFence failed for display -1: Invalid display
03-19 16:59:42.567  1750  1750 I chatty  : uid=1000(system) /system/bin/surfaceflinger identical 1 line
03-19 16:59:42.567  1750  1750 E HWComposer: getLayerReleaseFence failed for display -1: Invalid display
03-19 16:59:43.075  1750  1750 E HWComposer: getLayerReleaseFence failed for display -1: Invalid display
03-19 16:59:43.075  1750  1750 I chatty  : uid=1000(system) /system/bin/surfaceflinger identical 1 line
03-19 16:59:43.075  1750  1750 E HWComposer: getLayerReleaseFence failed for display -1: Invalid display
03-19 16:59:43.583  1750  1750 E HWComposer: getLayerReleaseFence failed for display -1: Invalid display
03-19 16:59:43.583  1750  1750 I chatty  : uid=1000(system) /system/bin/surfaceflinger identical 1 line
03-19 16:59:43.583  1750  1750 E HWComposer: getLayerReleaseFence failed for display -1: Invalid display
03-19 16:59:44.079  1750  1750 E HWComposer: getLayerReleaseFence failed for display -1: Invalid display
03-19 16:59:44.079  1750  1750 I chatty  : uid=1000(system) /system/bin/surfaceflinger identical 1 line
03-19 16:59:44.079  1750  1750 E HWComposer: getLayerReleaseFence failed for display -1: Invalid display
03-19 16:59:44.080  1750  1899 E SurfaceFlinger: ro.sf.lcd_density must be defined as a build property
03-19 16:59:44.215  1614  1614 W audio_hw_generic: Not supplying enough data to HAL, expected position 2280338 , only wrote 2129040
03-19 16:59:44.590  1750  1750 E HWComposer: getLayerReleaseFence failed for display -1: Invalid display
03-19 16:59:44.590  1750  1750 I chatty  : uid=1000(system) /system/bin/surfaceflinger identical 1 line
03-19 16:59:44.590  1750  1750 E HWComposer: getLayerReleaseFence failed for display -1: Invalid display
03-19 16:59:45.109  1750  1750 E HWComposer: getLayerReleaseFence failed for display -1: Invalid display
03-19 16:59:45.109  1750  1750 I chatty  : uid=1000(system) /system/bin/surfaceflinger identical 1 line
03-19 16:59:45.109  1750  1750 E HWComposer: getLayerReleaseFence failed for display -1: Invalid display
03-19 16:59:45.610  1750  1750 E HWComposer: getLayerReleaseFence failed for display -1: Invalid display
03-19 16:59:45.610  1750  1750 I chatty  : uid=1000(system) /system/bin/surfaceflinger identical 1 line
03-19 16:59:45.610  1750  1750 E HWComposer: getLayerReleaseFence failed for display -1: Invalid display
03-19 16:59:45.871  1750  1899 E SurfaceFlinger: ro.sf.lcd_density must be defined as a build property
03-19 16:59:46.106  1750  1750 E HWComposer: getLayerReleaseFence failed for display -1: Invalid display
03-19 16:59:46.106  1750  1750 I chatty  : uid=1000(system) /system/bin/surfaceflinger identical 1 line
03-19 16:59:46.106  1750  1750 E HWComposer: getLayerReleaseFence failed for display -1: Invalid display
03-19 16:59:46.577  1750  1750 E HWComposer: getLayerReleaseFence failed for display -1: Invalid display
03-19 16:59:46.577  1750  1750 I chatty  : uid=1000(system) /system/bin/surfaceflinger identical 1 line
03-19 16:59:46.577  1750  1750 E HWComposer: getLayerReleaseFence failed for display -1: Invalid display
03-19 16:59:47.120  1750  1750 E HWComposer: getLayerReleaseFence failed for display -1: Invalid display
03-19 16:59:47.120  1750  1750 I chatty  : uid=1000(system) /system/bin/surfaceflinger identical 1 line
03-19 16:59:47.120  1750  1750 E HWComposer: getLayerReleaseFence failed for display -1: Invalid display
03-19 16:59:47.629  1750  1750 E HWComposer: getLayerReleaseFence failed for display -1: Invalid display
03-19 16:59:47.629  1750  1750 I chatty  : uid=1000(system) /system/bin/surfaceflinger identical 1 line
03-19 16:59:47.629  1750  1750 E HWComposer: getLayerReleaseFence failed for display -1: Invalid display
03-19 16:59:48.116  1750  1750 E HWComposer: getLayerReleaseFence failed for display -1: Invalid display
03-19 16:59:48.116  1750  1750 I chatty  : uid=1000(system) /system/bin/surfaceflinger identical 1 line
03-19 16:59:48.116  1750  1750 E HWComposer: getLayerReleaseFence failed for display -1: Invalid display
03-19 16:59:48.653  8641  8651 W d.process.medi: Suspending all threads took: 77.627ms
03-19 16:59:48.741  1750  1750 E HWComposer: getLayerReleaseFence failed for display -1: Invalid display
03-19 16:59:48.742  1750  1750 I chatty  : uid=1000(system) /system/bin/surfaceflinger identical 1 line
03-19 16:59:48.742  1750  1750 E HWComposer: getLayerReleaseFence failed for display -1: Invalid display
03-19 16:59:49.236  1750  1750 E HWComposer: getLayerReleaseFence failed for display -1: Invalid display
03-19 16:59:49.236  1750  1750 I chatty  : uid=1000(system) /system/bin/surfaceflinger identical 1 line
03-19 16:59:49.236  1750  1750 E HWComposer: getLayerReleaseFence failed for display -1: Invalid display
03-19 16:59:49.330 17643 17643 W app_process: Unexpected CPU variant for X86 using defaults: x86_64
03-19 16:59:49.332 17643 17643 I app_process: The ClassLoaderContext is a special shared library.
03-19 16:59:49.346 17643 17643 W app_process: CheckJNI: method to register "write" not in the given class. This is slow, consider changing your RegisterNatives calls.
03-19 16:59:49.346 17643 17643 I chatty  : uid=2000(shell) main identical 42 lines
03-19 16:59:49.346 17643 17643 W app_process: CheckJNI: method to register "write" not in the given class. This is slow, consider changing your RegisterNatives calls.
03-19 16:59:49.346 17643 17643 W app_process: CheckJNI: method to register "write_non_chained" not in the given class. This is slow, consider changing your RegisterNatives calls.
03-19 16:59:49.346 17643 17643 I chatty  : uid=2000(shell) main identical 7 lines
03-19 16:59:49.346 17643 17643 W app_process: CheckJNI: method to register "write_non_chained" not in the given class. This is slow, consider changing your RegisterNatives calls.
03-19 16:59:49.368 17643 17643 I Input   : injectMotionEvent: MotionEvent { action=ACTION_DOWN, actionButton=0, id[0]=0, x[0]=321.0, y[0]=1048.0, toolType[0]=TOOL_TYPE_UNKNOWN, buttonState=0, metaState=0, flags=0x0, edgeFlags=0x0, pointerCount=1, historySize=0, eventTime=1133129, downTime=1133129, deviceId=0, source=0x1002 }
03-19 16:59:49.372 17643 17643 I Input   : injectMotionEvent: MotionEvent { action=ACTION_MOVE, actionButton=0, id[0]=0, x[0]=321.0, y[0]=1048.0, toolType[0]=TOOL_TYPE_UNKNOWN, buttonState=0, metaState=0, flags=0x0, edgeFlags=0x0, pointerCount=1, historySize=0, eventTime=1133129, downTime=1133129, deviceId=0, source=0x1002 }
03-19 16:59:49.399 17643 17643 I Input   : injectMotionEvent: MotionEvent { action=ACTION_MOVE, actionButton=0, id[0]=0, x[0]=321.0, y[0]=1048.0, toolType[0]=TOOL_TYPE_UNKNOWN, buttonState=0, metaState=0, flags=0x0, edgeFlags=0x0, pointerCount=1, historySize=0, eventTime=1133164, downTime=1133164, deviceId=0, source=0x1002 }
03-19 16:59:49.412 17643 17643 I Input   : injectMotionEvent: MotionEvent { action=ACTION_MOVE, actionButton=0, id[0]=0, x[0]=321.0, y[0]=1048.0, toolType[0]=TOOL_TYPE_UNKNOWN, buttonState=0, metaState=0, flags=0x0, edgeFlags=0x0, pointerCount=1, historySize=0, eventTime=1133177, downTime=1133177, deviceId=0, source=0x1002 }
03-19 16:59:49.423 17643 17643 I Input   : injectMotionEvent: MotionEvent { action=ACTION_MOVE, actionButton=0, id[0]=0, x[0]=321.0, y[0]=1048.0, toolType[0]=TOOL_TYPE_UNKNOWN, buttonState=0, metaState=0, flags=0x0, edgeFlags=0x0, pointerCount=1, historySize=0, eventTime=1133189, downTime=1133189, deviceId=0, source=0x1002 }
03-19 16:59:49.451 17643 17643 I Input   : injectMotionEvent: MotionEvent { action=ACTION_MOVE, actionButton=0, id[0]=0, x[0]=321.0, y[0]=1048.0, toolType[0]=TOOL_TYPE_UNKNOWN, buttonState=0, metaState=0, flags=0x0, edgeFlags=0x0, pointerCount=1, historySize=0, eventTime=1133216, downTime=1133216, deviceId=0, source=0x1002 }
03-19 16:59:49.462 17643 17643 I Input   : injectMotionEvent: MotionEvent { action=ACTION_MOVE, actionButton=0, id[0]=0, x[0]=321.0, y[0]=1048.0, toolType[0]=TOOL_TYPE_UNKNOWN, buttonState=0, metaState=0, flags=0x0, edgeFlags=0x0, pointerCount=1, historySize=0, eventTime=1133228, downTime=1133228, deviceId=0, source=0x1002 }
03-19 16:59:49.476 17643 17643 I Input   : injectMotionEvent: MotionEvent { action=ACTION_MOVE, actionButton=0, id[0]=0, x[0]=321.0, y[0]=1048.0, toolType[0]=TOOL_TYPE_UNKNOWN, buttonState=0, metaState=0, flags=0x0, edgeFlags=0x0, pointerCount=1, historySize=0, eventTime=1133242, downTime=1133242, deviceId=0, source=0x1002 }
03-19 16:59:49.511 17643 17643 I Input   : injectMotionEvent: MotionEvent { action=ACTION_MOVE, actionButton=0, id[0]=0, x[0]=321.0, y[0]=1048.0, toolType[0]=TOOL_TYPE_UNKNOWN, buttonState=0, metaState=0, flags=0x0, edgeFlags=0x0, pointerCount=1, historySize=0, eventTime=1133276, downTime=1133276, deviceId=0, source=0x1002 }
03-19 16:59:49.552 17643 17643 I Input   : injectMotionEvent: MotionEvent { action=ACTION_MOVE, actionButton=0, id[0]=0, x[0]=321.0, y[0]=1048.0, toolType[0]=TOOL_TYPE_UNKNOWN, buttonState=0, metaState=0, flags=0x0, edgeFlags=0x0, pointerCount=1, historySize=0, eventTime=1133314, downTime=1133314, deviceId=0, source=0x1002 }
03-19 16:59:49.559  1750  1750 E HWComposer: getLayerReleaseFence failed for display -1: Invalid display
03-19 16:59:49.559  1750  1750 I chatty  : uid=1000(system) /system/bin/surfaceflinger identical 1 line
03-19 16:59:49.559  1750  1750 E HWComposer: getLayerReleaseFence failed for display -1: Invalid display
03-19 16:59:49.577 17643 17643 I Input   : injectMotionEvent: MotionEvent { action=ACTION_UP, actionButton=0, id[0]=0, x[0]=321.0, y[0]=1048.0, toolType[0]=TOOL_TYPE_UNKNOWN, buttonState=0, metaState=0, flags=0x0, edgeFlags=0x0, pointerCount=1, historySize=0, eventTime=1133343, downTime=1133343, deviceId=0, source=0x1002 }
03-19 16:59:49.586  1614  9034 W audio_hw_generic: Not supplying enough data to HAL, expected position 2129099 , only wrote 2129040
03-19 16:59:49.671  1750  1750 E HWComposer: getLayerReleaseFence failed for display -1: Invalid display
03-19 16:59:49.671  1750  1750 I chatty  : uid=1000(system) /system/bin/surfaceflinger identical 1 line
03-19 16:59:49.671  1750  1750 E HWComposer: getLayerReleaseFence failed for display -1: Invalid display
03-19 16:59:49.753  1750  1750 E HWComposer: getLayerReleaseFence failed for display -1: Invalid display
03-19 16:59:49.753  1750  1750 I chatty  : uid=1000(system) /system/bin/surfaceflinger identical 1 line
03-19 16:59:49.753  1750  1750 E HWComposer: getLayerReleaseFence failed for display -1: Invalid display
03-19 16:59:50.261  1750  1750 E HWComposer: getLayerReleaseFence failed for display -1: Invalid display
03-19 16:59:50.261  1750  1750 I chatty  : uid=1000(system) /system/bin/surfaceflinger identical 1 line
03-19 16:59:50.261  1750  1750 E HWComposer: getLayerReleaseFence failed for display -1: Invalid display
03-19 16:59:50.758  1750  1750 E HWComposer: getLayerReleaseFence failed for display -1: Invalid display
03-19 16:59:50.759  1750  1750 I chatty  : uid=1000(system) /system/bin/surfaceflinger identical 1 line
03-19 16:59:50.759  1750  1750 E HWComposer: getLayerReleaseFence failed for display -1: Invalid display
03-19 16:59:51.009  1750  1899 E SurfaceFlinger: ro.sf.lcd_density must be defined as a build property
03-19 16:59:51.294  1750  1750 E HWComposer: getLayerReleaseFence failed for display -1: Invalid display
03-19 16:59:51.295  1750  1750 I chatty  : uid=1000(system) /system/bin/surfaceflinger identical 1 line
03-19 16:59:51.295  1750  1750 E HWComposer: getLayerReleaseFence failed for display -1: Invalid display
03-19 16:59:51.768  1750  1750 E HWComposer: getLayerReleaseFence failed for display -1: Invalid display
03-19 16:59:51.768  1750  1750 I chatty  : uid=1000(system) /system/bin/surfaceflinger identical 1 line
03-19 16:59:51.768  1750  1750 E HWComposer: getLayerReleaseFence failed for display -1: Invalid display
03-19 16:59:52.282  1750  1750 E HWComposer: getLayerReleaseFence failed for display -1: Invalid display
03-19 16:59:52.282  1750  1750 I chatty  : uid=1000(system) /system/bin/surfaceflinger identical 1 line
03-19 16:59:52.282  1750  1750 E HWComposer: getLayerReleaseFence failed for display -1: Invalid display
03-19 16:59:52.729  1750  1899 E SurfaceFlinger: ro.sf.lcd_density must be defined as a build property
03-19 16:59:52.780  1750  1750 E HWComposer: getLayerReleaseFence failed for display -1: Invalid display
03-19 16:59:52.780  1750  1750 I chatty  : uid=1000(system) /system/bin/surfaceflinger identical 1 line
03-19 16:59:52.780  1750  1750 E HWComposer: getLayerReleaseFence failed for display -1: Invalid display
03-19 16:59:52.826  1614  1614 W audio_hw_generic: Not supplying enough data to HAL, expected position 2438086 , only wrote 2284560
03-19 16:59:53.284  1750  1750 E HWComposer: getLayerReleaseFence failed for display -1: Invalid display
03-19 16:59:53.284  1750  1750 I chatty  : uid=1000(system) /system/bin/surfaceflinger identical 1 line
03-19 16:59:53.284  1750  1750 E HWComposer: getLayerReleaseFence failed for display -1: Invalid display
03-19 16:59:53.780  1750  1750 E HWComposer: getLayerReleaseFence failed for display -1: Invalid display
03-19 16:59:53.780  1750  1750 I chatty  : uid=1000(system) /system/bin/surfaceflinger identical 1 line
03-19 16:59:53.780  1750  1750 E HWComposer: getLayerReleaseFence failed for display -1: Invalid display
03-19 16:59:53.808  1918  1931 E memtrack: Couldn't load memtrack module
03-19 16:59:53.808  1918  1931 W android.os.Debug: failed to get memory consumption info: -1
03-19 16:59:54.128  1918  4053 W ActivityManager: Unable to start service Intent { act=com.google.android.gms.photos.autobackup.service.START pkg=com.google.android.gms } U=0: not found
03-19 16:59:54.129  1918  4053 W ActivityManager: Unbind failed: could not find connection for android.os.BinderProxy@59eae7b
03-19 16:59:54.133 13254 13324 W native  : vr_photo_detector.cc:47  Could not read file: /storage/emulated/0/screen_2024-03-20_005952.png
03-19 16:59:54.133 13254 13325 W native  : vr_photo_detector.cc:47  Could not read file: /storage/emulated/0/screen_2024-03-20_005951.png
03-19 16:59:54.156 13254 13324 W native  : vr_photo_detector.cc:47  Could not read file: /storage/emulated/0/screen_2024-03-20_005945.png
03-19 16:59:54.170 13254 13325 W native  : vr_photo_detector.cc:47  Could not read file: /storage/emulated/0/screen_2024-03-20_005944.png
03-19 16:59:54.179 13254 13324 W native  : vr_photo_detector.cc:47  Could not read file: /storage/emulated/0/screen_2024-03-20_005942.png
03-19 16:59:54.191 13254 13325 W native  : vr_photo_detector.cc:47  Could not read file: /storage/emulated/0/screen_2024-03-20_005938.png
03-19 16:59:54.199 13254 13324 W native  : vr_photo_detector.cc:47  Could not read file: /storage/emulated/0/screen_2024-03-20_005937.png
03-19 16:59:54.228 13254 13325 W native  : vr_photo_detector.cc:47  Could not read file: /storage/emulated/0/screen_2024-03-20_005935.png
03-19 16:59:54.239 13254 13324 W native  : vr_photo_detector.cc:47  Could not read file: /storage/emulated/0/screen_2024-03-20_005931.png
03-19 16:59:54.276  1750  1750 E HWComposer: getLayerReleaseFence failed for display -1: Invalid display
03-19 16:59:54.277  1750  1750 I chatty  : uid=1000(system) /system/bin/surfaceflinger identical 1 line
03-19 16:59:54.277  1750  1750 E HWComposer: getLayerReleaseFence failed for display -1: Invalid display
03-19 16:59:54.312 13254 13325 W native  : vr_photo_detector.cc:47  Could not read file: /storage/emulated/0/screen_2024-03-20_005929.png
03-19 16:59:54.327 13254 13324 W native  : vr_photo_detector.cc:47  Could not read file: /storage/emulated/0/screen_2024-03-20_005928.png
03-19 16:59:54.327 13254 13325 W native  : vr_photo_detector.cc:47  Could not read file: /storage/emulated/0/screen_2024-03-20_005924.png
03-19 16:59:54.338 13254 13324 W native  : vr_photo_detector.cc:47  Could not read file: /storage/emulated/0/screen_2024-03-20_005922.png
03-19 16:59:54.348 13254 13325 W native  : vr_photo_detector.cc:47  Could not read file: /storage/emulated/0/screen_2024-03-20_005920.png
03-19 16:59:54.361 13254 13324 W native  : vr_photo_detector.cc:47  Could not read file: /storage/emulated/0/screen_2024-03-20_005915.png
03-19 16:59:54.378 13254 13325 W native  : vr_photo_detector.cc:47  Could not read file: /storage/emulated/0/screen_2024-03-20_005913.png
03-19 16:59:54.383 13254 13324 W native  : vr_photo_detector.cc:47  Could not read file: /storage/emulated/0/screen_2024-03-20_005912.png
03-19 16:59:54.393 13254 13325 W native  : vr_photo_detector.cc:47  Could not read file: /storage/emulated/0/screen_2024-03-20_005906.png
03-19 16:59:54.395 13254 13324 W native  : vr_photo_detector.cc:47  Could not read file: /storage/emulated/0/screen_2024-03-20_005904.png
03-19 16:59:54.404 13254 13325 W native  : vr_photo_detector.cc:47  Could not read file: /storage/emulated/0/screen_2024-03-20_005902.png
03-19 16:59:54.407 13254 13324 W native  : vr_photo_detector.cc:47  Could not read file: /storage/emulated/0/screen_2024-03-20_005859.png
03-19 16:59:54.412 13254 13325 W native  : vr_photo_detector.cc:47  Could not read file: /storage/emulated/0/screen_2024-03-20_005858.png
03-19 16:59:54.418 13254 13324 W native  : vr_photo_detector.cc:47  Could not read file: /storage/emulated/0/screen_2024-03-20_005856.png
03-19 16:59:54.424 13254 13325 W native  : vr_photo_detector.cc:47  Could not read file: /storage/emulated/0/screen_2024-03-20_005853.png
03-19 16:59:54.427 13254 13324 W native  : vr_photo_detector.cc:47  Could not read file: /storage/emulated/0/screen_2024-03-20_005852.png
03-19 16:59:54.453 13254 13325 W native  : vr_photo_detector.cc:47  Could not read file: /storage/emulated/0/screen_2024-03-20_005850.png
03-19 16:59:54.460 13254 13324 W native  : vr_photo_detector.cc:47  Could not read file: /storage/emulated/0/screen_2024-03-20_005847.png
03-19 16:59:54.467 13254 13325 W native  : vr_photo_detector.cc:47  Could not read file: /storage/emulated/0/screen_2024-03-20_005844.png
03-19 16:59:54.487 13254 13324 W native  : vr_photo_detector.cc:47  Could not read file: /storage/emulated/0/screen_2024-03-20_005843.png
03-19 16:59:54.496 13254 13325 W native  : vr_photo_detector.cc:47  Could not read file: /storage/emulated/0/screen_2024-03-20_005840.png
03-19 16:59:54.505 13254 13324 W native  : vr_photo_detector.cc:47  Could not read file: /storage/emulated/0/screen_2024-03-20_005838.png
03-19 16:59:54.510 13254 13325 W native  : vr_photo_detector.cc:47  Could not read file: /storage/emulated/0/screen_2024-03-20_005836.png
03-19 16:59:54.515 13254 13324 W native  : vr_photo_detector.cc:47  Could not read file: /storage/emulated/0/screen_2024-03-20_005830.png
03-19 16:59:54.526 13254 13325 W native  : vr_photo_detector.cc:47  Could not read file: /storage/emulated/0/screen_2024-03-20_005822.png
03-19 16:59:54.531 13254 13324 W native  : vr_photo_detector.cc:47  Could not read file: /storage/emulated/0/screen_2024-03-20_005820.png
03-19 16:59:54.540 13254 13325 W native  : vr_photo_detector.cc:47  Could not read file: /storage/emulated/0/screen_2024-03-20_005816.png
03-19 16:59:54.545 13254 13324 W native  : vr_photo_detector.cc:47  Could not read file: /storage/emulated/0/screen_2024-03-20_005814.png
03-19 16:59:54.550 13254 13325 W native  : vr_photo_detector.cc:47  Could not read file: /storage/emulated/0/screen_2024-03-20_005813.png
03-19 16:59:54.555 13254 13324 W native  : vr_photo_detector.cc:47  Could not read file: /storage/emulated/0/screen_2024-03-20_005807.png
03-19 16:59:54.562 13254 13325 W native  : vr_photo_detector.cc:47  Could not read file: /storage/emulated/0/screen_2024-03-20_005804.png
03-19 16:59:54.607 13254 13324 W native  : vr_photo_detector.cc:47  Could not read file: /storage/emulated/0/screen_2024-03-20_005620.png
03-19 16:59:54.607 13254 13325 W native  : vr_photo_detector.cc:47  Could not read file: /storage/emulated/0/screen_2024-03-20_005622.png
03-19 16:59:54.617 13254 13324 W native  : vr_photo_detector.cc:47  Could not read file: /storage/emulated/0/screen_2024-03-20_005624.png
03-19 16:59:54.617 13254 13325 W native  : vr_photo_detector.cc:47  Could not read file: /storage/emulated/0/screen_2024-03-20_005625.png
03-19 16:59:54.628 13254 13324 W native  : vr_photo_detector.cc:47  Could not read file: /storage/emulated/0/screen_2024-03-20_005629.png
03-19 16:59:54.629 13254 13325 W native  : vr_photo_detector.cc:47  Could not read file: /storage/emulated/0/screen_2024-03-20_005630.png
03-19 16:59:54.638 13254 13324 W native  : vr_photo_detector.cc:47  Could not read file: /storage/emulated/0/screen_2024-03-20_005634.png
03-19 16:59:54.640 13254 13325 W native  : vr_photo_detector.cc:47  Could not read file: /storage/emulated/0/screen_2024-03-20_005636.png
03-19 16:59:54.647 13254 13324 W native  : vr_photo_detector.cc:47  Could not read file: /storage/emulated/0/screen_2024-03-20_005637.png
03-19 16:59:54.648 13254 13325 W native  : vr_photo_detector.cc:47  Could not read file: /storage/emulated/0/screen_2024-03-20_005641.png
03-19 16:59:54.655 13254 13324 W native  : vr_photo_detector.cc:47  Could not read file: /storage/emulated/0/screen_2024-03-20_005643.png
03-19 16:59:54.658 13254 13325 W native  : vr_photo_detector.cc:47  Could not read file: /storage/emulated/0/screen_2024-03-20_005644.png
03-19 16:59:54.678 13254 13324 W native  : vr_photo_detector.cc:47  Could not read file: /storage/emulated/0/screen_2024-03-20_005648.png
03-19 16:59:54.683 13254 13325 W native  : vr_photo_detector.cc:47  Could not read file: /storage/emulated/0/screen_2024-03-20_005650.png
03-19 16:59:54.691 13254 13324 W native  : vr_photo_detector.cc:47  Could not read file: /storage/emulated/0/screen_2024-03-20_005652.png
03-19 16:59:54.704 13254 13325 W native  : vr_photo_detector.cc:47  Could not read file: /storage/emulated/0/screen_2024-03-20_005655.png
03-19 16:59:54.713 13254 13324 W native  : vr_photo_detector.cc:47  Could not read file: /storage/emulated/0/screen_2024-03-20_005657.png
03-19 16:59:54.719 13254 13325 W native  : vr_photo_detector.cc:47  Could not read file: /storage/emulated/0/screen_2024-03-20_005659.png
03-19 16:59:54.721  1750  1899 E SurfaceFlinger: ro.sf.lcd_density must be defined as a build property
03-19 16:59:54.779 13254 13324 W native  : vr_photo_detector.cc:47  Could not read file: /storage/emulated/0/screen_2024-03-20_005703.png
03-19 16:59:54.812 13254 13325 W native  : vr_photo_detector.cc:47  Could not read file: /storage/emulated/0/screen_2024-03-20_005705.png
03-19 16:59:54.823  1750  1750 E HWComposer: getLayerReleaseFence failed for display -1: Invalid display
03-19 16:59:54.823  1750  1750 I chatty  : uid=1000(system) /system/bin/surfaceflinger identical 1 line
03-19 16:59:54.823  1750  1750 E HWComposer: getLayerReleaseFence failed for display -1: Invalid display
03-19 16:59:54.855 13254 13324 W native  : vr_photo_detector.cc:47  Could not read file: /storage/emulated/0/screen_2024-03-20_005708.png
03-19 16:59:54.860 13254 13325 W native  : vr_photo_detector.cc:47  Could not read file: /storage/emulated/0/screen_2024-03-20_005711.png
03-19 16:59:54.868 13254 13324 W native  : vr_photo_detector.cc:47  Could not read file: /storage/emulated/0/screen_2024-03-20_005713.png
03-19 16:59:54.874 13254 13325 W native  : vr_photo_detector.cc:47  Could not read file: /storage/emulated/0/screen_2024-03-20_005715.png
03-19 16:59:54.878 13254 13324 W native  : vr_photo_detector.cc:47  Could not read file: /storage/emulated/0/screen_2024-03-20_005721.png
03-19 16:59:54.885 13254 13325 W native  : vr_photo_detector.cc:47  Could not read file: /storage/emulated/0/screen_2024-03-20_005723.png
03-19 16:59:54.890 13254 13324 W native  : vr_photo_detector.cc:47  Could not read file: /storage/emulated/0/screen_2024-03-20_005725.png
03-19 16:59:54.895 13254 13325 W native  : vr_photo_detector.cc:47  Could not read file: /storage/emulated/0/screen_2024-03-20_005730.png
03-19 16:59:54.901 13254 13324 W native  : vr_photo_detector.cc:47  Could not read file: /storage/emulated/0/screen_2024-03-20_005733.png
03-19 16:59:54.923 13254 13324 W native  : vr_photo_detector.cc:47  Could not read file: /storage/emulated/0/screen_2024-03-20_005735.png
03-19 16:59:54.924 13254 13325 W native  : vr_photo_detector.cc:47  Could not read file: /storage/emulated/0/screen_2024-03-20_005738.png
03-19 16:59:54.939 13254 13324 W native  : vr_photo_detector.cc:47  Could not read file: /storage/emulated/0/screen_2024-03-20_005740.png
03-19 16:59:54.942 13254 13325 W native  : vr_photo_detector.cc:47  Could not read file: /storage/emulated/0/screen_2024-03-20_005742.png
03-19 16:59:54.952 13254 13324 W native  : vr_photo_detector.cc:47  Could not read file: /storage/emulated/0/screen_2024-03-20_005746.png
03-19 16:59:54.954 13254 13325 W native  : vr_photo_detector.cc:47  Could not read file: /storage/emulated/0/screen_2024-03-20_005748.png
03-19 16:59:54.966 13254 13324 W native  : vr_photo_detector.cc:47  Could not read file: /storage/emulated/0/screen_2024-03-20_005750.png
03-19 16:59:54.968 13254 13325 W native  : vr_photo_detector.cc:47  Could not read file: /storage/emulated/0/screen_2024-03-20_005754.png
03-19 16:59:54.978 13254 13324 W native  : vr_photo_detector.cc:47  Could not read file: /storage/emulated/0/screen_2024-03-20_005756.png
03-19 16:59:54.982 13254 13325 W native  : vr_photo_detector.cc:47  Could not read file: /storage/emulated/0/screen_2024-03-20_005758.png
03-19 16:59:54.989 13254 13324 W native  : vr_photo_detector.cc:47  Could not read file: /storage/emulated/0/screen_2024-03-20_005802.png
03-19 16:59:54.991 13254 13325 W native  : vr_photo_detector.cc:47  Could not read file: /storage/emulated/0/screen_2024-03-20_005804.png
03-19 16:59:55.000 13254 13324 W native  : vr_photo_detector.cc:47  Could not read file: /storage/emulated/0/screen_2024-03-20_005807.png
03-19 16:59:55.003 13254 13325 W native  : vr_photo_detector.cc:47  Could not read file: /storage/emulated/0/screen_2024-03-20_005813.png
03-19 16:59:55.044 13254 13324 W native  : vr_photo_detector.cc:47  Could not read file: /storage/emulated/0/screen_2024-03-20_005814.png
03-19 16:59:55.046 13254 13325 W native  : vr_photo_detector.cc:47  Could not read file: /storage/emulated/0/screen_2024-03-20_005816.png
03-19 16:59:55.056 13254 13324 W native  : vr_photo_detector.cc:47  Could not read file: /storage/emulated/0/screen_2024-03-20_005820.png
03-19 16:59:55.061 13254 13325 W native  : vr_photo_detector.cc:47  Could not read file: /storage/emulated/0/screen_2024-03-20_005822.png
03-19 16:59:55.072 13254 13324 W native  : vr_photo_detector.cc:47  Could not read file: /storage/emulated/0/screen_2024-03-20_005830.png
03-19 16:59:55.076 13254 13325 W native  : vr_photo_detector.cc:47  Could not read file: /storage/emulated/0/screen_2024-03-20_005836.png
03-19 16:59:55.086 13254 13324 W native  : vr_photo_detector.cc:47  Could not read file: /storage/emulated/0/screen_2024-03-20_005838.png
03-19 16:59:55.089 13254 13325 W native  : vr_photo_detector.cc:47  Could not read file: /storage/emulated/0/screen_2024-03-20_005840.png
03-19 16:59:55.097 13254 13324 W native  : vr_photo_detector.cc:47  Could not read file: /storage/emulated/0/screen_2024-03-20_005843.png
03-19 16:59:55.099 13254 13325 W native  : vr_photo_detector.cc:47  Could not read file: /storage/emulated/0/screen_2024-03-20_005844.png
03-19 16:59:55.110 13254 13324 W native  : vr_photo_detector.cc:47  Could not read file: /storage/emulated/0/screen_2024-03-20_005847.png
03-19 16:59:55.119 13254 13325 W native  : vr_photo_detector.cc:47  Could not read file: /storage/emulated/0/screen_2024-03-20_005850.png
03-19 16:59:55.130 13254 13324 W native  : vr_photo_detector.cc:47  Could not read file: /storage/emulated/0/screen_2024-03-20_005852.png
03-19 16:59:55.132 13254 13325 W native  : vr_photo_detector.cc:47  Could not read file: /storage/emulated/0/screen_2024-03-20_005853.png
03-19 16:59:55.139 13254 13324 W native  : vr_photo_detector.cc:47  Could not read file: /storage/emulated/0/screen_2024-03-20_005856.png
03-19 16:59:55.142 13254 13325 W native  : vr_photo_detector.cc:47  Could not read file: /storage/emulated/0/screen_2024-03-20_005858.png
03-19 16:59:55.149 13254 13324 W native  : vr_photo_detector.cc:47  Could not read file: /storage/emulated/0/screen_2024-03-20_005859.png
03-19 16:59:55.152 13254 13325 W native  : vr_photo_detector.cc:47  Could not read file: /storage/emulated/0/screen_2024-03-20_005902.png
03-19 16:59:55.158 13254 13324 W native  : vr_photo_detector.cc:47  Could not read file: /storage/emulated/0/screen_2024-03-20_005904.png
03-19 16:59:55.163 13254 13325 W native  : vr_photo_detector.cc:47  Could not read file: /storage/emulated/0/screen_2024-03-20_005906.png
03-19 16:59:55.168 13254 13324 W native  : vr_photo_detector.cc:47  Could not read file: /storage/emulated/0/screen_2024-03-20_005912.png
03-19 16:59:55.172 13254 13325 W native  : vr_photo_detector.cc:47  Could not read file: /storage/emulated/0/screen_2024-03-20_005913.png
03-19 16:59:55.178 13254 13324 W native  : vr_photo_detector.cc:47  Could not read file: /storage/emulated/0/screen_2024-03-20_005915.png
03-19 16:59:55.187 13254 13325 W native  : vr_photo_detector.cc:47  Could not read file: /storage/emulated/0/screen_2024-03-20_005920.png
03-19 16:59:55.187 13254 13324 W native  : vr_photo_detector.cc:47  Could not read file: /storage/emulated/0/screen_2024-03-20_005922.png
03-19 16:59:55.197 13254 13325 W native  : vr_photo_detector.cc:47  Could not read file: /storage/emulated/0/screen_2024-03-20_005924.png
03-19 16:59:55.199 13254 13324 W native  : vr_photo_detector.cc:47  Could not read file: /storage/emulated/0/screen_2024-03-20_005928.png
03-19 16:59:55.208 13254 13325 W native  : vr_photo_detector.cc:47  Could not read file: /storage/emulated/0/screen_2024-03-20_005929.png
03-19 16:59:55.210 13254 13324 W native  : vr_photo_detector.cc:47  Could not read file: /storage/emulated/0/screen_2024-03-20_005931.png
03-19 16:59:55.234 13254 13325 W native  : vr_photo_detector.cc:47  Could not read file: /storage/emulated/0/screen_2024-03-20_005935.png
03-19 16:59:55.239 13254 13324 W native  : vr_photo_detector.cc:47  Could not read file: /storage/emulated/0/screen_2024-03-20_005937.png
03-19 16:59:55.265 13254 13325 W native  : vr_photo_detector.cc:47  Could not read file: /storage/emulated/0/screen_2024-03-20_005938.png
03-19 16:59:55.274  1750  1750 E HWComposer: getLayerReleaseFence failed for display -1: Invalid display
03-19 16:59:55.274  1750  1750 I chatty  : uid=1000(system) /system/bin/surfaceflinger identical 1 line
03-19 16:59:55.274  1750  1750 E HWComposer: getLayerReleaseFence failed for display -1: Invalid display
03-19 16:59:55.309 13254 13324 W native  : vr_photo_detector.cc:47  Could not read file: /storage/emulated/0/screen_2024-03-20_005942.png
03-19 16:59:55.314 13254 13325 W native  : vr_photo_detector.cc:47  Could not read file: /storage/emulated/0/screen_2024-03-20_005944.png
03-19 16:59:55.325 13254 13324 W native  : vr_photo_detector.cc:47  Could not read file: /storage/emulated/0/screen_2024-03-20_005945.png
03-19 16:59:55.329 13254 13325 W native  : vr_photo_detector.cc:47  Could not read file: /storage/emulated/0/screen_2024-03-20_005951.png
03-19 16:59:55.352 13254 13324 W native  : vr_photo_detector.cc:47  Could not read file: /storage/emulated/0/screen_2024-03-20_005952.png
03-19 16:59:55.814  1750  1750 E HWComposer: getLayerReleaseFence failed for display -1: Invalid display
03-19 16:59:55.814  1750  1750 I chatty  : uid=1000(system) /system/bin/surfaceflinger identical 1 line
03-19 16:59:55.814  1750  1750 E HWComposer: getLayerReleaseFence failed for display -1: Invalid display
03-19 16:59:56.274  1750  1750 E HWComposer: getLayerReleaseFence failed for display -1: Invalid display
03-19 16:59:56.275  1750  1750 I chatty  : uid=1000(system) /system/bin/surfaceflinger identical 1 line
03-19 16:59:56.275  1750  1750 E HWComposer: getLayerReleaseFence failed for display -1: Invalid display
03-19 16:59:56.795  1750  1750 E HWComposer: getLayerReleaseFence failed for display -1: Invalid display
03-19 16:59:56.795  1750  1750 I chatty  : uid=1000(system) /system/bin/surfaceflinger identical 1 line
03-19 16:59:56.795  1750  1750 E HWComposer: getLayerReleaseFence failed for display -1: Invalid display
03-19 16:59:57.034 18037 18037 W app_process: Unexpected CPU variant for X86 using defaults: x86_64
03-19 16:59:57.035 18037 18037 I app_process: The ClassLoaderContext is a special shared library.
03-19 16:59:57.041 18037 18037 W app_process: CheckJNI: method to register "write" not in the given class. This is slow, consider changing your RegisterNatives calls.
03-19 16:59:57.041 18037 18037 I chatty  : uid=2000(shell) main identical 42 lines
03-19 16:59:57.041 18037 18037 W app_process: CheckJNI: method to register "write" not in the given class. This is slow, consider changing your RegisterNatives calls.
03-19 16:59:57.041 18037 18037 W app_process: CheckJNI: method to register "write_non_chained" not in the given class. This is slow, consider changing your RegisterNatives calls.
03-19 16:59:57.041 18037 18037 I chatty  : uid=2000(shell) main identical 7 lines
03-19 16:59:57.041 18037 18037 W app_process: CheckJNI: method to register "write_non_chained" not in the given class. This is slow, consider changing your RegisterNatives calls.
03-19 16:59:57.060 18037 18037 I Input   : injectMotionEvent: MotionEvent { action=ACTION_DOWN, actionButton=0, id[0]=0, x[0]=300.0, y[0]=784.0, toolType[0]=TOOL_TYPE_UNKNOWN, buttonState=0, metaState=0, flags=0x0, edgeFlags=0x0, pointerCount=1, historySize=0, eventTime=1140822, downTime=1140822, deviceId=0, source=0x1002 }
03-19 16:59:57.065 18037 18037 I Input   : injectMotionEvent: MotionEvent { action=ACTION_MOVE, actionButton=0, id[0]=0, x[0]=300.0, y[0]=784.0, toolType[0]=TOOL_TYPE_UNKNOWN, buttonState=0, metaState=0, flags=0x0, edgeFlags=0x0, pointerCount=1, historySize=0, eventTime=1140822, downTime=1140822, deviceId=0, source=0x1002 }
03-19 16:59:57.085 18037 18037 I Input   : injectMotionEvent: MotionEvent { action=ACTION_MOVE, actionButton=0, id[0]=0, x[0]=300.0, y[0]=784.0, toolType[0]=TOOL_TYPE_UNKNOWN, buttonState=0, metaState=0, flags=0x0, edgeFlags=0x0, pointerCount=1, historySize=0, eventTime=1140851, downTime=1140851, deviceId=0, source=0x1002 }
03-19 16:59:57.105 18037 18037 I Input   : injectMotionEvent: MotionEvent { action=ACTION_MOVE, actionButton=0, id[0]=0, x[0]=300.0, y[0]=784.0, toolType[0]=TOOL_TYPE_UNKNOWN, buttonState=0, metaState=0, flags=0x0, edgeFlags=0x0, pointerCount=1, historySize=0, eventTime=1140871, downTime=1140871, deviceId=0, source=0x1002 }
03-19 16:59:57.120 18037 18037 I Input   : injectMotionEvent: MotionEvent { action=ACTION_MOVE, actionButton=0, id[0]=0, x[0]=300.0, y[0]=784.0, toolType[0]=TOOL_TYPE_UNKNOWN, buttonState=0, metaState=0, flags=0x0, edgeFlags=0x0, pointerCount=1, historySize=0, eventTime=1140885, downTime=1140885, deviceId=0, source=0x1002 }
03-19 16:59:57.137 18037 18037 I Input   : injectMotionEvent: MotionEvent { action=ACTION_MOVE, actionButton=0, id[0]=0, x[0]=300.0, y[0]=784.0, toolType[0]=TOOL_TYPE_UNKNOWN, buttonState=0, metaState=0, flags=0x0, edgeFlags=0x0, pointerCount=1, historySize=0, eventTime=1140903, downTime=1140903, deviceId=0, source=0x1002 }
03-19 16:59:57.154 18037 18037 I Input   : injectMotionEvent: MotionEvent { action=ACTION_MOVE, actionButton=0, id[0]=0, x[0]=300.0, y[0]=784.0, toolType[0]=TOOL_TYPE_UNKNOWN, buttonState=0, metaState=0, flags=0x0, edgeFlags=0x0, pointerCount=1, historySize=0, eventTime=1140920, downTime=1140920, deviceId=0, source=0x1002 }
03-19 16:59:57.171 18037 18037 I Input   : injectMotionEvent: MotionEvent { action=ACTION_MOVE, actionButton=0, id[0]=0, x[0]=300.0, y[0]=784.0, toolType[0]=TOOL_TYPE_UNKNOWN, buttonState=0, metaState=0, flags=0x0, edgeFlags=0x0, pointerCount=1, historySize=0, eventTime=1140937, downTime=1140937, deviceId=0, source=0x1002 }
03-19 16:59:57.208 18037 18037 I Input   : injectMotionEvent: MotionEvent { action=ACTION_MOVE, actionButton=0, id[0]=0, x[0]=300.0, y[0]=784.0, toolType[0]=TOOL_TYPE_UNKNOWN, buttonState=0, metaState=0, flags=0x0, edgeFlags=0x0, pointerCount=1, historySize=0, eventTime=1140973, downTime=1140973, deviceId=0, source=0x1002 }
03-19 16:59:57.221  1750  1750 E HWComposer: getLayerReleaseFence failed for display -1: Invalid display
03-19 16:59:57.221  1750  1750 I chatty  : uid=1000(system) /system/bin/surfaceflinger identical 1 line
03-19 16:59:57.221  1750  1750 E HWComposer: getLayerReleaseFence failed for display -1: Invalid display
03-19 16:59:57.223 18037 18037 I Input   : injectMotionEvent: MotionEvent { action=ACTION_MOVE, actionButton=0, id[0]=0, x[0]=300.0, y[0]=784.0, toolType[0]=TOOL_TYPE_UNKNOWN, buttonState=0, metaState=0, flags=0x0, edgeFlags=0x0, pointerCount=1, historySize=0, eventTime=1140989, downTime=1140989, deviceId=0, source=0x1002 }
03-19 16:59:57.245 18037 18037 I Input   : injectMotionEvent: MotionEvent { action=ACTION_MOVE, actionButton=0, id[0]=0, x[0]=300.0, y[0]=784.0, toolType[0]=TOOL_TYPE_UNKNOWN, buttonState=0, metaState=0, flags=0x0, edgeFlags=0x0, pointerCount=1, historySize=0, eventTime=1141010, downTime=1141010, deviceId=0, source=0x1002 }
03-19 16:59:57.259 18037 18037 I Input   : injectMotionEvent: MotionEvent { action=ACTION_UP, actionButton=0, id[0]=0, x[0]=300.0, y[0]=784.0, toolType[0]=TOOL_TYPE_UNKNOWN, buttonState=0, metaState=0, flags=0x0, edgeFlags=0x0, pointerCount=1, historySize=0, eventTime=1141025, downTime=1141025, deviceId=0, source=0x1002 }
03-19 16:59:57.296  1614  9034 W audio_hw_generic: Not supplying enough data to HAL, expected position 2284771 , only wrote 2284560
03-19 16:59:57.299  1750  1750 E HWComposer: getLayerReleaseFence failed for display -1: Invalid display
03-19 16:59:57.299  1750  1750 I chatty  : uid=1000(system) /system/bin/surfaceflinger identical 1 line
03-19 16:59:57.299  1750  1750 E HWComposer: getLayerReleaseFence failed for display -1: Invalid display
03-19 16:59:57.366  1750  1750 E HWComposer: getLayerReleaseFence failed for display -1: Invalid display
03-19 16:59:57.366  1750  1750 I chatty  : uid=1000(system) /system/bin/surfaceflinger identical 1 line
03-19 16:59:57.366  1750  1750 E HWComposer: getLayerReleaseFence failed for display -1: Invalid display
03-19 16:59:57.777  1750  1750 E HWComposer: getLayerReleaseFence failed for display -1: Invalid display
03-19 16:59:57.778  1750  1750 I chatty  : uid=1000(system) /system/bin/surfaceflinger identical 1 line
03-19 16:59:57.778  1750  1750 E HWComposer: getLayerReleaseFence failed for display -1: Invalid display
03-19 16:59:58.291  1750  1750 E HWComposer: getLayerReleaseFence failed for display -1: Invalid display
03-19 16:59:58.291  1750  1750 I chatty  : uid=1000(system) /system/bin/surfaceflinger identical 1 line
03-19 16:59:58.291  1750  1750 E HWComposer: getLayerReleaseFence failed for display -1: Invalid display
03-19 16:59:58.776  1750  1899 E SurfaceFlinger: ro.sf.lcd_density must be defined as a build property
03-19 16:59:58.867  1750  1750 E HWComposer: getLayerReleaseFence failed for display -1: Invalid display
03-19 16:59:58.867  1750  1750 I chatty  : uid=1000(system) /system/bin/surfaceflinger identical 1 line
03-19 16:59:58.867  1750  1750 E HWComposer: getLayerReleaseFence failed for display -1: Invalid display
03-19 16:59:59.293  1750  1750 E HWComposer: getLayerReleaseFence failed for display -1: Invalid display
03-19 16:59:59.293  1750  1750 I chatty  : uid=1000(system) /system/bin/surfaceflinger identical 1 line
03-19 16:59:59.293  1750  1750 E HWComposer: getLayerReleaseFence failed for display -1: Invalid display
03-19 16:59:59.798  1750  1750 E HWComposer: getLayerReleaseFence failed for display -1: Invalid display
03-19 16:59:59.799  1750  1750 I chatty  : uid=1000(system) /system/bin/surfaceflinger identical 1 line
03-19 16:59:59.799  1750  1750 E HWComposer: getLayerReleaseFence failed for display -1: Invalid display
03-19 17:00:00.091  1750  1750 E HWComposer: getLayerReleaseFence failed for display -1: Invalid display
03-19 17:00:00.091  1750  1750 I chatty  : uid=1000(system) /system/bin/surfaceflinger identical 1 line
03-19 17:00:00.091  1750  1750 E HWComposer: getLayerReleaseFence failed for display -1: Invalid display
03-19 17:00:00.124  1750  1750 E HWComposer: getLayerReleaseFence failed for display -1: Invalid display
03-19 17:00:00.124  1750  1750 I chatty  : uid=1000(system) /system/bin/surfaceflinger identical 1 line
03-19 17:00:00.124  1750  1750 E HWComposer: getLayerReleaseFence failed for display -1: Invalid display
03-19 17:00:00.192  1750  1750 E HWComposer: getLayerReleaseFence failed for display -1: Invalid display
03-19 17:00:00.192  1750  1750 I chatty  : uid=1000(system) /system/bin/surfaceflinger identical 1 line
03-19 17:00:00.192  1750  1750 E HWComposer: getLayerReleaseFence failed for display -1: Invalid display
03-19 17:00:00.314  1750  1750 E HWComposer: getLayerReleaseFence failed for display -1: Invalid display
03-19 17:00:00.314  1750  1750 I chatty  : uid=1000(system) /system/bin/surfaceflinger identical 1 line
03-19 17:00:00.314  1750  1750 E HWComposer: getLayerReleaseFence failed for display -1: Invalid display
03-19 17:00:00.506  1614  1614 W audio_hw_generic: Not supplying enough data to HAL, expected position 2590679 , only wrote 2438640
03-19 17:00:00.631  1750  1899 E SurfaceFlinger: ro.sf.lcd_density must be defined as a build property
03-19 17:00:00.812  1750  1750 E HWComposer: getLayerReleaseFence failed for display -1: Invalid display
03-19 17:00:00.812  1750  1750 I chatty  : uid=1000(system) /system/bin/surfaceflinger identical 1 line
03-19 17:00:00.812  1750  1750 E HWComposer: getLayerReleaseFence failed for display -1: Invalid display
03-19 17:00:01.291  1750  1750 E HWComposer: getLayerReleaseFence failed for display -1: Invalid display
03-19 17:00:01.291  1750  1750 I chatty  : uid=1000(system) /system/bin/surfaceflinger identical 1 line
03-19 17:00:01.291  1750  1750 E HWComposer: getLayerReleaseFence failed for display -1: Invalid display
03-19 17:00:01.796  1750  1750 E HWComposer: getLayerReleaseFence failed for display -1: Invalid display
03-19 17:00:01.796  1750  1750 I chatty  : uid=1000(system) /system/bin/surfaceflinger identical 1 line
03-19 17:00:01.796  1750  1750 E HWComposer: getLayerReleaseFence failed for display -1: Invalid display
03-19 17:00:02.234  1750  1899 E SurfaceFlinger: ro.sf.lcd_density must be defined as a build property
03-19 17:00:02.321  1750  1750 E HWComposer: getLayerReleaseFence failed for display -1: Invalid display
03-19 17:00:02.321  1750  1750 I chatty  : uid=1000(system) /system/bin/surfaceflinger identical 1 line
03-19 17:00:02.321  1750  1750 E HWComposer: getLayerReleaseFence failed for display -1: Invalid display
03-19 17:00:02.812  1750  1750 E HWComposer: getLayerReleaseFence failed for display -1: Invalid display
03-19 17:00:02.812  1750  1750 I chatty  : uid=1000(system) /system/bin/surfaceflinger identical 1 line
03-19 17:00:02.812  1750  1750 E HWComposer: getLayerReleaseFence failed for display -1: Invalid display
03-19 17:00:03.300  1750  1750 E HWComposer: getLayerReleaseFence failed for display -1: Invalid display
03-19 17:00:03.300  1750  1750 I chatty  : uid=1000(system) /system/bin/surfaceflinger identical 1 line
03-19 17:00:03.300  1750  1750 E HWComposer: getLayerReleaseFence failed for display -1: Invalid display
03-19 17:00:03.809  1750  1750 E HWComposer: getLayerReleaseFence failed for display -1: Invalid display
03-19 17:00:03.809  1750  1750 I chatty  : uid=1000(system) /system/bin/surfaceflinger identical 1 line
03-19 17:00:03.809  1750  1750 E HWComposer: getLayerReleaseFence failed for display -1: Invalid display
03-19 17:00:04.198 18414 18414 W app_process: Unexpected CPU variant for X86 using defaults: x86_64
03-19 17:00:04.199 18414 18414 I app_process: The ClassLoaderContext is a special shared library.
03-19 17:00:04.213 18414 18414 W app_process: CheckJNI: method to register "write" not in the given class. This is slow, consider changing your RegisterNatives calls.
03-19 17:00:04.213 18414 18414 I chatty  : uid=2000(shell) main identical 42 lines
03-19 17:00:04.213 18414 18414 W app_process: CheckJNI: method to register "write" not in the given class. This is slow, consider changing your RegisterNatives calls.
03-19 17:00:04.213 18414 18414 W app_process: CheckJNI: method to register "write_non_chained" not in the given class. This is slow, consider changing your RegisterNatives calls.
03-19 17:00:04.213 18414 18414 I chatty  : uid=2000(shell) main identical 7 lines
03-19 17:00:04.213 18414 18414 W app_process: CheckJNI: method to register "write_non_chained" not in the given class. This is slow, consider changing your RegisterNatives calls.
03-19 17:00:04.228 18414 18414 I Input   : injectMotionEvent: MotionEvent { action=ACTION_DOWN, actionButton=0, id[0]=0, x[0]=540.0, y[0]=1243.0, toolType[0]=TOOL_TYPE_UNKNOWN, buttonState=0, metaState=0, flags=0x0, edgeFlags=0x0, pointerCount=1, historySize=0, eventTime=1147990, downTime=1147990, deviceId=0, source=0x1002 }
03-19 17:00:04.231 18414 18414 I Input   : injectMotionEvent: MotionEvent { action=ACTION_MOVE, actionButton=0, id[0]=0, x[0]=540.0, y[0]=1243.0, toolType[0]=TOOL_TYPE_UNKNOWN, buttonState=0, metaState=0, flags=0x0, edgeFlags=0x0, pointerCount=1, historySize=0, eventTime=1147990, downTime=1147990, deviceId=0, source=0x1002 }
03-19 17:00:04.247 18414 18414 I Input   : injectMotionEvent: MotionEvent { action=ACTION_MOVE, actionButton=0, id[0]=0, x[0]=540.0, y[0]=1243.0, toolType[0]=TOOL_TYPE_UNKNOWN, buttonState=0, metaState=0, flags=0x0, edgeFlags=0x0, pointerCount=1, historySize=0, eventTime=1148013, downTime=1148013, deviceId=0, source=0x1002 }
